PASS LED_INDICATOR EASY 0 tsj-alpha/3/EASY/LED_INDICATOR/-1539528974365025373 0.54
PASS LED_INDICATOR EASY 1 tsj-alpha/3/EASY/LED_INDICATOR/-2445454921459973927 0.17
PASS LED_INDICATOR EASY 2 tsj-alpha/3/EASY/LED_INDICATOR/2447428564378961894 0.31
PASS DIODE_PROTECTED_INDICATOR EASY 0 tsj-alpha/3/EASY/DIODE_PROTECTED_INDICATOR/4040937262912446060 0.16
PASS DIODE_PROTECTED_INDICATOR EASY 1 tsj-alpha/3/EASY/DIODE_PROTECTED_INDICATOR/-8195821268019605810 0.16
PASS DIODE_PROTECTED_INDICATOR EASY 2 tsj-alpha/3/EASY/DIODE_PROTECTED_INDICATOR/6976697535195292127 0.16
PASS PARALLEL_DUAL_INDICATOR EASY 0 tsj-alpha/3/EASY/PARALLEL_DUAL_INDICATOR/2880002760438013171 0.67
PASS PARALLEL_DUAL_INDICATOR EASY 1 tsj-alpha/3/EASY/PARALLEL_DUAL_INDICATOR/-2886497990001624503 0.72
PASS PARALLEL_DUAL_INDICATOR EASY 2 tsj-alpha/3/EASY/PARALLEL_DUAL_INDICATOR/-5201489055414383373 0.7
PASS RC_DELAY EASY 0 tsj-alpha/3/EASY/RC_DELAY/5279396537369533576 28.64
PASS RC_DELAY EASY 1 tsj-alpha/3/EASY/RC_DELAY/7722838373369498585 29.8
PASS RC_DELAY EASY 2 tsj-alpha/3/EASY/RC_DELAY/8078419423420913125 29.58
PASS NPN_LOW_SIDE_SWITCH EASY 0 tsj-alpha/3/EASY/NPN_LOW_SIDE_SWITCH/7617589892221093704 0.71
PASS NPN_LOW_SIDE_SWITCH EASY 1 tsj-alpha/3/EASY/NPN_LOW_SIDE_SWITCH/-4454958121311979659 0.93
PASS NPN_LOW_SIDE_SWITCH EASY 2 tsj-alpha/3/EASY/NPN_LOW_SIDE_SWITCH/3384118588311926062 0.8
PASS NMOS_LOW_SIDE_SWITCH EASY 0 tsj-alpha/3/EASY/NMOS_LOW_SIDE_SWITCH/-4846291544923649571 0.49
PASS NMOS_LOW_SIDE_SWITCH EASY 1 tsj-alpha/3/EASY/NMOS_LOW_SIDE_SWITCH/2478427137243450424 0.65
PASS NMOS_LOW_SIDE_SWITCH EASY 2 tsj-alpha/3/EASY/NMOS_LOW_SIDE_SWITCH/6049323342662335712 0.72
PASS RELAY_OUTPUT EASY 0 tsj-alpha/3/EASY/RELAY_OUTPUT/638305803004089549 7.57
PASS RELAY_OUTPUT EASY 1 tsj-alpha/3/EASY/RELAY_OUTPUT/1982311392439357160 8.58
PASS RELAY_OUTPUT EASY 2 tsj-alpha/3/EASY/RELAY_OUTPUT/9065480648587959602 7.85
PASS SENSOR_CONTROL EASY 0 tsj-alpha/3/EASY/SENSOR_CONTROL/-7277752209616322568 1.79
PASS SENSOR_CONTROL EASY 1 tsj-alpha/3/EASY/SENSOR_CONTROL/-5990254301273577000 10.03
PASS SENSOR_CONTROL EASY 2 tsj-alpha/3/EASY/SENSOR_CONTROL/4644841740901042800 1.85
PASS RB15_CONTROL EASY 0 tsj-alpha/3/EASY/RB15_CONTROL/2268108280936066601 15.6
PASS RB15_CONTROL EASY 1 tsj-alpha/3/EASY/RB15_CONTROL/7059467735054053427 12.12
PASS RB15_CONTROL EASY 2 tsj-alpha/3/EASY/RB15_CONTROL/5655726241502658155 12.69
PASS COMPOSED_CONTROLLED_INDICATOR MEDIUM 0 tsj-alpha/3/MEDIUM/COMPOSED_CONTROLLED_INDICATOR/-7111537113867244092 3.61
PASS COMPOSED_CONTROLLED_INDICATOR MEDIUM 1 tsj-alpha/3/MEDIUM/COMPOSED_CONTROLLED_INDICATOR/-3284510702188036047 3.93
PASS COMPOSED_CONTROLLED_INDICATOR MEDIUM 2 tsj-alpha/3/MEDIUM/COMPOSED_CONTROLLED_INDICATOR/5031172688010681803 4.77
PASS RB30_CONTROL MEDIUM 0 tsj-alpha/3/MEDIUM/RB30_CONTROL/9082502577921131578 172.04
PASS RB30_CONTROL MEDIUM 1 tsj-alpha/3/MEDIUM/RB30_CONTROL/7817683248775161701 138.75
PASS RB30_CONTROL MEDIUM 2 tsj-alpha/3/MEDIUM/RB30_CONTROL/-6007545791683042230 161.97
FINISHED PASS cases 33
