PASS LED_INDICATOR EASY 0 tsj-alpha/3/EASY/LED_INDICATOR/-5799677796316255547 0.54
PASS LED_INDICATOR EASY 1 tsj-alpha/3/EASY/LED_INDICATOR/-9069021026841856029 0.32
PASS LED_INDICATOR EASY 2 tsj-alpha/3/EASY/LED_INDICATOR/-6513957460797828313 0.17
PASS DIODE_PROTECTED_INDICATOR EASY 0 tsj-alpha/3/EASY/DIODE_PROTECTED_INDICATOR/7923470973309892559 0.16
PASS DIODE_PROTECTED_INDICATOR EASY 1 tsj-alpha/3/EASY/DIODE_PROTECTED_INDICATOR/5612419502545432141 0.16
PASS DIODE_PROTECTED_INDICATOR EASY 2 tsj-alpha/3/EASY/DIODE_PROTECTED_INDICATOR/-5065072575115770707 0.16
PASS PARALLEL_DUAL_INDICATOR EASY 0 tsj-alpha/3/EASY/PARALLEL_DUAL_INDICATOR/-4871492824133374696 0.48
PASS PARALLEL_DUAL_INDICATOR EASY 1 tsj-alpha/3/EASY/PARALLEL_DUAL_INDICATOR/-7564193710099149604 0.5
PASS PARALLEL_DUAL_INDICATOR EASY 2 tsj-alpha/3/EASY/PARALLEL_DUAL_INDICATOR/-5565369702939839191 0.48
PASS RC_DELAY EASY 0 tsj-alpha/3/EASY/RC_DELAY/2609815964738457177 27.54
PASS RC_DELAY EASY 1 tsj-alpha/3/EASY/RC_DELAY/-4498577365395759553 27.43
PASS RC_DELAY EASY 2 tsj-alpha/3/EASY/RC_DELAY/-4872209801132552817 27.29
PASS NPN_LOW_SIDE_SWITCH EASY 0 tsj-alpha/3/EASY/NPN_LOW_SIDE_SWITCH/82490091850856161 0.63
PASS NPN_LOW_SIDE_SWITCH EASY 1 tsj-alpha/3/EASY/NPN_LOW_SIDE_SWITCH/2011196994644103043 0.8
PASS NPN_LOW_SIDE_SWITCH EASY 2 tsj-alpha/3/EASY/NPN_LOW_SIDE_SWITCH/9093512589065974350 0.84
PASS NMOS_LOW_SIDE_SWITCH EASY 0 tsj-alpha/3/EASY/NMOS_LOW_SIDE_SWITCH/-6749251293221921692 0.51
PASS NMOS_LOW_SIDE_SWITCH EASY 1 tsj-alpha/3/EASY/NMOS_LOW_SIDE_SWITCH/7312073465720984077 0.49
PASS NMOS_LOW_SIDE_SWITCH EASY 2 tsj-alpha/3/EASY/NMOS_LOW_SIDE_SWITCH/-1071873893093261499 0.5
PASS RELAY_OUTPUT EASY 0 tsj-alpha/3/EASY/RELAY_OUTPUT/-2676941160537815841 8.47
PASS RELAY_OUTPUT EASY 1 tsj-alpha/3/EASY/RELAY_OUTPUT/8032542256072034282 6.9
PASS RELAY_OUTPUT EASY 2 tsj-alpha/3/EASY/RELAY_OUTPUT/4850224583931519464 6.79
PASS SENSOR_CONTROL EASY 0 tsj-alpha/3/EASY/SENSOR_CONTROL/-6379664909284299987 13.64
PASS SENSOR_CONTROL EASY 1 tsj-alpha/3/EASY/SENSOR_CONTROL/8849648153983788553 4.13
PASS SENSOR_CONTROL EASY 2 tsj-alpha/3/EASY/SENSOR_CONTROL/-4550975114509476338 1.83
PASS RB15_CONTROL EASY 0 tsj-alpha/3/EASY/RB15_CONTROL/146076849194868228 12.25
PASS RB15_CONTROL EASY 1 tsj-alpha/3/EASY/RB15_CONTROL/-1387556366515083486 11.79
PASS RB15_CONTROL EASY 2 tsj-alpha/3/EASY/RB15_CONTROL/5614684645980754252 16.08
PASS COMPOSED_CONTROLLED_INDICATOR MEDIUM 0 tsj-alpha/3/MEDIUM/COMPOSED_CONTROLLED_INDICATOR/-703927690117700854 3.73
PASS COMPOSED_CONTROLLED_INDICATOR MEDIUM 1 tsj-alpha/3/MEDIUM/COMPOSED_CONTROLLED_INDICATOR/462300049766104578 3.81
PASS COMPOSED_CONTROLLED_INDICATOR MEDIUM 2 tsj-alpha/3/MEDIUM/COMPOSED_CONTROLLED_INDICATOR/-8299893164569314894 3.4
PASS RB30_CONTROL MEDIUM 0 tsj-alpha/3/MEDIUM/RB30_CONTROL/-9117173623817868551 121.01
PASS RB30_CONTROL MEDIUM 1 tsj-alpha/3/MEDIUM/RB30_CONTROL/3252255761485186317 152.25
PASS RB30_CONTROL MEDIUM 2 tsj-alpha/3/MEDIUM/RB30_CONTROL/2182719284949821902 106.76
FINISHED PASS cases 33
