CONSOLE error Failed to load resource: the server responded with a status of 404 (File not found)
CASE 1 / 72 -4708384106017907796 PASS 12.356
CASE 2 / 72 6548601732561160988 PASS 14.19
CASE 3 / 72 -6547786162325400009 PASS 13.176
CASE 4 / 72 -6715421286895625222 PASS 11.532
CASE 5 / 72 3597161239112371442 PASS 20.664
CASE 6 / 72 -5600021463136761677 PASS 14.58
CASE 7 / 72 7809056019546766358 PASS 13.407
CASE 8 / 72 7674170625084656370 PASS 19.965
CASE 9 / 72 -3996680035531880278 PASS 13.672
CASE 10 / 72 4961431344681508943 PASS 15.854
CASE 11 / 72 4520756986091779073 PASS 12.112
CASE 12 / 72 -7564325972933069162 PASS 11.791
CASE 13 / 72 9175231143593627716 PASS 10.807
CASE 14 / 72 -2527765478082477434 PASS 12.255
CASE 15 / 72 5240848919396292158 PASS 11.365
CASE 16 / 72 -7568523954029728573 PASS 12.31
CASE 17 / 72 8893072482195407454 PASS 14.694
CASE 18 / 72 -8819949338488269174 PASS 14.76
CASE 19 / 72 -6022824698728898506 PASS 13.454
CASE 20 / 72 -840917927919256133 PASS 13.224
CASE 21 / 72 7979881562788648101 PASS 14.089
CASE 22 / 72 -7882580787658631801 PASS 21.885
CASE 23 / 72 -1139756083082557286 PASS 13.069
CASE 24 / 72 -8209183868909327442 PASS 14.34
CASE 25 / 72 4108879300604138484 PASS 13.187
CASE 26 / 72 -1577585766140212564 PASS 24.702
CASE 27 / 72 4829812222951884091 PASS 12.361
CASE 28 / 72 8683588374234646015 PASS 12.317
CASE 29 / 72 -4968990406906107893 PASS 11.054
CASE 30 / 72 4122741750695300198 PASS 12.179
CASE 31 / 72 -349471592121148663 PASS 18.407
CASE 32 / 72 8268044915665117555 PASS 14.667
CASE 33 / 72 6065828084499557048 PASS 14.406
CASE 34 / 72 1235752150227622874 PASS 14.396
CASE 35 / 72 -6535033590791842012 PASS 13.711
CASE 36 / 72 -6488976647580868140 PASS 12.608
CASE 37 / 72 -173383563856340169 PASS 25.284
CASE 38 / 72 2355798896471564219 PASS 15.443
