CONSOLE error Failed to load resource: the server responded with a status of 404 (File not found)
CASE 1 / 72 -4708384106017907796 PASS 12.269
CASE 2 / 72 6548601732561160988 PASS 14.124
CASE 3 / 72 -6547786162325400009 PASS 13.15
CASE 4 / 72 -6715421286895625222 PASS 11.56
CASE 5 / 72 3597161239112371442 PASS 21.006
CASE 6 / 72 -5600021463136761677 PASS 14.831
CASE 7 / 72 7809056019546766358 PASS 13.517
CASE 8 / 72 7674170625084656370 PASS 20.062
CASE 9 / 72 -3996680035531880278 PASS 13.538
CASE 10 / 72 4961431344681508943 PASS 15.494
CASE 11 / 72 4520756986091779073 PASS 12.063
CASE 12 / 72 -7564325972933069162 PASS 11.554
CASE 13 / 72 9175231143593627716 PASS 10.736
CASE 14 / 72 -2527765478082477434 PASS 12.248
CASE 15 / 72 5240848919396292158 PASS 11.414
CASE 16 / 72 -7568523954029728573 PASS 12.727
CASE 17 / 72 8893072482195407454 PASS 14.545
CASE 18 / 72 -8819949338488269174 PASS 14.655
CASE 19 / 72 -6022824698728898506 PASS 13.743
CASE 20 / 72 -840917927919256133 PASS 13.351
CASE 21 / 72 7979881562788648101 PASS 14.121
CASE 22 / 72 -7882580787658631801 PASS 21.784
CASE 23 / 72 -1139756083082557286 PASS 13.008
CASE 24 / 72 -8209183868909327442 PASS 14.15
CASE 25 / 72 4108879300604138484 PASS 13.018
CASE 26 / 72 -1577585766140212564 PASS 24.214
CASE 27 / 72 4829812222951884091 PASS 12.773
CASE 28 / 72 8683588374234646015 PASS 12.121
CASE 29 / 72 -4968990406906107893 PASS 10.937
CASE 30 / 72 4122741750695300198 PASS 11.76
CASE 31 / 72 -349471592121148663 PASS 17.289
CASE 32 / 72 8268044915665117555 PASS 13.767
CASE 33 / 72 6065828084499557048 PASS 13.498
CASE 34 / 72 1235752150227622874 PASS 13.609
CASE 35 / 72 -6535033590791842012 PASS 12.951
CASE 36 / 72 -6488976647580868140 PASS 12.242
CASE 37 / 72 -173383563856340169 PASS 23.927
CASE 38 / 72 2355798896471564219 PASS 14.331
CASE 39 / 72 -8918152828905917903 PASS 11.736
CASE 40 / 72 -1729753416432760983 PASS 14.074
CASE 41 / 72 -1220991891631710168 PASS 14.931
CASE 42 / 72 6374829263706637626 PASS 15.599
CASE 43 / 72 -3871914970998753161 PASS 12.653
CASE 44 / 72 8591905779970131701 PASS 11.735
CASE 45 / 72 2105236246628634210 PASS 13.21
CASE 46 / 72 8385567794496169531 PASS 15.315
CASE 47 / 72 -1236316090699604774 PASS 12.338
CASE 48 / 72 5485372023388286841 PASS 13.657
CASE 49 / 72 4202699766589316636 PASS 12.266
CASE 50 / 72 -3724710645524332760 PASS 16.292
CASE 51 / 72 -6730148429223848711 PASS 13.643
CASE 52 / 72 1219697449393238116 PASS 11.636
CASE 53 / 72 6654448338900428843 PASS 12.276
CASE 54 / 72 -4339487658205421542 PASS 14.002
CASE 55 / 72 8041796508369854262 PASS 19.612
CASE 56 / 72 -8832237076055711204 PASS 11.846
CASE 57 / 72 -794965194465430415 PASS 12.796
CASE 58 / 72 4820332477088616486 PASS 15.009
CASE 59 / 72 6307159578783737128 PASS 12.343
CASE 60 / 72 4374529786228522834 PASS 13.631
CASE 61 / 72 -3166904218950640497 PASS 11.772
CASE 62 / 72 8094495653301650938 PASS 13.205
CASE 63 / 72 7628443906675937501 PASS 15.146
CASE 64 / 72 -2260351525192285772 PASS 14.92
CASE 65 / 72 -407599078282817628 PASS 13.323
CASE 66 / 72 -1571216215085134715 PASS 14.842
CASE 67 / 72 203841491296762228 PASS 11.776
CASE 68 / 72 -4393978727776939038 PASS 21.578
CASE 69 / 72 7872983525969652616 PASS 11.798
CASE 70 / 72 6719494508423070941 PASS 13.71
CASE 71 / 72 2402577233373634419 PASS 11.857
CASE 72 / 72 6717757361335685325 PASS 13.384
PASS admission runner 72 accepted of 72
