cold outcomes: PASS=1 EXPECTED_REJECTION=0 FAIL=0 NOT_RUN=0 MISSING=0
cold successful measurement-only complete-row elapsed ms: n=1 p50=160335 p95=160335
cold successful measurement-only complete-row wall ms: n=1 p50=160346 p95=160346
cold successful measurement-only active routing ms: n=1 p50=21344 p95=21344
cold successful measurement-only diagnostic proof ms: n=1 p50=129423 p95=129423
cold successful measurement-only stage RESOLVE ms: n=1 p50=0 p95=0
cold successful measurement-only stage HEALTHY ms: n=1 p50=30348 p95=30348
cold successful measurement-only stage PHYSICAL ms: n=1 p50=64 p95=64
cold successful measurement-only stage HYPOTHESES ms: n=1 p50=127565 p95=127565
cold successful measurement-only stage SYMPTOM ms: n=1 p50=11 p95=11
cold successful measurement-only stage PUBLISH ms: n=1 p50=86 p95=86
cold successful measurement-only proof-work CANDIDATE_HEALTHY_SETTLE ms: n=1 p50=32048 p95=32048
cold successful measurement-only proof-work CANDIDATE_SETTLE ms: n=1 p50=7469 p95=7469
cold successful measurement-only proof-work CUSTOMER_RETEST ms: n=1 p50=26743 p95=26743
cold successful measurement-only proof-work CUSTOMER_RETEST_COMPLETION ms: n=1 p50=51 p95=51
cold successful measurement-only proof-work EVIDENCE_RESTORE_PRIMARY ms: n=1 p50=132 p95=132
cold successful measurement-only proof-work OBSERVATION_STEP:DC_VOLTAGE ms: n=1 p50=1576 p95=1576
cold successful measurement-only proof-work OBSERVATION_STEP:INPUT ms: n=1 p50=23655 p95=23655
cold successful measurement-only proof-work OBSERVATION_STEP:POWER ms: n=1 p50=182 p95=182
cold successful measurement-only proof-work OBSERVATION_STEP:SETTLE ms: n=1 p50=241 p95=241
cold successful measurement-only proof-work OBSERVATION_STEP:WAIT ms: n=1 p50=1 p95=1
cold successful measurement-only proof-work POWER_OFF_SETTLE ms: n=1 p50=6724 p95=6724
cold successful measurement-only proof-work POWER_ON_SETTLE ms: n=1 p50=397 p95=397
cold successful measurement-only proof-work REMOVE_SETTLE ms: n=1 p50=337 p95=337
cold successful measurement-only proof-work REPAIR_STATUS_SETTLE ms: n=1 p50=26975 p95=26975
cold successful measurement-only proof-work REPLACE_SETTLE ms: n=1 p50=390 p95=390
cold successful measurement-only proof-work REPLAY_INSTALL ms: n=1 p50=615 p95=615
warm outcomes: PASS=1 EXPECTED_REJECTION=0 FAIL=0 NOT_RUN=0 MISSING=0
warm successful measurement-only complete-row elapsed ms: n=1 p50=35407 p95=35407
warm successful measurement-only complete-row wall ms: n=1 p50=35420 p95=35420
warm successful measurement-only active routing ms: n=1 p50=25087 p95=25087
warm successful measurement-only diagnostic proof ms: n=1 p50=0 p95=0
warm successful measurement-only stage RESOLVE ms: n=1 p50=0 p95=0
warm successful measurement-only stage HEALTHY ms: n=1 p50=34812 p95=34812
warm successful measurement-only stage PHYSICAL ms: n=1 p50=77 p95=77
warm successful measurement-only stage HYPOTHESES ms: n=1 p50=30 p95=30
warm successful measurement-only stage SYMPTOM ms: n=1 p50=11 p95=11
warm successful measurement-only stage PUBLISH ms: n=1 p50=85 p95=85
PASS: DEVELOPER MEASUREMENT-ONLY Q30 coordinator cold/warm evidence seeds=1 electricalPairs=10 sameBuild=True actualDeadlineMs=300000 defaultProductionDeadlineMs=90000; corruptionCanaries=37; this is not a normal-deadline timing/admission pass
