cold outcomes: PASS=3 EXPECTED_REJECTION=0 FAIL=0 NOT_RUN=0 MISSING=0
cold successful measurement-only complete-row elapsed ms: n=3 p50=120635 p95=127275
cold successful measurement-only complete-row wall ms: n=3 p50=120641 p95=127282
cold successful measurement-only active routing ms: n=3 p50=20005 p95=20338
cold successful measurement-only diagnostic proof ms: n=3 p50=95410 p95=99335
cold successful measurement-only stage RESOLVE ms: n=3 p50=0 p95=0
cold successful measurement-only stage HEALTHY ms: n=3 p50=26800 p95=27426
cold successful measurement-only stage PHYSICAL ms: n=3 p50=59 p95=66
cold successful measurement-only stage HYPOTHESES ms: n=3 p50=93628 p95=97470
cold successful measurement-only stage SYMPTOM ms: n=3 p50=6 p95=7
cold successful measurement-only stage PUBLISH ms: n=3 p50=57 p95=62
cold successful measurement-only proof-work CANDIDATE_HEALTHY_SETTLE ms: n=3 p50=23517 p95=24609
cold successful measurement-only proof-work CANDIDATE_SETTLE ms: n=3 p50=5610 p95=5732
cold successful measurement-only proof-work CUSTOMER_RETEST ms: n=3 p50=19397 p95=20670
cold successful measurement-only proof-work CUSTOMER_RETEST_COMPLETION ms: n=3 p50=33 p95=34
cold successful measurement-only proof-work EVIDENCE_RESTORE_PRIMARY ms: n=3 p50=91 p95=94
cold successful measurement-only proof-work OBSERVATION_STEP:DC_VOLTAGE ms: n=3 p50=1147 p95=1193
cold successful measurement-only proof-work OBSERVATION_STEP:INPUT ms: n=3 p50=17393 p95=17798
cold successful measurement-only proof-work OBSERVATION_STEP:POWER ms: n=3 p50=138 p95=141
cold successful measurement-only proof-work OBSERVATION_STEP:SETTLE ms: n=3 p50=178 p95=183
cold successful measurement-only proof-work OBSERVATION_STEP:WAIT ms: n=3 p50=1 p95=2
cold successful measurement-only proof-work POWER_OFF_SETTLE ms: n=3 p50=5057 p95=6144
cold successful measurement-only proof-work POWER_ON_SETTLE ms: n=3 p50=268 p95=387
cold successful measurement-only proof-work REMOVE_SETTLE ms: n=3 p50=257 p95=263
cold successful measurement-only proof-work REPAIR_STATUS_SETTLE ms: n=3 p50=19509 p95=20597
cold successful measurement-only proof-work REPLACE_SETTLE ms: n=3 p50=278 p95=284
cold successful measurement-only proof-work REPLAY_INSTALL ms: n=3 p50=428 p95=525
warm outcomes: PASS=3 EXPECTED_REJECTION=0 FAIL=0 NOT_RUN=0 MISSING=0
warm successful measurement-only complete-row elapsed ms: n=3 p50=26756 p95=27715
warm successful measurement-only complete-row wall ms: n=3 p50=26762 p95=27721
warm successful measurement-only active routing ms: n=3 p50=19549 p95=20109
warm successful measurement-only diagnostic proof ms: n=3 p50=0 p95=0
warm successful measurement-only stage RESOLVE ms: n=3 p50=0 p95=1
warm successful measurement-only stage HEALTHY ms: n=3 p50=26258 p95=27210
warm successful measurement-only stage PHYSICAL ms: n=3 p50=49 p95=53
warm successful measurement-only stage HYPOTHESES ms: n=3 p50=21 p95=24
warm successful measurement-only stage SYMPTOM ms: n=3 p50=7 p95=7
warm successful measurement-only stage PUBLISH ms: n=3 p50=56 p95=60
PASS: DEVELOPER MEASUREMENT-ONLY Q30 coordinator cold/warm evidence seeds=3 electricalPairs=30 sameBuild=True actualDeadlineMs=300000 defaultProductionDeadlineMs=90000; corruptionCanaries=37; this is not a normal-deadline timing/admission pass
