CONSOLE error Failed to load resource: the server responded with a status of 404 (File not found)
CASE 1 / 72 -4708384106017907796 PASS 12.188
CASE 2 / 72 6548601732561160988 PASS 13.903
CASE 3 / 72 -6547786162325400009 PASS 13.013
CASE 4 / 72 -6715421286895625222 PASS 11.519
CASE 5 / 72 3597161239112371442 PASS 20.106
CASE 6 / 72 -5600021463136761677 PASS 14.426
CASE 7 / 72 7809056019546766358 PASS 13.338
CASE 8 / 72 7674170625084656370 PASS 19.746
CASE 9 / 72 -3996680035531880278 PASS 13.547
CASE 10 / 72 4961431344681508943 PASS 15.571
CASE 11 / 72 4520756986091779073 PASS 11.97
CASE 12 / 72 -7564325972933069162 PASS 11.609
CASE 13 / 72 9175231143593627716 PASS 10.739
CASE 14 / 72 -2527765478082477434 PASS 12.195
CASE 15 / 72 5240848919396292158 PASS 11.329
CASE 16 / 72 -7568523954029728573 PASS 12.301
CASE 17 / 72 8893072482195407454 PASS 14.586
CASE 18 / 72 -8819949338488269174 PASS 14.678
CASE 19 / 72 -6022824698728898506 PASS 13.408
CASE 20 / 72 -840917927919256133 PASS 13.059
CASE 21 / 72 7979881562788648101 PASS 13.903
CASE 22 / 72 -7882580787658631801 PASS 21.115
CASE 23 / 72 -1139756083082557286 PASS 12.916
CASE 24 / 72 -8209183868909327442 PASS 14.367
CASE 25 / 72 4108879300604138484 PASS 12.992
CASE 26 / 72 -1577585766140212564 PASS 24.139
CASE 27 / 72 4829812222951884091 PASS 12.076
CASE 28 / 72 8683588374234646015 PASS 12.06
CASE 29 / 72 -4968990406906107893 PASS 10.843
CASE 30 / 72 4122741750695300198 PASS 11.825
CASE 31 / 72 -349471592121148663 PASS 17.42
CASE 32 / 72 8268044915665117555 PASS 13.809
CASE 33 / 72 6065828084499557048 PASS 13.805
CASE 34 / 72 1235752150227622874 PASS 13.959
CASE 35 / 72 -6535033590791842012 PASS 13.02
CASE 36 / 72 -6488976647580868140 PASS 11.881
CASE 37 / 72 -173383563856340169 PASS 23.584
CASE 38 / 72 2355798896471564219 PASS 14.33
CASE 39 / 72 -8918152828905917903 PASS 11.661
CASE 40 / 72 -1729753416432760983 PASS 14.05
CASE 41 / 72 -1220991891631710168 PASS 14.92
CASE 42 / 72 6374829263706637626 PASS 15.517
CASE 43 / 72 -3871914970998753161 PASS 12.646
CASE 44 / 72 8591905779970131701 PASS 11.8
CASE 45 / 72 2105236246628634210 PASS 13.314
CASE 46 / 72 8385567794496169531 PASS 15.44
CASE 47 / 72 -1236316090699604774 PASS 12.409
CASE 48 / 72 5485372023388286841 PASS 13.597
CASE 49 / 72 4202699766589316636 PASS 12.148
CASE 50 / 72 -3724710645524332760 PASS 16.218
CASE 51 / 72 -6730148429223848711 PASS 13.537
CASE 52 / 72 1219697449393238116 PASS 11.707
CASE 53 / 72 6654448338900428843 PASS 12.355
CASE 54 / 72 -4339487658205421542 PASS 14.199
CASE 55 / 72 8041796508369854262 PASS 19.618
CASE 56 / 72 -8832237076055711204 PASS 11.707
CASE 57 / 72 -794965194465430415 PASS 12.32
CASE 58 / 72 4820332477088616486 PASS 15.04
CASE 59 / 72 6307159578783737128 PASS 12.125
CASE 60 / 72 4374529786228522834 PASS 13.466
CASE 61 / 72 -3166904218950640497 PASS 11.674
CASE 62 / 72 8094495653301650938 PASS 13.027
CASE 63 / 72 7628443906675937501 PASS 15.038
CASE 64 / 72 -2260351525192285772 PASS 14.912
CASE 65 / 72 -407599078282817628 PASS 13.082
CASE 66 / 72 -1571216215085134715 PASS 14.417
CASE 67 / 72 203841491296762228 PASS 11.691
CASE 68 / 72 -4393978727776939038 PASS 21.755
CASE 69 / 72 7872983525969652616 PASS 11.686
CASE 70 / 72 6719494508423070941 PASS 13.665
CASE 71 / 72 2402577233373634419 PASS 11.686
CASE 72 / 72 6717757361335685325 PASS 13.253
PASS admission runner 72 accepted of 72
