cold outcomes: PASS=1 EXPECTED_REJECTION=0 FAIL=0 NOT_RUN=0 MISSING=0
cold successful measurement-only complete-row elapsed ms: n=1 p50=150440 p95=150440
cold successful measurement-only complete-row wall ms: n=1 p50=150451 p95=150451
cold successful measurement-only active routing ms: n=1 p50=20407 p95=20407
cold successful measurement-only diagnostic proof ms: n=1 p50=121009 p95=121009
cold successful measurement-only stage RESOLVE ms: n=1 p50=0 p95=0
cold successful measurement-only stage HEALTHY ms: n=1 p50=28867 p95=28867
cold successful measurement-only stage PHYSICAL ms: n=1 p50=58 p95=58
cold successful measurement-only stage HYPOTHESES ms: n=1 p50=119197 p95=119197
cold successful measurement-only stage SYMPTOM ms: n=1 p50=10 p95=10
cold successful measurement-only stage PUBLISH ms: n=1 p50=78 p95=78
cold successful measurement-only proof-work CANDIDATE_HEALTHY_SETTLE ms: n=1 p50=30415 p95=30415
cold successful measurement-only proof-work CANDIDATE_SETTLE ms: n=1 p50=6625 p95=6625
cold successful measurement-only proof-work CUSTOMER_RETEST ms: n=1 p50=25401 p95=25401
cold successful measurement-only proof-work CUSTOMER_RETEST_COMPLETION ms: n=1 p50=45 p95=45
cold successful measurement-only proof-work EVIDENCE_RESTORE_PRIMARY ms: n=1 p50=115 p95=115
cold successful measurement-only proof-work OBSERVATION_STEP:DC_VOLTAGE ms: n=1 p50=1300 p95=1300
cold successful measurement-only proof-work OBSERVATION_STEP:INPUT ms: n=1 p50=21716 p95=21716
cold successful measurement-only proof-work OBSERVATION_STEP:POWER ms: n=1 p50=155 p95=155
cold successful measurement-only proof-work OBSERVATION_STEP:SETTLE ms: n=1 p50=206 p95=206
cold successful measurement-only proof-work OBSERVATION_STEP:WAIT ms: n=1 p50=0 p95=0
cold successful measurement-only proof-work POWER_OFF_SETTLE ms: n=1 p50=6571 p95=6571
cold successful measurement-only proof-work POWER_ON_SETTLE ms: n=1 p50=324 p95=324
cold successful measurement-only proof-work REMOVE_SETTLE ms: n=1 p50=289 p95=289
cold successful measurement-only proof-work REPAIR_STATUS_SETTLE ms: n=1 p50=25145 p95=25145
cold successful measurement-only proof-work REPLACE_SETTLE ms: n=1 p50=331 p95=331
cold successful measurement-only proof-work REPLAY_INSTALL ms: n=1 p50=527 p95=527
warm outcomes: PASS=1 EXPECTED_REJECTION=0 FAIL=0 NOT_RUN=0 MISSING=0
warm successful measurement-only complete-row elapsed ms: n=1 p50=33829 p95=33829
warm successful measurement-only complete-row wall ms: n=1 p50=33839 p95=33839
warm successful measurement-only active routing ms: n=1 p50=24197 p95=24197
warm successful measurement-only diagnostic proof ms: n=1 p50=0 p95=0
warm successful measurement-only stage RESOLVE ms: n=1 p50=1 p95=1
warm successful measurement-only stage HEALTHY ms: n=1 p50=33255 p95=33255
warm successful measurement-only stage PHYSICAL ms: n=1 p50=62 p95=62
warm successful measurement-only stage HYPOTHESES ms: n=1 p50=28 p95=28
warm successful measurement-only stage SYMPTOM ms: n=1 p50=9 p95=9
warm successful measurement-only stage PUBLISH ms: n=1 p50=72 p95=72
PASS: DEVELOPER MEASUREMENT-ONLY Q30 coordinator cold/warm evidence seeds=1 electricalPairs=10 sameBuild=True actualDeadlineMs=300000 defaultProductionDeadlineMs=90000; corruptionCanaries=37; this is not a normal-deadline timing/admission pass
