cold outcomes: PASS=1 EXPECTED_REJECTION=0 FAIL=0 NOT_RUN=0 MISSING=0
cold successful measurement-only complete-row elapsed ms: n=1 p50=147316 p95=147316
cold successful measurement-only complete-row wall ms: n=1 p50=147327 p95=147327
cold successful measurement-only active routing ms: n=1 p50=13034 p95=13034
cold successful measurement-only diagnostic proof ms: n=1 p50=124529 p95=124529
cold successful measurement-only stage RESOLVE ms: n=1 p50=1 p95=1
cold successful measurement-only stage HEALTHY ms: n=1 p50=22331 p95=22331
cold successful measurement-only stage PHYSICAL ms: n=1 p50=55 p95=55
cold successful measurement-only stage HYPOTHESES ms: n=1 p50=122687 p95=122687
cold successful measurement-only stage SYMPTOM ms: n=1 p50=10 p95=10
cold successful measurement-only stage PUBLISH ms: n=1 p50=77 p95=77
cold successful measurement-only proof-work CANDIDATE_HEALTHY_SETTLE ms: n=1 p50=30428 p95=30428
cold successful measurement-only proof-work CANDIDATE_SETTLE ms: n=1 p50=7382 p95=7382
cold successful measurement-only proof-work CUSTOMER_RETEST ms: n=1 p50=25184 p95=25184
cold successful measurement-only proof-work CUSTOMER_RETEST_COMPLETION ms: n=1 p50=50 p95=50
cold successful measurement-only proof-work EVIDENCE_RESTORE_PRIMARY ms: n=1 p50=127 p95=127
cold successful measurement-only proof-work OBSERVATION_STEP:DC_VOLTAGE ms: n=1 p50=1331 p95=1331
cold successful measurement-only proof-work OBSERVATION_STEP:INPUT ms: n=1 p50=23038 p95=23038
cold successful measurement-only proof-work OBSERVATION_STEP:POWER ms: n=1 p50=174 p95=174
cold successful measurement-only proof-work OBSERVATION_STEP:SETTLE ms: n=1 p50=229 p95=229
cold successful measurement-only proof-work OBSERVATION_STEP:WAIT ms: n=1 p50=1 p95=1
cold successful measurement-only proof-work POWER_OFF_SETTLE ms: n=1 p50=7996 p95=7996
cold successful measurement-only proof-work POWER_ON_SETTLE ms: n=1 p50=483 p95=483
cold successful measurement-only proof-work REMOVE_SETTLE ms: n=1 p50=317 p95=317
cold successful measurement-only proof-work REPAIR_STATUS_SETTLE ms: n=1 p50=25024 p95=25024
cold successful measurement-only proof-work REPLACE_SETTLE ms: n=1 p50=334 p95=334
cold successful measurement-only proof-work REPLAY_INSTALL ms: n=1 p50=554 p95=554
warm outcomes: PASS=1 EXPECTED_REJECTION=0 FAIL=0 NOT_RUN=0 MISSING=0
warm successful measurement-only complete-row elapsed ms: n=1 p50=25847 p95=25847
warm successful measurement-only complete-row wall ms: n=1 p50=25858 p95=25858
warm successful measurement-only active routing ms: n=1 p50=15256 p95=15256
warm successful measurement-only diagnostic proof ms: n=1 p50=0 p95=0
warm successful measurement-only stage RESOLVE ms: n=1 p50=0 p95=0
warm successful measurement-only stage HEALTHY ms: n=1 p50=25368 p95=25368
warm successful measurement-only stage PHYSICAL ms: n=1 p50=62 p95=62
warm successful measurement-only stage HYPOTHESES ms: n=1 p50=29 p95=29
warm successful measurement-only stage SYMPTOM ms: n=1 p50=10 p95=10
warm successful measurement-only stage PUBLISH ms: n=1 p50=78 p95=78
PASS: DEVELOPER MEASUREMENT-ONLY Q30 coordinator cold/warm evidence seeds=1 electricalPairs=10 sameBuild=True actualDeadlineMs=300000 defaultProductionDeadlineMs=90000; corruptionCanaries=37; this is not a normal-deadline timing/admission pass
