cold outcomes: PASS=1 EXPECTED_REJECTION=0 FAIL=0 NOT_RUN=0 MISSING=0
cold successful measurement-only complete-row elapsed ms: n=1 p50=166105 p95=166105
cold successful measurement-only complete-row wall ms: n=1 p50=166117 p95=166117
cold successful measurement-only active routing ms: n=1 p50=25083 p95=25083
cold successful measurement-only diagnostic proof ms: n=1 p50=130035 p95=130035
cold successful measurement-only stage RESOLVE ms: n=1 p50=0 p95=0
cold successful measurement-only stage HEALTHY ms: n=1 p50=35469 p95=35469
cold successful measurement-only stage PHYSICAL ms: n=1 p50=85 p95=85
cold successful measurement-only stage HYPOTHESES ms: n=1 p50=128208 p95=128208
cold successful measurement-only stage SYMPTOM ms: n=1 p50=11 p95=11
cold successful measurement-only stage PUBLISH ms: n=1 p50=89 p95=89
cold successful measurement-only proof-work CANDIDATE_HEALTHY_SETTLE ms: n=1 p50=32560 p95=32560
cold successful measurement-only proof-work CANDIDATE_SETTLE ms: n=1 p50=7529 p95=7529
cold successful measurement-only proof-work CUSTOMER_RETEST ms: n=1 p50=26811 p95=26811
cold successful measurement-only proof-work CUSTOMER_RETEST_COMPLETION ms: n=1 p50=53 p95=53
cold successful measurement-only proof-work EVIDENCE_RESTORE_PRIMARY ms: n=1 p50=139 p95=139
cold successful measurement-only proof-work OBSERVATION_STEP:DC_VOLTAGE ms: n=1 p50=1550 p95=1550
cold successful measurement-only proof-work OBSERVATION_STEP:INPUT ms: n=1 p50=23765 p95=23765
cold successful measurement-only proof-work OBSERVATION_STEP:POWER ms: n=1 p50=193 p95=193
cold successful measurement-only proof-work OBSERVATION_STEP:SETTLE ms: n=1 p50=273 p95=273
cold successful measurement-only proof-work OBSERVATION_STEP:WAIT ms: n=1 p50=1 p95=1
cold successful measurement-only proof-work POWER_OFF_SETTLE ms: n=1 p50=6725 p95=6725
cold successful measurement-only proof-work POWER_ON_SETTLE ms: n=1 p50=381 p95=381
cold successful measurement-only proof-work REMOVE_SETTLE ms: n=1 p50=350 p95=350
cold successful measurement-only proof-work REPAIR_STATUS_SETTLE ms: n=1 p50=26721 p95=26721
cold successful measurement-only proof-work REPLACE_SETTLE ms: n=1 p50=426 p95=426
cold successful measurement-only proof-work REPLAY_INSTALL ms: n=1 p50=686 p95=686
warm outcomes: PASS=1 EXPECTED_REJECTION=0 FAIL=0 NOT_RUN=0 MISSING=0
warm successful measurement-only complete-row elapsed ms: n=1 p50=35544 p95=35544
warm successful measurement-only complete-row wall ms: n=1 p50=35556 p95=35556
warm successful measurement-only active routing ms: n=1 p50=25086 p95=25086
warm successful measurement-only diagnostic proof ms: n=1 p50=0 p95=0
warm successful measurement-only stage RESOLVE ms: n=1 p50=0 p95=0
warm successful measurement-only stage HEALTHY ms: n=1 p50=34960 p95=34960
warm successful measurement-only stage PHYSICAL ms: n=1 p50=75 p95=75
warm successful measurement-only stage HYPOTHESES ms: n=1 p50=30 p95=30
warm successful measurement-only stage SYMPTOM ms: n=1 p50=11 p95=11
warm successful measurement-only stage PUBLISH ms: n=1 p50=87 p95=87
PASS: DEVELOPER MEASUREMENT-ONLY Q30 coordinator cold/warm evidence seeds=1 electricalPairs=10 sameBuild=True actualDeadlineMs=300000 defaultProductionDeadlineMs=90000; corruptionCanaries=37; this is not a normal-deadline timing/admission pass
