The names of some imported commands from the module 'VerifierIsolation' include unapproved verbs that might make them less discoverable. To find the commands with unapproved verbs, run the Import-Module command again with the Verbose parameter. For a list of approved verbs, type Get-Verb.
JDK: javac 1.8.0_502
NATIVE BRIDGE: scratch-only exact CirSim.console -> System.err.println; CircuitJS solver/models unchanged.

warning: [options] bootstrap class path not set in conjunction with -source 1.7
Note: Some input files use unchecked or unsafe operations.
Note: Recompile with -Xlint:unchecked for details.
1 warning

LAYOUT_DETAIL|LED_INDICATOR|0|attempts=1|571/395;J1:71,165:DEFAULT;LED1:301,95:DEFAULT;R1:291,265:SPAN_220;GND:BOTTOM/361,165/361,200/361,265/191,265/161,265;VIN:BOTTOM/321,295/271,295/141,295/141,205/161,205;LED_NODE:BOTTOM/481,295/481,145/321,145/321,165
PROCEDURAL_ROW|0|LED_INDICATOR|0|ACCEPT|571|395|-302911462|1290262267|592
LAYOUT_DETAIL|LED_INDICATOR|1|attempts=1|591/395;J1:71,125:DEFAULT;LED1:301,95:DEFAULT;R1:291,265:SPAN_240;GND:BOTTOM/361,165/361,200/361,225/191,225/161,225;VIN:BOTTOM/321,295/271,295/141,295/141,165/161,165;LED_NODE:BOTTOM/501,295/501,145/321,145/321,165
PROCEDURAL_ROW|0|LED_INDICATOR|1|ACCEPT|591|395|-1186154990|1290262267|7
LAYOUT_DETAIL|LED_INDICATOR|4|attempts=1|591/435;J1:71,234:DEFAULT;LED1:301,224:DEFAULT;R1:291,94:SPAN_240;GND:BOTTOM/361,294/361,329/361,334/191,334/161,334;VIN:BOTTOM/321,124/271,124/161,124/161,274;LED_NODE:BOTTOM/501,124/501,274/321,274/321,294
PROCEDURAL_ROW|0|LED_INDICATOR|4|ACCEPT|591|435|-906649105|-621575995|0
LAYOUT_DETAIL|LED_INDICATOR|17|attempts=1|741/346;J1:71,145:DEFAULT;LED1:261,95:DEFAULT;R1:421,135:SPAN_260;GND:BOTTOM/321,165/321,200/321,245/191,245/161,245;VIN:BOTTOM/451,165/451,145/161,145/161,185;LED_NODE:BOTTOM/651,165/651,125/141,125/141,205/281,205/281,200/281,165
PROCEDURAL_ROW|0|LED_INDICATOR|17|ACCEPT|741|346|-2033452740|-444136881|10
LAYOUT_DETAIL|LED_INDICATOR|42|attempts=1|735/326;J1:579,140:DEFAULT_MIRRORED_X;LED1:79,80:DEFAULT;R1:239,120:SPAN_220;GND:BOTTOM/139,150/139,185/139,240/559,240/589,240;VIN:BOTTOM/269,150/269,180/559,180/589,180;LED_NODE:BOTTOM/429,150/429,130/99,130/99,150
PROCEDURAL_ROW|0|LED_INDICATOR|42|ACCEPT|735|326|-736981525|-1539650535|15
LAYOUT_DETAIL|LED_INDICATOR|-1|attempts=1|775/336;J1:619,150:DEFAULT_MIRRORED_X;LED1:79,80:DEFAULT;R1:239,120:SPAN_260;GND:BOTTOM/139,150/139,185/139,250/599,250/629,250;VIN:BOTTOM/269,150/269,190/599,190/629,190;LED_NODE:BOTTOM/469,150/469,130/99,130/99,150
PROCEDURAL_ROW|0|LED_INDICATOR|-1|ACCEPT|775|336|-437526198|-1539650535|0
LAYOUT_DETAIL|LED_INDICATOR|-9223372036854775808|attempts=1|591/385;J1:71,154:DEFAULT;LED1:301,224:DEFAULT;R1:291,94:SPAN_240;GND:BOTTOM/361,294/361,254/191,254/161,254;VIN:BOTTOM/321,124/271,124/161,124/161,194;LED_NODE:BOTTOM/501,124/501,314/321,314/321,294
PROCEDURAL_ROW|0|LED_INDICATOR|-9223372036854775808|ACCEPT|591|385|-1552300409|-1927358072|0
LAYOUT_DETAIL|LED_INDICATOR|9223372036854775807|attempts=1|775/306;J1:619,120:DEFAULT_MIRRORED_X;LED1:79,80:DEFAULT;R1:239,120:SPAN_260;GND:BOTTOM/139,150/139,185/139,220/599,220/629,220;VIN:BOTTOM/269,150/269,170/629,170/629,160;LED_NODE:BOTTOM/469,150/469,130/99,130/99,150
PROCEDURAL_ROW|0|LED_INDICATOR|9223372036854775807|ACCEPT|775|306|1003732336|1012506426|18
PROCEDURAL_SUMMARY|LED_INDICATOR|0|8|8|6
PASS: procedural family contracts assertions=54

PROCEDURAL_ROW|1|LED_INDICATOR|936927718510540323|ACCEPT|721|356|1162244852|-2088990756|85
PROCEDURAL_ROW|1|LED_INDICATOR|-6751984890832468710|ACCEPT|721|326|-1557291056|1233491728|32
PROCEDURAL_ROW|1|LED_INDICATOR|4374486180868546127|ACCEPT|561|375|993384755|1682143047|10
PROCEDURAL_ROW|1|LED_INDICATOR|-1470617604193128648|ACCEPT|775|356|-330194133|-1539650535|8
PROCEDURAL_ROW|1|LED_INDICATOR|9007199254740993|ACCEPT|615|365|-968878263|193825092|0
PROCEDURAL_ROW|1|LED_INDICATOR|-9007199254740993|ACCEPT|595|365|206772418|193825092|12
PROCEDURAL_ROW|1|LED_INDICATOR|281474976710656|ACCEPT|595|365|-1749614845|193825092|0
PROCEDURAL_ROW|1|LED_INDICATOR|-4194978729361594021|ACCEPT|591|385|-1254468973|-1927358072|0
PROCEDURAL_SUMMARY|LED_INDICATOR|1|8|8|6
PASS: procedural family contracts assertions=47

PROCEDURAL_ROW|0|DIODE_PROTECTED_INDICATOR|0|ACCEPT|605|505|-281039043|837203458|189
PROCEDURAL_ROW|0|DIODE_PROTECTED_INDICATOR|1|ACCEPT|781|345|1377299746|-810411452|6
PROCEDURAL_ROW|0|DIODE_PROTECTED_INDICATOR|4|ACCEPT|781|435|2048312533|-1337977132|5
PROCEDURAL_ROW|0|DIODE_PROTECTED_INDICATOR|17|ACCEPT|741|385|1154508056|-1647263628|5
PROCEDURAL_ROW|0|DIODE_PROTECTED_INDICATOR|42|ACCEPT|751|456|-723484177|-1313961866|12
PROCEDURAL_ROW|0|DIODE_PROTECTED_INDICATOR|-1|ACCEPT|771|375|-260957220|-1704050033|2
PROCEDURAL_ROW|0|DIODE_PROTECTED_INDICATOR|-9223372036854775808|ACCEPT|755|415|-1683778430|-19068557|46
PROCEDURAL_ROW|0|DIODE_PROTECTED_INDICATOR|9223372036854775807|ACCEPT|755|415|-1902739995|1225695924|22
PROCEDURAL_SUMMARY|DIODE_PROTECTED_INDICATOR|0|8|8|8
PASS: procedural family contracts assertions=50

PROCEDURAL_ROW|1|DIODE_PROTECTED_INDICATOR|936927718510540323|ACCEPT|761|405|-308617345|1622953655|86
PROCEDURAL_ROW|1|DIODE_PROTECTED_INDICATOR|-6751984890832468710|ACCEPT|751|385|-1326114990|1151711073|31
PROCEDURAL_ROW|1|DIODE_PROTECTED_INDICATOR|4374486180868546127|ACCEPT|775|415|-1893765104|1225695924|48
PROCEDURAL_ROW|1|DIODE_PROTECTED_INDICATOR|-1470617604193128648|ACCEPT|781|405|564340792|1622953655|0
PROCEDURAL_ROW|1|DIODE_PROTECTED_INDICATOR|9007199254740993|ACCEPT|781|406|2108931884|1622953655|16
PROCEDURAL_ROW|1|DIODE_PROTECTED_INDICATOR|-9007199254740993|ACCEPT|751|386|911405714|964070977|8
PROCEDURAL_ROW|1|DIODE_PROTECTED_INDICATOR|281474976710656|ACCEPT|971|365|-92347644|-2039169929|0
PROCEDURAL_ROW|1|DIODE_PROTECTED_INDICATOR|-4194978729361594021|ACCEPT|631|555|-342758772|-705752277|17
PROCEDURAL_SUMMARY|DIODE_PROTECTED_INDICATOR|1|8|8|6
PASS: procedural family contracts assertions=47

PROCEDURAL_ROW|0|PARALLEL_DUAL_INDICATOR|0|ACCEPT|911|416|1845542302|-236271240|391
PROCEDURAL_ROW|0|PARALLEL_DUAL_INDICATOR|1|ACCEPT|721|476|915653418|-1866114178|16
PROCEDURAL_ROW|0|PARALLEL_DUAL_INDICATOR|4|ACCEPT|891|406|-1298142724|-1304803046|135
PROCEDURAL_ROW|0|PARALLEL_DUAL_INDICATOR|17|ACCEPT|1081|516|-1644917423|-870993428|25
PROCEDURAL_ROW|0|PARALLEL_DUAL_INDICATOR|42|ACCEPT|891|406|106392129|-1304803046|28
PROCEDURAL_ROW|0|PARALLEL_DUAL_INDICATOR|-1|ACCEPT|951|405|1024680686|-236271240|15
PROCEDURAL_ROW|0|PARALLEL_DUAL_INDICATOR|-9223372036854775808|ACCEPT|1061|466|1718548102|929949286|16
PROCEDURAL_ROW|0|PARALLEL_DUAL_INDICATOR|9223372036854775807|ACCEPT|721|475|-1975883532|94045184|21
PROCEDURAL_SUMMARY|PARALLEL_DUAL_INDICATOR|0|8|8|6
PASS: procedural family contracts assertions=56

PROCEDURAL_ROW|1|PARALLEL_DUAL_INDICATOR|936927718510540323|ACCEPT|721|486|-591528214|876305044|93
PROCEDURAL_ROW|1|PARALLEL_DUAL_INDICATOR|-6751984890832468710|ACCEPT|701|445|-188033818|-1649518719|28
PROCEDURAL_ROW|1|PARALLEL_DUAL_INDICATOR|4374486180868546127|ACCEPT|741|436|-1585439830|-1894996287|16
PROCEDURAL_ROW|1|PARALLEL_DUAL_INDICATOR|-1470617604193128648|ACCEPT|741|486|-509354089|-1866114178|12
PROCEDURAL_ROW|1|PARALLEL_DUAL_INDICATOR|9007199254740993|ACCEPT|610|715|-881059657|-2104596231|42
PROCEDURAL_ROW|1|PARALLEL_DUAL_INDICATOR|-9007199254740993|ACCEPT|611|755|-172987602|1143363947|14
PROCEDURAL_ROW|1|PARALLEL_DUAL_INDICATOR|281474976710656|ACCEPT|721|436|-1722902532|-1935629493|2
PROCEDURAL_ROW|1|PARALLEL_DUAL_INDICATOR|-4194978729361594021|ACCEPT|851|416|-1353046675|-1304803046|86
PROCEDURAL_SUMMARY|PARALLEL_DUAL_INDICATOR|1|8|8|8
PASS: procedural family contracts assertions=47

PROCEDURAL_ROW|0|RC_DELAY|0|ACCEPT|951|410|-59332458|-1860496396|348
PROCEDURAL_ROW|0|RC_DELAY|1|ACCEPT|591|728|-1507182762|1840417776|18
PROCEDURAL_ROW|0|RC_DELAY|4|ACCEPT|750|537|1292865953|-354795976|15
PROCEDURAL_ROW|0|RC_DELAY|17|ACCEPT|772|665|69802791|-293561978|19
PROCEDURAL_ROW|0|RC_DELAY|42|ACCEPT|781|619|878366977|2019283664|31
PROCEDURAL_ROW|0|RC_DELAY|-1|ACCEPT|730|602|44434053|-651582266|16
PROCEDURAL_ROW|0|RC_DELAY|-9223372036854775808|ACCEPT|782|613|1253339420|2067323428|38
PROCEDURAL_ROW|0|RC_DELAY|9223372036854775807|ACCEPT|611|720|1860877539|-1961068839|19
PROCEDURAL_SUMMARY|RC_DELAY|0|8|8|8
PASS: procedural family contracts assertions=52

PROCEDURAL_ROW|1|RC_DELAY|936927718510540323|ACCEPT|750|621|1352253769|1412262557|121
PROCEDURAL_ROW|1|RC_DELAY|-6751984890832468710|ACCEPT|792|573|1507283994|715716689|60
PROCEDURAL_ROW|1|RC_DELAY|4374486180868546127|ACCEPT|961|463|1502638014|-2057864708|19
PROCEDURAL_ROW|1|RC_DELAY|-1470617604193128648|ACCEPT|760|621|2014504555|1897290999|48
PROCEDURAL_ROW|1|RC_DELAY|9007199254740993|ACCEPT|761|612|256273579|-1838733849|39
PROCEDURAL_ROW|1|RC_DELAY|-9007199254740993|ACCEPT|772|529|-1480959903|-1903569987|9
PROCEDURAL_ROW|1|RC_DELAY|281474976710656|ACCEPT|771|553|-587441699|535748646|17
PROCEDURAL_ROW|1|RC_DELAY|-4194978729361594021|ACCEPT|611|719|82559212|-84694032|17
PROCEDURAL_SUMMARY|RC_DELAY|1|8|8|8
PASS: procedural family contracts assertions=47

PROCEDURAL_ROW|0|NPN_LOW_SIDE_SWITCH|0|ACCEPT|831|581|870744315|27333169|503
PROCEDURAL_ROW|0|NPN_LOW_SIDE_SWITCH|1|ACCEPT|972|785|-1616378566|689075601|44
PROCEDURAL_ROW|0|NPN_LOW_SIDE_SWITCH|4|ACCEPT|1042|574|-343197086|-820571987|16
PROCEDURAL_ROW|0|NPN_LOW_SIDE_SWITCH|17|ACCEPT|921|581|185303814|-971236262|51
PROCEDURAL_ROW|0|NPN_LOW_SIDE_SWITCH|42|ACCEPT|761|754|-149337978|-1647966549|27
PROCEDURAL_ROW|0|NPN_LOW_SIDE_SWITCH|-1|ACCEPT|831|585|-1209747961|621997382|63
PROCEDURAL_ROW|0|NPN_LOW_SIDE_SWITCH|-9223372036854775808|ACCEPT|791|666|-1739513357|1855738917|31
PROCEDURAL_ROW|0|NPN_LOW_SIDE_SWITCH|9223372036854775807|ACCEPT|611|936|683372257|-919024822|7
PROCEDURAL_SUMMARY|NPN_LOW_SIDE_SWITCH|0|8|8|8
PASS: procedural family contracts assertions=54

PROCEDURAL_ROW|1|NPN_LOW_SIDE_SWITCH|936927718510540323|ACCEPT|962|636|951892600|-1911832814|266
PROCEDURAL_ROW|1|NPN_LOW_SIDE_SWITCH|-6751984890832468710|ACCEPT|821|616|-1124066578|1728827205|15
PROCEDURAL_ROW|1|NPN_LOW_SIDE_SWITCH|4374486180868546127|ACCEPT|1002|615|1397185675|-1115008190|70
PROCEDURAL_ROW|1|NPN_LOW_SIDE_SWITCH|-1470617604193128648|ACCEPT|1022|655|1118422525|770913008|34
PROCEDURAL_ROW|1|NPN_LOW_SIDE_SWITCH|9007199254740993|ACCEPT|832|695|-293654637|389325118|20
PROCEDURAL_ROW|1|NPN_LOW_SIDE_SWITCH|-9007199254740993|ACCEPT|645|705|541690591|-1744846437|28
PROCEDURAL_ROW|1|NPN_LOW_SIDE_SWITCH|281474976710656|ACCEPT|761|802|1106379272|1473435783|79
PROCEDURAL_ROW|1|NPN_LOW_SIDE_SWITCH|-4194978729361594021|ACCEPT|972|765|2079357001|-407558923|84
PROCEDURAL_SUMMARY|NPN_LOW_SIDE_SWITCH|1|8|8|8
PASS: procedural family contracts assertions=47

PROCEDURAL_ROW|0|NMOS_LOW_SIDE_SWITCH|0|ACCEPT|812|545|1529826200|274704767|415
PROCEDURAL_ROW|0|NMOS_LOW_SIDE_SWITCH|1|ACCEPT|741|581|1462348401|-1506265760|19
PROCEDURAL_ROW|0|NMOS_LOW_SIDE_SWITCH|4|ACCEPT|821|585|396160247|1231576579|3
PROCEDURAL_ROW|0|NMOS_LOW_SIDE_SWITCH|17|ACCEPT|812|541|1662879499|-1335831684|48
PROCEDURAL_ROW|0|NMOS_LOW_SIDE_SWITCH|42|ACCEPT|621|595|-1885094748|-1582357565|9
PROCEDURAL_ROW|0|NMOS_LOW_SIDE_SWITCH|-1|ACCEPT|852|566|1000521543|1454938160|37
PROCEDURAL_ROW|0|NMOS_LOW_SIDE_SWITCH|-9223372036854775808|ACCEPT|801|516|-1547313835|891049503|10
PROCEDURAL_ROW|0|NMOS_LOW_SIDE_SWITCH|9223372036854775807|ACCEPT|982|581|39965788|-1294383058|0
PROCEDURAL_SUMMARY|NMOS_LOW_SIDE_SWITCH|0|8|8|8
PASS: procedural family contracts assertions=54

PROCEDURAL_ROW|1|NMOS_LOW_SIDE_SWITCH|936927718510540323|ACCEPT|832|541|1785617308|-48143238|145
PROCEDURAL_ROW|1|NMOS_LOW_SIDE_SWITCH|-6751984890832468710|ACCEPT|631|595|1384798765|-1605421318|0
PROCEDURAL_ROW|1|NMOS_LOW_SIDE_SWITCH|4374486180868546127|ACCEPT|932|615|311293147|1080774354|50
PROCEDURAL_ROW|1|NMOS_LOW_SIDE_SWITCH|-1470617604193128648|ACCEPT|812|746|-1977118948|-263660673|63
PROCEDURAL_ROW|1|NMOS_LOW_SIDE_SWITCH|9007199254740993|ACCEPT|801|625|1073011924|-805717435|20
PROCEDURAL_ROW|1|NMOS_LOW_SIDE_SWITCH|-9007199254740993|ACCEPT|802|545|-1834504683|611067510|120
PROCEDURAL_ROW|1|NMOS_LOW_SIDE_SWITCH|281474976710656|ACCEPT|832|544|512570611|1990468009|185
PROCEDURAL_ROW|1|NMOS_LOW_SIDE_SWITCH|-4194978729361594021|ACCEPT|962|486|-1450374146|-998105703|51
PROCEDURAL_SUMMARY|NMOS_LOW_SIDE_SWITCH|1|8|8|8
PASS: procedural family contracts assertions=47

PROCEDURAL_ROW|0|RELAY_OUTPUT|0|ACCEPT|1192|806|1551214039|164700858|1009
PROCEDURAL_ROW|0|RELAY_OUTPUT|1|ACCEPT|1042|865|-877054539|-160230153|34
PROCEDURAL_ROW|0|RELAY_OUTPUT|4|ACCEPT|831|1025|1724421558|1851752738|70
PROCEDURAL_ROW|0|RELAY_OUTPUT|17|ACCEPT|1222|755|-1951806570|1594790530|208
PROCEDURAL_ROW|0|RELAY_OUTPUT|42|ACCEPT|1112|795|515044215|-1642282722|53
PROCEDURAL_ROW|0|RELAY_OUTPUT|-1|ACCEPT|1002|876|1790744569|-1622304979|69
PROCEDURAL_ROW|0|RELAY_OUTPUT|-9223372036854775808|ACCEPT|1362|756|1150040376|1381172526|65
PROCEDURAL_ROW|0|RELAY_OUTPUT|9223372036854775807|ACCEPT|1682|715|-1776287056|650992813|273
PROCEDURAL_SUMMARY|RELAY_OUTPUT|0|8|8|8
PASS: procedural family contracts assertions=54

PROCEDURAL_ROW|1|RELAY_OUTPUT|936927718510540323|ACCEPT|1182|786|-119091599|-1189764752|722
PROCEDURAL_ROW|1|RELAY_OUTPUT|-6751984890832468710|ACCEPT|1012|860|965201362|603569505|100
PROCEDURAL_ROW|1|RELAY_OUTPUT|4374486180868546127|ACCEPT|1002|845|-1929083373|-1599314026|110
PROCEDURAL_ROW|1|RELAY_OUTPUT|-1470617604193128648|ACCEPT|1152|842|1318773898|-1086529075|51
PROCEDURAL_ROW|1|RELAY_OUTPUT|9007199254740993|ACCEPT|1252|756|802546618|1138120839|208
PROCEDURAL_ROW|1|RELAY_OUTPUT|-9007199254740993|ACCEPT|982|841|416674385|-959477366|138
PROCEDURAL_ROW|1|RELAY_OUTPUT|281474976710656|ACCEPT|962|859|1512529521|1806538548|67
PROCEDURAL_ROW|1|RELAY_OUTPUT|-4194978729361594021|ACCEPT|1332|555|-551603427|1310323|198
PROCEDURAL_SUMMARY|RELAY_OUTPUT|1|8|8|8
PASS: procedural family contracts assertions=47

PROCEDURAL_ROW|0|SENSOR_CONTROL|0|ACCEPT|1152|924|-377375883|-996138111|1346
PROCEDURAL_ROW|0|SENSOR_CONTROL|1|ACCEPT|1031|1209|-400159579|1279641338|137
PROCEDURAL_ROW|0|SENSOR_CONTROL|4|ACCEPT|1372|859|938315637|1473607731|52
PROCEDURAL_ROW|0|SENSOR_CONTROL|17|ACCEPT|951|944|-1324739269|-1030178320|313
PROCEDURAL_ROW|0|SENSOR_CONTROL|42|ACCEPT|1112|1064|-2087860578|-1695540403|161
PROCEDURAL_ROW|0|SENSOR_CONTROL|-1|ACCEPT|1142|1094|463956913|-634919169|133
PROCEDURAL_ROW|0|SENSOR_CONTROL|-9223372036854775808|ACCEPT|1472|775|371160684|940489891|177
PROCEDURAL_ROW|0|SENSOR_CONTROL|9223372036854775807|ACCEPT|931|824|-1007737956|-651559890|268
PROCEDURAL_SUMMARY|SENSOR_CONTROL|0|8|8|8
PASS: procedural family contracts assertions=54

PROCEDURAL_ROW|1|SENSOR_CONTROL|936927718510540323|ACCEPT|1212|794|600282610|1142998780|1066
PROCEDURAL_ROW|1|SENSOR_CONTROL|-6751984890832468710|ACCEPT|1222|754|2100077204|-1208531999|203
PROCEDURAL_ROW|1|SENSOR_CONTROL|4374486180868546127|ACCEPT|1282|1069|69744168|-214781706|257
PROCEDURAL_ROW|1|SENSOR_CONTROL|-1470617604193128648|ACCEPT|1092|1044|447222190|961524056|108
PROCEDURAL_ROW|1|SENSOR_CONTROL|9007199254740993|ACCEPT|1172|954|-318500349|-327998452|486
PROCEDURAL_ROW|1|SENSOR_CONTROL|-9007199254740993|ACCEPT|1172|1094|-1849517198|753753241|316
PROCEDURAL_ROW|1|SENSOR_CONTROL|281474976710656|ACCEPT|1442|764|-1888463468|2085884718|138
PROCEDURAL_ROW|1|SENSOR_CONTROL|-4194978729361594021|ACCEPT|1051|904|-176167064|1584445667|1973
PROCEDURAL_SUMMARY|SENSOR_CONTROL|1|8|8|8
PASS: procedural family contracts assertions=47

PROCEDURAL_ROW|0|RB15_CONTROL|0|ACCEPT|1382|1506|709600489|-303320707|1056
PROCEDURAL_ROW|0|RB15_CONTROL|1|ACCEPT|1612|1065|-1312972044|1732468082|1322
PROCEDURAL_ROW|0|RB15_CONTROL|4|ACCEPT|1632|1060|-1238820940|-1703348802|783
PROCEDURAL_ROW|0|RB15_CONTROL|17|ACCEPT|1412|1349|-1647735608|-947744063|6328
PROCEDURAL_ROW|0|RB15_CONTROL|42|ACCEPT|1692|1135|3131221|-1893100122|1247
PROCEDURAL_ROW|0|RB15_CONTROL|-1|ACCEPT|1522|1220|-1783469430|-799583004|767
PROCEDURAL_ROW|0|RB15_CONTROL|-9223372036854775808|ACCEPT|1532|1374|246463740|1175741665|1778
PROCEDURAL_ROW|0|RB15_CONTROL|9223372036854775807|ACCEPT|1792|1069|549387244|-441319109|2629
PROCEDURAL_SUMMARY|RB15_CONTROL|0|8|8|8
PASS: procedural family contracts assertions=54

PROCEDURAL_ROW|1|RB15_CONTROL|936927718510540323|ACCEPT|1592|1095|856771797|926266396|2245
PROCEDURAL_ROW|1|RB15_CONTROL|-6751984890832468710|ACCEPT|1702|999|2086430040|-1265214396|2552
PROCEDURAL_ROW|1|RB15_CONTROL|4374486180868546127|ACCEPT|1552|974|1942743335|-1957601275|3240
PROCEDURAL_ROW|1|RB15_CONTROL|-1470617604193128648|ACCEPT|1182|1464|-1416061816|1816678473|2500
PROCEDURAL_ROW|1|RB15_CONTROL|9007199254740993|ACCEPT|1582|1105|1075979122|912718808|826
PROCEDURAL_ROW|1|RB15_CONTROL|-9007199254740993|ACCEPT|1512|994|1069282725|707135744|1634
PROCEDURAL_ROW|1|RB15_CONTROL|281474976710656|ACCEPT|1412|1345|-1954154704|-570549290|197
PROCEDURAL_ROW|1|RB15_CONTROL|-4194978729361594021|ACCEPT|1422|1515|264989556|-1403382248|1414
PROCEDURAL_SUMMARY|RB15_CONTROL|1|8|8|8
PASS: procedural family contracts assertions=47

PROCEDURAL_ROW|0|COMPOSED_CONTROLLED_INDICATOR|0|ACCEPT|1371|1115|125894724|1657165260|1781
PROCEDURAL_ROW|0|COMPOSED_CONTROLLED_INDICATOR|1|ACCEPT|1212|1385|141977418|1339614457|284
PROCEDURAL_ROW|0|COMPOSED_CONTROLLED_INDICATOR|4|ACCEPT|1005|1446|268263992|860027756|360
PROCEDURAL_ROW|0|COMPOSED_CONTROLLED_INDICATOR|17|ACCEPT|1212|1296|-733278557|2105240467|1276
PROCEDURAL_ROW|0|COMPOSED_CONTROLLED_INDICATOR|42|ACCEPT|1151|1166|261028892|907055892|203
PROCEDURAL_ROW|0|COMPOSED_CONTROLLED_INDICATOR|-1|ACCEPT|1542|826|-788346756|-949965014|46
PROCEDURAL_ROW|0|COMPOSED_CONTROLLED_INDICATOR|-9223372036854775808|ACCEPT|1382|1166|2061653410|2128481116|159
PROCEDURAL_ROW|0|COMPOSED_CONTROLLED_INDICATOR|9223372036854775807|ACCEPT|1532|785|771009915|-1770135200|344
PROCEDURAL_SUMMARY|COMPOSED_CONTROLLED_INDICATOR|0|8|8|8
PASS: procedural family contracts assertions=63

PROCEDURAL_ROW|1|COMPOSED_CONTROLLED_INDICATOR|936927718510540323|ACCEPT|1302|1346|-2013922978|871399144|1089
PROCEDURAL_ROW|1|COMPOSED_CONTROLLED_INDICATOR|-6751984890832468710|ACCEPT|1341|875|595769713|-1352972914|287
PROCEDURAL_ROW|1|COMPOSED_CONTROLLED_INDICATOR|4374486180868546127|ACCEPT|1322|1446|1469852284|162281448|352
PROCEDURAL_ROW|1|COMPOSED_CONTROLLED_INDICATOR|-1470617604193128648|ACCEPT|1342|1094|1557662010|-822061170|319
PROCEDURAL_ROW|1|COMPOSED_CONTROLLED_INDICATOR|9007199254740993|ACCEPT|1232|1295|-1767889271|-312321427|258
PROCEDURAL_ROW|1|COMPOSED_CONTROLLED_INDICATOR|-9007199254740993|ACCEPT|1402|1166|-1884563377|83390758|917
PROCEDURAL_ROW|1|COMPOSED_CONTROLLED_INDICATOR|281474976710656|ACCEPT|1222|1146|1555427478|1136305360|198
PROCEDURAL_ROW|1|COMPOSED_CONTROLLED_INDICATOR|-4194978729361594021|ACCEPT|1362|1316|-1868928420|-903197232|1093
PROCEDURAL_SUMMARY|COMPOSED_CONTROLLED_INDICATOR|1|8|8|8
PASS: procedural family contracts assertions=47

PROCEDURAL_ROW|0|RB30_CONTROL|0|ROUTE_REJECT|Unable to generate a routed PCB after 14 deterministic attempts for seed -5811592868239938363: PCB routing candidate rejected at attempt 12: P07_FULLER_TWO_LAYER:A_COIL_LOW:BRANCH_SEARCH_LIMIT
PROCEDURAL_ROW|0|RB30_CONTROL|1|ACCEPT|3652|2161|684171884|-1983249222|4009
PROCEDURAL_ROW|0|RB30_CONTROL|4|ACCEPT|4122|1504|712246298|1959797927|5615
PROCEDURAL_ROW|0|RB30_CONTROL|17|ACCEPT|4502|1824|-976531925|-1589642072|4675
PROCEDURAL_ROW|0|RB30_CONTROL|42|ACCEPT|4142|1794|1072787072|-772691110|3670
PROCEDURAL_ROW|0|RB30_CONTROL|-1|ROUTE_REJECT|Unable to generate a routed PCB after 14 deterministic attempts for seed 238220749003354460: PCB routing candidate rejected at attempt 12: P07_FULLER_TWO_LAYER:RAIL5:NO_PATH
PROCEDURAL_ROW|0|RB30_CONTROL|-9223372036854775808|ACCEPT|3611|1704|-310919372|-1202961910|5941
PROCEDURAL_ROW|0|RB30_CONTROL|9223372036854775807|ACCEPT|3752|2311|425350970|373543633|5180
PROCEDURAL_SUMMARY|RB30_CONTROL|0|6|6|6
PASS: procedural family contracts assertions=41

PROCEDURAL_ROW|1|RB30_CONTROL|936927718510540323|ROUTE_REJECT|Unable to generate a routed PCB after 14 deterministic attempts for seed -7274648788016170330: PCB routing candidate rejected at attempt 12: P07_FULLER_TWO_LAYER:RAIL5:BRANCH_SEARCH_LIMIT
PROCEDURAL_ROW|1|RB30_CONTROL|-6751984890832468710|ROUTE_REJECT|Unable to generate a routed PCB after 14 deterministic attempts for seed -2169976605293818735: PCB placement candidate rejected at attempt 12: DISCONNECTED_ESCAPE_CHANNEL
PROCEDURAL_ROW|1|RB30_CONTROL|4374486180868546127|ACCEPT|4502|1295|63365781|-1990753972|3426
PROCEDURAL_ROW|1|RB30_CONTROL|-1470617604193128648|ACCEPT|4883|2406|-1982478671|1263819279|4835
PROCEDURAL_ROW|1|RB30_CONTROL|9007199254740993|ACCEPT|4002|1754|-565835182|-2133375315|4611
PROCEDURAL_ROW|1|RB30_CONTROL|-9007199254740993|ROUTE_REJECT|Unable to generate a routed PCB after 14 deterministic attempts for seed 6382871115247360111: PCB routing candidate rejected at attempt 12: P07_FULLER_TWO_LAYER:RAIL5:BRANCH_SEARCH_LIMIT
PROCEDURAL_ROW|1|RB30_CONTROL|281474976710656|ACCEPT|3582|1655|-1309310512|-1859925733|3490
PROCEDURAL_ROW|1|RB30_CONTROL|-4194978729361594021|ACCEPT|3642|1771|2058610339|981784847|4394
PROCEDURAL_SUMMARY|RB30_CONTROL|1|5|5|5

Exception in thread "main" java.lang.AssertionError: [Too many physical rejections in RB30_CONTROL cohort 1, Full geometry diversity collapsed in RB30_CONTROL]
	at com.lushprojects.circuitjs1.client.ProceduralFamilyContractTest.main(ProceduralFamilyContractTest.java:59)

CURRENT_CONTRACT_FAILURE: Procedural family cohort did not provide a qualified result: RB30_CONTROL/1, exit 1
CLEANUP: current JVM contract classes and task-owned scratch removed.
