The names of some imported commands from the module 'VerifierIsolation' include unapproved verbs that might make them less discoverable. To find the commands with unapproved verbs, run the Import-Module command again with the Verbose parameter. For a list of approved verbs, type Get-Verb.
JDK: javac 1.8.0_502
NATIVE BRIDGE: scratch-only exact CirSim.console -> System.err.println; CircuitJS solver/models unchanged.

warning: [options] bootstrap class path not set in conjunction with -source 1.7
Note: Some input files use unchecked or unsafe operations.
Note: Recompile with -Xlint:unchecked for details.
1 warning

SERVICE_COVERAGE LED_INDICATOR parts=3
SERVICE_COVERAGE DIODE_PROTECTED_INDICATOR parts=4
SERVICE_COVERAGE PARALLEL_DUAL_INDICATOR parts=5
SERVICE_COVERAGE RC_DELAY parts=6
SERVICE_COVERAGE NPN_LOW_SIDE_SWITCH parts=7
SERVICE_COVERAGE NMOS_LOW_SIDE_SWITCH parts=6
SERVICE_COVERAGE RELAY_OUTPUT parts=9
SERVICE_COVERAGE SENSOR_CONTROL parts=9
SERVICE_COVERAGE RB15_CONTROL parts=16
SERVICE_COVERAGE COMPOSED_CONTROLLED_INDICATOR parts=15
SERVICE_COVERAGE RB30_CONTROL parts=37
PASS: physical serviceability contracts assertions=1427

PASS: E03 relay contracts 161 assertions

PASS: Q30 catalog identity contracts assertions=13

Q30_CATALOG_TRANSFER_CLEANUP ownerDeleted=true graphEmpty=true powerDisconnected=true capabilityRegistryCleared=true slotsRestored=true nativeSolverModelResetInvoked=false browserResetOutsideNativeFixture=true

node 11 unconnected
node 11 unconnected
node 58 unconnected
node 61 unconnected
node 11 unconnected
node 52 unconnected
node 55 unconnected
node 58 unconnected
node 63 unconnected
node 66 unconnected
node 11 unconnected
node 52 unconnected
node 55 unconnected
node 11 unconnected
node 52 unconnected
node 55 unconnected
node 58 unconnected
node 63 unconnected
node 66 unconnected
node 11 unconnected
node 58 unconnected
node 61 unconnected
node 11 unconnected
node 58 unconnected
node 61 unconnected
node 64 unconnected
node 11 unconnected
node 23 unconnected
node 63 unconnected
node 66 unconnected
node 69 unconnected
node 11 unconnected
node 23 unconnected
node 63 unconnected
node 66 unconnected
node 11 unconnected
node 23 unconnected
node 63 unconnected
node 66 unconnected
node 69 unconnected
node 11 unconnected
node 58 unconnected
node 61 unconnected
node 64 unconnected
node 11 unconnected
node 58 unconnected
node 61 unconnected
node 64 unconnected
node 69 unconnected
node 70 unconnected
node 11 unconnected
node 42 unconnected
node 43 unconnected
node 61 unconnected
node 64 unconnected
node 67 unconnected
node 72 unconnected
node 73 unconnected
node 11 unconnected
node 58 unconnected
node 61 unconnected
node 64 unconnected
node 69 unconnected
node 70 unconnected
Exception in thread "main" java.lang.AssertionError: QA removal detaches its original live element and leaves a typed empty slot
	at com.lushprojects.circuitjs1.client.Q30CatalogTransferContractTest.check(Q30CatalogTransferContractTest.java:48)
	at com.lushprojects.circuitjs1.client.Q30CatalogTransferContractTest.access$200(Q30CatalogTransferContractTest.java:7)
	at com.lushprojects.circuitjs1.client.Q30CatalogTransferContractTest$TransferContext.serviceDriver(Q30CatalogTransferContractTest.java:274)
	at com.lushprojects.circuitjs1.client.Q30CatalogTransferContractTest$TransferContext.run(Q30CatalogTransferContractTest.java:104)
	at com.lushprojects.circuitjs1.client.Q30CatalogTransferContractTest.main(Q30CatalogTransferContractTest.java:18)

CURRENT_CONTRACT_FAILURE: Current contract did not provide a qualified result: Q30CatalogTransferContractTest, exit 1
CLEANUP: current JVM contract classes and task-owned scratch removed.
