The names of some imported commands from the module 'VerifierIsolation' include unapproved verbs that might make them less discoverable. To find the commands with unapproved verbs, run the Import-Module command again with the Verbose parameter. For a list of approved verbs, type Get-Verb.
JDK: javac 1.8.0_502

warning: [options] bootstrap class path not set in conjunction with -source 1.7
<worktree>\src\com\lushprojects\circuitjs1\client\Q30DiagnosticAdmissionVerifier.java:424: error: no suitable method found for put(JSONObject,String,JSONObject)
                put(report, "cleanupFailureCanaryAudit", cleanupJson(cleanupCanaryAudit));
                ^
    method Q30DiagnosticAdmissionVerifier.put(JSONObject,String,String) is not applicable
      (argument mismatch; JSONObject cannot be converted to String)
    method Q30DiagnosticAdmissionVerifier.put(JSONObject,String,boolean) is not applicable
      (argument mismatch; JSONObject cannot be converted to boolean)
    method Q30DiagnosticAdmissionVerifier.put(JSONObject,String,int) is not applicable
      (argument mismatch; JSONObject cannot be converted to int)
    method Q30DiagnosticAdmissionVerifier.put(JSONObject,String,long) is not applicable
      (argument mismatch; JSONObject cannot be converted to long)
    method Q30DiagnosticAdmissionVerifier.put(JSONObject,String,double) is not applicable
      (argument mismatch; JSONObject cannot be converted to double)
<worktree>\src\com\lushprojects\circuitjs1\client\Q30DiagnosticAdmissionVerifier.java:455: error: cannot find symbol
                cleanupFailureAudit = cleanupFailureSession.getCleanupAudit();
                ^
  symbol:   variable cleanupFailureAudit
  location: class Runner
<worktree>\src\com\lushprojects\circuitjs1\client\Q30DiagnosticAdmissionVerifier.java:459: error: cannot find symbol
                negative.put("cleanupAudit", cleanupJson(cleanupFailureAudit));
                                                         ^
  symbol:   variable cleanupFailureAudit
  location: class Runner
Note: Some input files use unchecked or unsafe operations.
Note: Recompile with -Xlint:unchecked for details.
3 errors
1 warning

CURRENT_CONTRACT_FAILURE: Current production-class compilation failed, exit 1
CLEANUP: current JVM contract classes and task-owned scratch removed.
