The names of some imported commands from the module 'VerifierIsolation' include unapproved verbs that might make them less discoverable. To find the commands with unapproved verbs, run the Import-Module command again with the Verbose parameter. For a list of approved verbs, type Get-Verb.
JDK: javac 1.8.0_502
NATIVE BRIDGE: scratch-only exact CirSim.console -> System.err.println; CircuitJS solver/models unchanged.

warning: [options] bootstrap class path not set in conjunction with -source 1.7
Note: Some input files use unchecked or unsafe operations.
Note: Recompile with -Xlint:unchecked for details.
1 warning

PASS: Q30 temporal work contracts 83 assertions profileUnits=5 retestUnits=5

node 11 unconnected
converged after 25 iterations, timeStep = 5.0E-6
converged after 6 iterations, timeStep = 5.0E-6
node 11 unconnected
node 11 unconnected
converged after 16 iterations, timeStep = 5.0E-6
node 11 unconnected
converged after 19 iterations, timeStep = 5.0E-6
node 11 unconnected
converged after 19 iterations, timeStep = 5.0E-6
node 11 unconnected
converged after 10 iterations, timeStep = 5.0E-6
node 11 unconnected
converged after 16 iterations, timeStep = 5.0E-6
node 11 unconnected
converged after 19 iterations, timeStep = 5.0E-6
node 11 unconnected
converged after 9 iterations, timeStep = 5.0E-6
node 11 unconnected
converged after 10 iterations, timeStep = 5.0E-6
node 11 unconnected
converged after 16 iterations, timeStep = 5.0E-6
node 11 unconnected
converged after 19 iterations, timeStep = 5.0E-6
node 11 unconnected
converged after 19 iterations, timeStep = 5.0E-6
node 11 unconnected
converged after 10 iterations, timeStep = 5.0E-6
node 11 unconnected
converged after 19 iterations, timeStep = 5.0E-6
node 11 unconnected
converged after 10 iterations, timeStep = 5.0E-6
node 11 unconnected
converged after 16 iterations, timeStep = 5.0E-6
node 11 unconnected
node 11 unconnected
converged after 10 iterations, timeStep = 5.0E-6
node 11 unconnected
converged after 16 iterations, timeStep = 5.0E-6
node 11 unconnected
converged after 19 iterations, timeStep = 5.0E-6
node 11 unconnected
converged after 10 iterations, timeStep = 5.0E-6
node 11 unconnected
converged after 16 iterations, timeStep = 5.0E-6
node 11 unconnected
node 11 unconnected
converged after 10 iterations, timeStep = 5.0E-6
node 11 unconnected
node 11 unconnected
converged after 16 iterations, timeStep = 5.0E-6
node 11 unconnected
converged after 10 iterations, timeStep = 5.0E-6

Q30_CORPUS_JSON:{"schema":1,"seed":"0","outcome":"ACCEPTED","routeOutcome":"SUCCESS","normalAdmissionOutcome":"ACCEPTED","normalAdmissionReason":null,"topologyAxis":"RB30_SEPARATE_DIRECT_A_BJT_B_BJT","support":"COMPACT_31","partCount":31,"contractValidated":true,"cleanup":true,"hypothesisCount":5,"observationCount":37,"physicalFingerprintHash":"5cbfbee0","layoutFingerprintHash":"fd42bbc8","coldConstructionNanos":50800000,"coldAdmissionAssemblyNanos":39561999,"coldGenerationNanos":90361999,"coldRouteNanos":6321111500,"coldPlacementAdvanceNanos":223085601,"coldRoutingAdvanceNanos":6097901001,"coldPlacementAdvances":6,"coldRoutingAdvances":88,"warmConstructionNanos":3284200,"warmAdmissionAssemblyNanos":23915301,"warmGenerationNanos":27199501,"warmRouteNanos":5756989200,"warmPlacementAdvanceNanos":87751901,"warmRoutingAdvanceNanos":5669078605,"cleanupNanos":495000,"normalStructuralReplayNanos":237143900,"totalNanos":12489930400,"routeTimingMethod":"first six session advances=placement; remaining advances=routing","proofPhase":"NOT_RUN_BY_NORMAL_CORPUS_CONTRACT","coldRouteCanonical":"MEDIUM_BOARD@1;outcome=SUCCESS;selected=P07_FULLER_TWO_LAYER;placements=6;placementRejects=0;placementEvaluations=23424;routes=6;routingWork=19/5216464;p05=3/0;p07=3/2;selectedAttempt=4;ranked=[4, 1, 0, 5, 2, 3];placementScores=[4{total=1084946;electrical=121140;region=9628;connector=6710;corridor=2234;outline=7690800;courtyard=575516;demand=1981598}, 1{total=1149843;electrical=129480;region=8775;connector=7490;corridor=1976;outline=7717200;courtyard=569516;demand=1965598}, 0{total=1218603;electrical=135980;region=9307;connector=8910;corridor=2506;outline=7455600;courtyard=573116;demand=1975198}, 5{total=1245978;electrical=139560;region=9025;connector=8250;corridor=2824;outline=7484700;courtyard=567116;demand=1959198}, 2{total=1258998;electrical=141700;region=9475;connector=8610;corridor=2162;outline=7360000;courtyard=569516;demand=1965598}, 3{total=1290227;electrical=142120;region=11055;connector=7740;corridor=4371;outline=7603200;courtyard=574316;demand=1978398}];selectedScore=1084946;selectedQualityMilli=181718857;routeOutcomes=[P05_ONE_FACE@4=REJECTED:TOTAL_SEARCH_WORK_BUDGET, P05_ONE_FACE@1=REJECTED:TOTAL_SEARCH_WORK_BUDGET, P05_ONE_FACE@0=REJECTED:TOTAL_SEARCH_WORK_BUDGET, P07_FULLER_TWO_LAYER@4=SUCCESS, P07_FULLER_TWO_LAYER@1=SUCCESS, P07_FULLER_TWO_LAYER@0=REJECTED:P07_FULLER_TWO_LAYER:CTRL_RETURN:NO_PATH];failure=null","warmRouteCanonical":"MEDIUM_BOARD@1;outcome=SUCCESS;selected=P07_FULLER_TWO_LAYER;placements=6;placementRejects=0;placementEvaluations=23424;routes=6;routingWork=19/5216464;p05=3/0;p07=3/2;selectedAttempt=4;ranked=[4, 1, 0, 5, 2, 3];placementScores=[4{total=1084946;electrical=121140;region=9628;connector=6710;corridor=2234;outline=7690800;courtyard=575516;demand=1981598}, 1{total=1149843;electrical=129480;region=8775;connector=7490;corridor=1976;outline=7717200;courtyard=569516;demand=1965598}, 0{total=1218603;electrical=135980;region=9307;connector=8910;corridor=2506;outline=7455600;courtyard=573116;demand=1975198}, 5{total=1245978;electrical=139560;region=9025;connector=8250;corridor=2824;outline=7484700;courtyard=567116;demand=1959198}, 2{total=1258998;electrical=141700;region=9475;connector=8610;corridor=2162;outline=7360000;courtyard=569516;demand=1965598}, 3{total=1290227;electrical=142120;region=11055;connector=7740;corridor=4371;outline=7603200;courtyard=574316;demand=1978398}];selectedScore=1084946;selectedQualityMilli=181718857;routeOutcomes=[P05_ONE_FACE@4=REJECTED:TOTAL_SEARCH_WORK_BUDGET, P05_ONE_FACE@1=REJECTED:TOTAL_SEARCH_WORK_BUDGET, P05_ONE_FACE@0=REJECTED:TOTAL_SEARCH_WORK_BUDGET, P07_FULLER_TWO_LAYER@4=SUCCESS, P07_FULLER_TWO_LAYER@1=SUCCESS, P07_FULLER_TWO_LAYER@0=REJECTED:P07_FULLER_TWO_LAYER:CTRL_RETURN:NO_PATH];failure=null","coldRouteOutcomes":["P05_ONE_FACE@4=REJECTED:TOTAL_SEARCH_WORK_BUDGET","P05_ONE_FACE@1=REJECTED:TOTAL_SEARCH_WORK_BUDGET","P05_ONE_FACE@0=REJECTED:TOTAL_SEARCH_WORK_BUDGET","P07_FULLER_TWO_LAYER@4=SUCCESS","P07_FULLER_TWO_LAYER@1=SUCCESS","P07_FULLER_TWO_LAYER@0=REJECTED:P07_FULLER_TWO_LAYER:CTRL_RETURN:NO_PATH"],"warmRouteOutcomes":["P05_ONE_FACE@4=REJECTED:TOTAL_SEARCH_WORK_BUDGET","P05_ONE_FACE@1=REJECTED:TOTAL_SEARCH_WORK_BUDGET","P05_ONE_FACE@0=REJECTED:TOTAL_SEARCH_WORK_BUDGET","P07_FULLER_TWO_LAYER@4=SUCCESS","P07_FULLER_TWO_LAYER@1=SUCCESS","P07_FULLER_TWO_LAYER@0=REJECTED:P07_FULLER_TWO_LAYER:CTRL_RETURN:NO_PATH"],"routeRejection":null,"validationFailure":null}
PASS: Q30 normal corpus contracts outcome=ACCEPTED routeOutcome=SUCCESS normalAdmission=ACCEPTED cleanup=true assertions=3557 seed=0

Q30_CORPUS_JSON:{"schema":1,"seed":"4","outcome":"ACCEPTED","routeOutcome":"SUCCESS","normalAdmissionOutcome":"ACCEPTED","normalAdmissionReason":null,"topologyAxis":"RB30_SEPARATE_DIRECT_A_BJT_B_NMOS","support":"FILTERED_35","partCount":35,"contractValidated":true,"cleanup":true,"hypothesisCount":5,"observationCount":37,"physicalFingerprintHash":"d3c68e5c","layoutFingerprintHash":"245ff321","coldConstructionNanos":51899599,"coldAdmissionAssemblyNanos":54809000,"coldGenerationNanos":106708599,"coldRouteNanos":3920238600,"coldPlacementAdvanceNanos":252401698,"coldRoutingAdvanceNanos":3667750897,"coldPlacementAdvances":6,"coldRoutingAdvances":44,"warmConstructionNanos":3077200,"warmAdmissionAssemblyNanos":24085400,"warmGenerationNanos":27162600,"warmRouteNanos":3105499300,"warmPlacementAdvanceNanos":107388100,"warmRoutingAdvanceNanos":2998044998,"cleanupNanos":520999,"normalStructuralReplayNanos":206455600,"totalNanos":7401364199,"routeTimingMethod":"first six session advances=placement; remaining advances=routing","proofPhase":"NOT_RUN_BY_NORMAL_CORPUS_CONTRACT","coldRouteCanonical":"MEDIUM_BOARD@1;outcome=SUCCESS;selected=P07_FULLER_TWO_LAYER;placements=6;placementRejects=0;placementEvaluations=26436;routes=6;routingWork=18/4010869;p05=3/0;p07=3/2;selectedAttempt=5;ranked=[5, 4, 3, 0, 1, 2];placementScores=[5{total=1043318;electrical=118310;region=8670;connector=5530;corridor=1504;outline=8212500;courtyard=600452;demand=2118431}, 4{total=1166077;electrical=132400;region=8975;connector=7140;corridor=1453;outline=7965000;courtyard=605252;demand=2131231}, 3{total=1223083;electrical=138210;region=10208;connector=7660;corridor=1649;outline=8079300;courtyard=607652;demand=2137631}, 0{total=1224089;electrical=138490;region=10390;connector=7430;corridor=1616;outline=7901600;courtyard=605252;demand=2131231}, 1{total=1235487;electrical=138400;region=10295;connector=7630;corridor=2539;outline=8119200;courtyard=606452;demand=2134431}, 2{total=1277625;electrical=142040;region=10795;connector=6970;corridor=3784;outline=8165700;courtyard=604052;demand=2128031}];selectedScore=1043318;selectedQualityMilli=167778931;routeOutcomes=[P05_ONE_FACE@5=REJECTED:Unable to route net RAIL5 from U2A.RAIL@570,1630 to connected tree, P05_ONE_FACE@4=REJECTED:TOTAL_SEARCH_WORK_BUDGET, P05_ONE_FACE@3=REJECTED:TOTAL_SEARCH_WORK_BUDGET, P07_FULLER_TWO_LAYER@5=SUCCESS, P07_FULLER_TWO_LAYER@4=SUCCESS, P07_FULLER_TWO_LAYER@3=REJECTED:P07_FULLER_TWO_LAYER:CTRL_RETURN:NO_PATH];failure=null","warmRouteCanonical":"MEDIUM_BOARD@1;outcome=SUCCESS;selected=P07_FULLER_TWO_LAYER;placements=6;placementRejects=0;placementEvaluations=26436;routes=6;routingWork=18/4010869;p05=3/0;p07=3/2;selectedAttempt=5;ranked=[5, 4, 3, 0, 1, 2];placementScores=[5{total=1043318;electrical=118310;region=8670;connector=5530;corridor=1504;outline=8212500;courtyard=600452;demand=2118431}, 4{total=1166077;electrical=132400;region=8975;connector=7140;corridor=1453;outline=7965000;courtyard=605252;demand=2131231}, 3{total=1223083;electrical=138210;region=10208;connector=7660;corridor=1649;outline=8079300;courtyard=607652;demand=2137631}, 0{total=1224089;electrical=138490;region=10390;connector=7430;corridor=1616;outline=7901600;courtyard=605252;demand=2131231}, 1{total=1235487;electrical=138400;region=10295;connector=7630;corridor=2539;outline=8119200;courtyard=606452;demand=2134431}, 2{total=1277625;electrical=142040;region=10795;connector=6970;corridor=3784;outline=8165700;courtyard=604052;demand=2128031}];selectedScore=1043318;selectedQualityMilli=167778931;routeOutcomes=[P05_ONE_FACE@5=REJECTED:Unable to route net RAIL5 from U2A.RAIL@570,1630 to connected tree, P05_ONE_FACE@4=REJECTED:TOTAL_SEARCH_WORK_BUDGET, P05_ONE_FACE@3=REJECTED:TOTAL_SEARCH_WORK_BUDGET, P07_FULLER_TWO_LAYER@5=SUCCESS, P07_FULLER_TWO_LAYER@4=SUCCESS, P07_FULLER_TWO_LAYER@3=REJECTED:P07_FULLER_TWO_LAYER:CTRL_RETURN:NO_PATH];failure=null","coldRouteOutcomes":["P05_ONE_FACE@5=REJECTED:Unable to route net RAIL5 from U2A.RAIL@570,1630 to connected tree","P05_ONE_FACE@4=REJECTED:TOTAL_SEARCH_WORK_BUDGET","P05_ONE_FACE@3=REJECTED:TOTAL_SEARCH_WORK_BUDGET","P07_FULLER_TWO_LAYER@5=SUCCESS","P07_FULLER_TWO_LAYER@4=SUCCESS","P07_FULLER_TWO_LAYER@3=REJECTED:P07_FULLER_TWO_LAYER:CTRL_RETURN:NO_PATH"],"warmRouteOutcomes":["P05_ONE_FACE@5=REJECTED:Unable to route net RAIL5 from U2A.RAIL@570,1630 to connected tree","P05_ONE_FACE@4=REJECTED:TOTAL_SEARCH_WORK_BUDGET","P05_ONE_FACE@3=REJECTED:TOTAL_SEARCH_WORK_BUDGET","P07_FULLER_TWO_LAYER@5=SUCCESS","P07_FULLER_TWO_LAYER@4=SUCCESS","P07_FULLER_TWO_LAYER@3=REJECTED:P07_FULLER_TWO_LAYER:CTRL_RETURN:NO_PATH"],"routeRejection":null,"validationFailure":null}
PASS: Q30 normal corpus contracts outcome=ACCEPTED routeOutcome=SUCCESS normalAdmission=ACCEPTED cleanup=true assertions=3834 seed=4

Q30_CORPUS_JSON:{"schema":1,"seed":"35","outcome":"REJECTED","routeOutcome":"REJECTED","normalAdmissionOutcome":"REJECTED_ROUTE","normalAdmissionReason":null,"topologyAxis":"RB30_SEPARATE_DIRECT_A_NMOS_B_BJT","support":"STANDARD_33","partCount":33,"contractValidated":true,"cleanup":true,"hypothesisCount":0,"observationCount":0,"physicalFingerprintHash":null,"layoutFingerprintHash":null,"coldConstructionNanos":51498699,"coldAdmissionAssemblyNanos":null,"coldGenerationNanos":null,"coldRouteNanos":5403676000,"coldPlacementAdvanceNanos":220202798,"coldRoutingAdvanceNanos":5183343499,"coldPlacementAdvances":6,"coldRoutingAdvances":76,"warmConstructionNanos":3157501,"warmAdmissionAssemblyNanos":null,"warmGenerationNanos":null,"warmRouteNanos":4685461900,"warmPlacementAdvanceNanos":94369000,"warmRoutingAdvanceNanos":4590967200,"cleanupNanos":676899,"normalStructuralReplayNanos":null,"totalNanos":10151789599,"routeTimingMethod":"first six session advances=placement; remaining advances=routing","proofPhase":"NOT_RUN_BY_NORMAL_CORPUS_CONTRACT","coldRouteCanonical":"MEDIUM_BOARD@1;outcome=REJECTED;selected=null;placements=6;placementRejects=0;placementEvaluations=24947;routes=6;routingWork=20/4838233;p05=3/0;p07=3/0;selectedAttempt=-1;ranked=[5, 2, 3, 0, 4, 1];placementScores=[5{total=1090081;electrical=122500;region=9792;connector=6440;corridor=1797;outline=8050300;courtyard=592052;demand=2067191}, 2{total=1161218;electrical=128080;region=10820;connector=7070;corridor=3357;outline=7945600;courtyard=589652;demand=2060791}, 3{total=1161840;electrical=129100;region=9897;connector=7320;corridor=2920;outline=7839600;courtyard=590852;demand=2063991}, 0{total=1216819;electrical=136420;region=10602;connector=8290;corridor=1921;outline=7628400;courtyard=584852;demand=2047991}, 4{total=1226214;electrical=136390;region=11817;connector=8190;corridor=2353;outline=7787500;courtyard=593252;demand=2070391}, 1{total=1241694;electrical=136090;region=12318;connector=7420;corridor=4061;outline=7819500;courtyard=584852;demand=2047991}];selectedScore=-1;selectedQualityMilli=-1;routeOutcomes=[P05_ONE_FACE@5=REJECTED:TOTAL_SEARCH_WORK_BUDGET, P05_ONE_FACE@2=REJECTED:TOTAL_SEARCH_WORK_BUDGET, P05_ONE_FACE@3=REJECTED:TOTAL_SEARCH_WORK_BUDGET, P07_FULLER_TWO_LAYER@5=REJECTED:P07_FULLER_TWO_LAYER:CTRL_RETURN:BRANCH_SEARCH_LIMIT, P07_FULLER_TWO_LAYER@2=REJECTED:P07_FULLER_TWO_LAYER:CTRL_RETURN:BRANCH_SEARCH_LIMIT, P07_FULLER_TWO_LAYER@3=REJECTED:P07_FULLER_TWO_LAYER:FUSED12:BRANCH_SEARCH_LIMIT];failure=PCB routing candidate rejected at attempt 60: P07_FULLER_TWO_LAYER:FUSED12:BRANCH_SEARCH_LIMIT","warmRouteCanonical":"MEDIUM_BOARD@1;outcome=REJECTED;selected=null;placements=6;placementRejects=0;placementEvaluations=24947;routes=6;routingWork=20/4838233;p05=3/0;p07=3/0;selectedAttempt=-1;ranked=[5, 2, 3, 0, 4, 1];placementScores=[5{total=1090081;electrical=122500;region=9792;connector=6440;corridor=1797;outline=8050300;courtyard=592052;demand=2067191}, 2{total=1161218;electrical=128080;region=10820;connector=7070;corridor=3357;outline=7945600;courtyard=589652;demand=2060791}, 3{total=1161840;electrical=129100;region=9897;connector=7320;corridor=2920;outline=7839600;courtyard=590852;demand=2063991}, 0{total=1216819;electrical=136420;region=10602;connector=8290;corridor=1921;outline=7628400;courtyard=584852;demand=2047991}, 4{total=1226214;electrical=136390;region=11817;connector=8190;corridor=2353;outline=7787500;courtyard=593252;demand=2070391}, 1{total=1241694;electrical=136090;region=12318;connector=7420;corridor=4061;outline=7819500;courtyard=584852;demand=2047991}];selectedScore=-1;selectedQualityMilli=-1;routeOutcomes=[P05_ONE_FACE@5=REJECTED:TOTAL_SEARCH_WORK_BUDGET, P05_ONE_FACE@2=REJECTED:TOTAL_SEARCH_WORK_BUDGET, P05_ONE_FACE@3=REJECTED:TOTAL_SEARCH_WORK_BUDGET, P07_FULLER_TWO_LAYER@5=REJECTED:P07_FULLER_TWO_LAYER:CTRL_RETURN:BRANCH_SEARCH_LIMIT, P07_FULLER_TWO_LAYER@2=REJECTED:P07_FULLER_TWO_LAYER:CTRL_RETURN:BRANCH_SEARCH_LIMIT, P07_FULLER_TWO_LAYER@3=REJECTED:P07_FULLER_TWO_LAYER:FUSED12:BRANCH_SEARCH_LIMIT];failure=PCB routing candidate rejected at attempt 60: P07_FULLER_TWO_LAYER:FUSED12:BRANCH_SEARCH_LIMIT","coldRouteOutcomes":["P05_ONE_FACE@5=REJECTED:TOTAL_SEARCH_WORK_BUDGET","P05_ONE_FACE@2=REJECTED:TOTAL_SEARCH_WORK_BUDGET","P05_ONE_FACE@3=REJECTED:TOTAL_SEARCH_WORK_BUDGET","P07_FULLER_TWO_LAYER@5=REJECTED:P07_FULLER_TWO_LAYER:CTRL_RETURN:BRANCH_SEARCH_LIMIT","P07_FULLER_TWO_LAYER@2=REJECTED:P07_FULLER_TWO_LAYER:CTRL_RETURN:BRANCH_SEARCH_LIMIT","P07_FULLER_TWO_LAYER@3=REJECTED:P07_FULLER_TWO_LAYER:FUSED12:BRANCH_SEARCH_LIMIT"],"warmRouteOutcomes":["P05_ONE_FACE@5=REJECTED:TOTAL_SEARCH_WORK_BUDGET","P05_ONE_FACE@2=REJECTED:TOTAL_SEARCH_WORK_BUDGET","P05_ONE_FACE@3=REJECTED:TOTAL_SEARCH_WORK_BUDGET","P07_FULLER_TWO_LAYER@5=REJECTED:P07_FULLER_TWO_LAYER:CTRL_RETURN:BRANCH_SEARCH_LIMIT","P07_FULLER_TWO_LAYER@2=REJECTED:P07_FULLER_TWO_LAYER:CTRL_RETURN:BRANCH_SEARCH_LIMIT","P07_FULLER_TWO_LAYER@3=REJECTED:P07_FULLER_TWO_LAYER:FUSED12:BRANCH_SEARCH_LIMIT"],"routeRejection":"Unable to generate a routed PCB after 82 deterministic attempts for seed 274218021066538630: PCB routing candidate rejected at attempt 60: P07_FULLER_TWO_LAYER:FUSED12:BRANCH_SEARCH_LIMIT","validationFailure":null}
PASS: Q30 normal corpus contracts outcome=REJECTED routeOutcome=REJECTED normalAdmission=REJECTED_ROUTE cleanup=true assertions=20 seed=35

Q30_CORPUS_CENSUS attempted=3 accepted=2 rejected=1 failed=0 childBudgetMs=60000

Exception in thread "main" java.lang.NullPointerException
	at com.lushprojects.circuitjs1.client.Q30GenerationRequestContractTest.verifyAcceptedRouteConstruction(Q30GenerationRequestContractTest.java:85)
	at com.lushprojects.circuitjs1.client.Q30GenerationRequestContractTest.main(Q30GenerationRequestContractTest.java:10)

CURRENT_CONTRACT_FAILURE: Current contract did not provide a qualified result: Q30GenerationRequestContractTest, exit 1
CLEANUP: current JVM contract classes and task-owned scratch removed.
