The names of some imported commands from the module 'VerifierIsolation' include unapproved verbs that might make them less discoverable. To find the commands with unapproved verbs, run the Import-Module command again with the Verbose parameter. For a list of approved verbs, type Get-Verb.
JDK: javac 1.8.0_502
NATIVE BRIDGE: scratch-only exact CirSim.console -> System.err.println; CircuitJS solver/models unchanged.

warning: [options] bootstrap class path not set in conjunction with -source 1.7
Note: Some input files use unchecked or unsafe operations.
Note: Recompile with -Xlint:unchecked for details.
1 warning

LAYOUT_DETAIL|LED_INDICATOR|0|attempts=1|571/395;J1:71,165:DEFAULT;LED1:301,95:DEFAULT;R1:291,265:SPAN_220;GND:BOTTOM/361,165/361,200/361,265/191,265/161,265;VIN:BOTTOM/321,295/271,295/141,295/141,205/161,205;LED_NODE:BOTTOM/481,295/481,145/321,145/321,165
PROCEDURAL_ROW|0|LED_INDICATOR|0|ACCEPT|571|395|-302911462|1290262267|655
LAYOUT_DETAIL|LED_INDICATOR|1|attempts=1|591/395;J1:71,125:DEFAULT;LED1:301,95:DEFAULT;R1:291,265:SPAN_240;GND:BOTTOM/361,165/361,200/361,225/191,225/161,225;VIN:BOTTOM/321,295/271,295/141,295/141,165/161,165;LED_NODE:BOTTOM/501,295/501,145/321,145/321,165
PROCEDURAL_ROW|0|LED_INDICATOR|1|ACCEPT|591|395|-1186154990|1290262267|7
LAYOUT_DETAIL|LED_INDICATOR|4|attempts=1|591/435;J1:71,234:DEFAULT;LED1:301,224:DEFAULT;R1:291,94:SPAN_240;GND:BOTTOM/361,294/361,329/361,334/191,334/161,334;VIN:BOTTOM/321,124/271,124/161,124/161,274;LED_NODE:BOTTOM/501,124/501,274/321,274/321,294
PROCEDURAL_ROW|0|LED_INDICATOR|4|ACCEPT|591|435|-906649105|-621575995|0
LAYOUT_DETAIL|LED_INDICATOR|17|attempts=1|741/346;J1:71,145:DEFAULT;LED1:261,95:DEFAULT;R1:421,135:SPAN_260;GND:BOTTOM/321,165/321,200/321,245/191,245/161,245;VIN:BOTTOM/451,165/451,145/161,145/161,185;LED_NODE:BOTTOM/651,165/651,125/141,125/141,205/281,205/281,200/281,165
PROCEDURAL_ROW|0|LED_INDICATOR|17|ACCEPT|741|346|-2033452740|-444136881|19
LAYOUT_DETAIL|LED_INDICATOR|42|attempts=1|735/326;J1:579,140:DEFAULT_MIRRORED_X;LED1:79,80:DEFAULT;R1:239,120:SPAN_220;GND:BOTTOM/139,150/139,185/139,240/559,240/589,240;VIN:BOTTOM/269,150/269,180/559,180/589,180;LED_NODE:BOTTOM/429,150/429,130/99,130/99,150
PROCEDURAL_ROW|0|LED_INDICATOR|42|ACCEPT|735|326|-736981525|-1539650535|8
LAYOUT_DETAIL|LED_INDICATOR|-1|attempts=1|775/336;J1:619,150:DEFAULT_MIRRORED_X;LED1:79,80:DEFAULT;R1:239,120:SPAN_260;GND:BOTTOM/139,150/139,185/139,250/599,250/629,250;VIN:BOTTOM/269,150/269,190/599,190/629,190;LED_NODE:BOTTOM/469,150/469,130/99,130/99,150
PROCEDURAL_ROW|0|LED_INDICATOR|-1|ACCEPT|775|336|-437526198|-1539650535|5
LAYOUT_DETAIL|LED_INDICATOR|-9223372036854775808|attempts=1|591/385;J1:71,154:DEFAULT;LED1:301,224:DEFAULT;R1:291,94:SPAN_240;GND:BOTTOM/361,294/361,254/191,254/161,254;VIN:BOTTOM/321,124/271,124/161,124/161,194;LED_NODE:BOTTOM/501,124/501,314/321,314/321,294
PROCEDURAL_ROW|0|LED_INDICATOR|-9223372036854775808|ACCEPT|591|385|-1552300409|-1927358072|2
LAYOUT_DETAIL|LED_INDICATOR|9223372036854775807|attempts=1|775/306;J1:619,120:DEFAULT_MIRRORED_X;LED1:79,80:DEFAULT;R1:239,120:SPAN_260;GND:BOTTOM/139,150/139,185/139,220/599,220/629,220;VIN:BOTTOM/269,150/269,170/629,170/629,160;LED_NODE:BOTTOM/469,150/469,130/99,130/99,150
PROCEDURAL_ROW|0|LED_INDICATOR|9223372036854775807|ACCEPT|775|306|1003732336|1012506426|7
PROCEDURAL_SUMMARY|LED_INDICATOR|0|8|8|6
PASS: procedural family contracts assertions=54

PROCEDURAL_ROW|1|LED_INDICATOR|936927718510540323|ACCEPT|721|356|1162244852|-2088990756|81
PROCEDURAL_ROW|1|LED_INDICATOR|-6751984890832468710|ACCEPT|721|326|-1557291056|1233491728|29
PROCEDURAL_ROW|1|LED_INDICATOR|4374486180868546127|ACCEPT|561|375|993384755|1682143047|0
PROCEDURAL_ROW|1|LED_INDICATOR|-1470617604193128648|ACCEPT|775|356|-330194133|-1539650535|15
PROCEDURAL_ROW|1|LED_INDICATOR|9007199254740993|ACCEPT|615|365|-968878263|193825092|16
PROCEDURAL_ROW|1|LED_INDICATOR|-9007199254740993|ACCEPT|595|365|206772418|193825092|7
PROCEDURAL_ROW|1|LED_INDICATOR|281474976710656|ACCEPT|595|365|-1749614845|193825092|7
PROCEDURAL_ROW|1|LED_INDICATOR|-4194978729361594021|ACCEPT|591|385|-1254468973|-1927358072|4
PROCEDURAL_SUMMARY|LED_INDICATOR|1|8|8|6
PASS: procedural family contracts assertions=47

PROCEDURAL_ROW|0|DIODE_PROTECTED_INDICATOR|0|ACCEPT|605|505|-281039043|837203458|182
PROCEDURAL_ROW|0|DIODE_PROTECTED_INDICATOR|1|ACCEPT|781|345|1377299746|-810411452|6
PROCEDURAL_ROW|0|DIODE_PROTECTED_INDICATOR|4|ACCEPT|781|435|2048312533|-1337977132|6
PROCEDURAL_ROW|0|DIODE_PROTECTED_INDICATOR|17|ACCEPT|741|385|1154508056|-1647263628|4
PROCEDURAL_ROW|0|DIODE_PROTECTED_INDICATOR|42|ACCEPT|751|456|-723484177|-1313961866|12
PROCEDURAL_ROW|0|DIODE_PROTECTED_INDICATOR|-1|ACCEPT|771|375|-260957220|-1704050033|8
PROCEDURAL_ROW|0|DIODE_PROTECTED_INDICATOR|-9223372036854775808|ACCEPT|755|415|-1683778430|-19068557|42
PROCEDURAL_ROW|0|DIODE_PROTECTED_INDICATOR|9223372036854775807|ACCEPT|755|415|-1902739995|1225695924|15
PROCEDURAL_SUMMARY|DIODE_PROTECTED_INDICATOR|0|8|8|8
PASS: procedural family contracts assertions=50

PROCEDURAL_ROW|1|DIODE_PROTECTED_INDICATOR|936927718510540323|ACCEPT|761|405|-308617345|1622953655|93
PROCEDURAL_ROW|1|DIODE_PROTECTED_INDICATOR|-6751984890832468710|ACCEPT|751|385|-1326114990|1151711073|16
PROCEDURAL_ROW|1|DIODE_PROTECTED_INDICATOR|4374486180868546127|ACCEPT|775|415|-1893765104|1225695924|58
PROCEDURAL_ROW|1|DIODE_PROTECTED_INDICATOR|-1470617604193128648|ACCEPT|781|405|564340792|1622953655|13
PROCEDURAL_ROW|1|DIODE_PROTECTED_INDICATOR|9007199254740993|ACCEPT|781|406|2108931884|1622953655|18
PROCEDURAL_ROW|1|DIODE_PROTECTED_INDICATOR|-9007199254740993|ACCEPT|751|386|911405714|964070977|5
PROCEDURAL_ROW|1|DIODE_PROTECTED_INDICATOR|281474976710656|ACCEPT|971|365|-92347644|-2039169929|2
PROCEDURAL_ROW|1|DIODE_PROTECTED_INDICATOR|-4194978729361594021|ACCEPT|631|555|-342758772|-705752277|14
PROCEDURAL_SUMMARY|DIODE_PROTECTED_INDICATOR|1|8|8|6
PASS: procedural family contracts assertions=47

PROCEDURAL_ROW|0|PARALLEL_DUAL_INDICATOR|0|ACCEPT|911|416|1845542302|-236271240|289
PROCEDURAL_ROW|0|PARALLEL_DUAL_INDICATOR|1|ACCEPT|721|476|915653418|-1866114178|13
PROCEDURAL_ROW|0|PARALLEL_DUAL_INDICATOR|4|ACCEPT|891|406|-1298142724|-1304803046|80
PROCEDURAL_ROW|0|PARALLEL_DUAL_INDICATOR|17|ACCEPT|1081|516|-1644917423|-870993428|39
PROCEDURAL_ROW|0|PARALLEL_DUAL_INDICATOR|42|ACCEPT|891|406|106392129|-1304803046|40
PROCEDURAL_ROW|0|PARALLEL_DUAL_INDICATOR|-1|ACCEPT|951|405|1024680686|-236271240|24
PROCEDURAL_ROW|0|PARALLEL_DUAL_INDICATOR|-9223372036854775808|ACCEPT|1061|466|1718548102|929949286|16
PROCEDURAL_ROW|0|PARALLEL_DUAL_INDICATOR|9223372036854775807|ACCEPT|721|475|-1975883532|94045184|18
PROCEDURAL_SUMMARY|PARALLEL_DUAL_INDICATOR|0|8|8|6
PASS: procedural family contracts assertions=56

PROCEDURAL_ROW|1|PARALLEL_DUAL_INDICATOR|936927718510540323|ACCEPT|721|486|-591528214|876305044|94
PROCEDURAL_ROW|1|PARALLEL_DUAL_INDICATOR|-6751984890832468710|ACCEPT|701|445|-188033818|-1649518719|38
PROCEDURAL_ROW|1|PARALLEL_DUAL_INDICATOR|4374486180868546127|ACCEPT|741|436|-1585439830|-1894996287|12
PROCEDURAL_ROW|1|PARALLEL_DUAL_INDICATOR|-1470617604193128648|ACCEPT|741|486|-509354089|-1866114178|14
PROCEDURAL_ROW|1|PARALLEL_DUAL_INDICATOR|9007199254740993|ACCEPT|610|715|-881059657|-2104596231|36
PROCEDURAL_ROW|1|PARALLEL_DUAL_INDICATOR|-9007199254740993|ACCEPT|611|755|-172987602|1143363947|22
PROCEDURAL_ROW|1|PARALLEL_DUAL_INDICATOR|281474976710656|ACCEPT|721|436|-1722902532|-1935629493|11
PROCEDURAL_ROW|1|PARALLEL_DUAL_INDICATOR|-4194978729361594021|ACCEPT|851|416|-1353046675|-1304803046|26
PROCEDURAL_SUMMARY|PARALLEL_DUAL_INDICATOR|1|8|8|8
PASS: procedural family contracts assertions=47

PROCEDURAL_ROW|0|RC_DELAY|0|ACCEPT|951|410|-59332458|-1860496396|324
PROCEDURAL_ROW|0|RC_DELAY|1|ACCEPT|591|728|-1507182762|1840417776|10
PROCEDURAL_ROW|0|RC_DELAY|4|ACCEPT|750|537|1292865953|-354795976|14
PROCEDURAL_ROW|0|RC_DELAY|17|ACCEPT|772|665|69802791|-293561978|15
PROCEDURAL_ROW|0|RC_DELAY|42|ACCEPT|781|619|878366977|2019283664|59
PROCEDURAL_ROW|0|RC_DELAY|-1|ACCEPT|730|602|44434053|-651582266|4
PROCEDURAL_ROW|0|RC_DELAY|-9223372036854775808|ACCEPT|782|613|1253339420|2067323428|32
PROCEDURAL_ROW|0|RC_DELAY|9223372036854775807|ACCEPT|611|720|1860877539|-1961068839|16
PROCEDURAL_SUMMARY|RC_DELAY|0|8|8|8
PASS: procedural family contracts assertions=52

PROCEDURAL_ROW|1|RC_DELAY|936927718510540323|ACCEPT|750|621|1352253769|1412262557|110
PROCEDURAL_ROW|1|RC_DELAY|-6751984890832468710|ACCEPT|792|573|1507283994|715716689|60
PROCEDURAL_ROW|1|RC_DELAY|4374486180868546127|ACCEPT|961|463|1502638014|-2057864708|20
PROCEDURAL_ROW|1|RC_DELAY|-1470617604193128648|ACCEPT|760|621|2014504555|1897290999|53
PROCEDURAL_ROW|1|RC_DELAY|9007199254740993|ACCEPT|761|612|256273579|-1838733849|31
PROCEDURAL_ROW|1|RC_DELAY|-9007199254740993|ACCEPT|772|529|-1480959903|-1903569987|8
PROCEDURAL_ROW|1|RC_DELAY|281474976710656|ACCEPT|771|553|-587441699|535748646|16
PROCEDURAL_ROW|1|RC_DELAY|-4194978729361594021|ACCEPT|611|719|82559212|-84694032|16
PROCEDURAL_SUMMARY|RC_DELAY|1|8|8|8
PASS: procedural family contracts assertions=47

PROCEDURAL_ROW|0|NPN_LOW_SIDE_SWITCH|0|ACCEPT|831|581|870744315|27333169|479
PROCEDURAL_ROW|0|NPN_LOW_SIDE_SWITCH|1|ACCEPT|972|785|-1616378566|689075601|48
PROCEDURAL_ROW|0|NPN_LOW_SIDE_SWITCH|4|ACCEPT|1042|574|-343197086|-820571987|25
PROCEDURAL_ROW|0|NPN_LOW_SIDE_SWITCH|17|ACCEPT|921|581|185303814|-971236262|29
PROCEDURAL_ROW|0|NPN_LOW_SIDE_SWITCH|42|ACCEPT|761|754|-149337978|-1647966549|32
PROCEDURAL_ROW|0|NPN_LOW_SIDE_SWITCH|-1|ACCEPT|831|585|-1209747961|621997382|62
PROCEDURAL_ROW|0|NPN_LOW_SIDE_SWITCH|-9223372036854775808|ACCEPT|791|666|-1739513357|1855738917|32
PROCEDURAL_ROW|0|NPN_LOW_SIDE_SWITCH|9223372036854775807|ACCEPT|611|936|683372257|-919024822|14
PROCEDURAL_SUMMARY|NPN_LOW_SIDE_SWITCH|0|8|8|8
PASS: procedural family contracts assertions=54

PROCEDURAL_ROW|1|NPN_LOW_SIDE_SWITCH|936927718510540323|ACCEPT|962|636|951892600|-1911832814|299
PROCEDURAL_ROW|1|NPN_LOW_SIDE_SWITCH|-6751984890832468710|ACCEPT|821|616|-1124066578|1728827205|27
PROCEDURAL_ROW|1|NPN_LOW_SIDE_SWITCH|4374486180868546127|ACCEPT|1002|615|1397185675|-1115008190|87
PROCEDURAL_ROW|1|NPN_LOW_SIDE_SWITCH|-1470617604193128648|ACCEPT|1022|655|1118422525|770913008|22
PROCEDURAL_ROW|1|NPN_LOW_SIDE_SWITCH|9007199254740993|ACCEPT|832|695|-293654637|389325118|16
PROCEDURAL_ROW|1|NPN_LOW_SIDE_SWITCH|-9007199254740993|ACCEPT|645|705|541690591|-1744846437|38
PROCEDURAL_ROW|1|NPN_LOW_SIDE_SWITCH|281474976710656|ACCEPT|761|802|1106379272|1473435783|71
PROCEDURAL_ROW|1|NPN_LOW_SIDE_SWITCH|-4194978729361594021|ACCEPT|972|765|2079357001|-407558923|76
PROCEDURAL_SUMMARY|NPN_LOW_SIDE_SWITCH|1|8|8|8
PASS: procedural family contracts assertions=47

PROCEDURAL_ROW|0|NMOS_LOW_SIDE_SWITCH|0|ACCEPT|812|545|1529826200|274704767|388
PROCEDURAL_ROW|0|NMOS_LOW_SIDE_SWITCH|1|ACCEPT|741|581|1462348401|-1506265760|17
PROCEDURAL_ROW|0|NMOS_LOW_SIDE_SWITCH|4|ACCEPT|821|585|396160247|1231576579|19
PROCEDURAL_ROW|0|NMOS_LOW_SIDE_SWITCH|17|ACCEPT|812|541|1662879499|-1335831684|38
PROCEDURAL_ROW|0|NMOS_LOW_SIDE_SWITCH|42|ACCEPT|621|595|-1885094748|-1582357565|10
PROCEDURAL_ROW|0|NMOS_LOW_SIDE_SWITCH|-1|ACCEPT|852|566|1000521543|1454938160|37
PROCEDURAL_ROW|0|NMOS_LOW_SIDE_SWITCH|-9223372036854775808|ACCEPT|801|516|-1547313835|891049503|10
PROCEDURAL_ROW|0|NMOS_LOW_SIDE_SWITCH|9223372036854775807|ACCEPT|982|581|39965788|-1294383058|11
PROCEDURAL_SUMMARY|NMOS_LOW_SIDE_SWITCH|0|8|8|8
PASS: procedural family contracts assertions=54

PROCEDURAL_ROW|1|NMOS_LOW_SIDE_SWITCH|936927718510540323|ACCEPT|832|541|1785617308|-48143238|144
PROCEDURAL_ROW|1|NMOS_LOW_SIDE_SWITCH|-6751984890832468710|ACCEPT|631|595|1384798765|-1605421318|7
PROCEDURAL_ROW|1|NMOS_LOW_SIDE_SWITCH|4374486180868546127|ACCEPT|932|615|311293147|1080774354|39
PROCEDURAL_ROW|1|NMOS_LOW_SIDE_SWITCH|-1470617604193128648|ACCEPT|812|746|-1977118948|-263660673|45
PROCEDURAL_ROW|1|NMOS_LOW_SIDE_SWITCH|9007199254740993|ACCEPT|801|625|1073011924|-805717435|16
PROCEDURAL_ROW|1|NMOS_LOW_SIDE_SWITCH|-9007199254740993|ACCEPT|802|545|-1834504683|611067510|68
PROCEDURAL_ROW|1|NMOS_LOW_SIDE_SWITCH|281474976710656|ACCEPT|832|544|512570611|1990468009|71
PROCEDURAL_ROW|1|NMOS_LOW_SIDE_SWITCH|-4194978729361594021|ACCEPT|962|486|-1450374146|-998105703|49
PROCEDURAL_SUMMARY|NMOS_LOW_SIDE_SWITCH|1|8|8|8
PASS: procedural family contracts assertions=47

PROCEDURAL_ROW|0|RELAY_OUTPUT|0|ACCEPT|1192|806|1551214039|164700858|1052
PROCEDURAL_ROW|0|RELAY_OUTPUT|1|ACCEPT|1042|865|-877054539|-160230153|25
PROCEDURAL_ROW|0|RELAY_OUTPUT|4|ACCEPT|831|1025|1724421558|1851752738|82
PROCEDURAL_ROW|0|RELAY_OUTPUT|17|ACCEPT|1222|755|-1951806570|1594790530|199
PROCEDURAL_ROW|0|RELAY_OUTPUT|42|ACCEPT|1112|795|515044215|-1642282722|63
PROCEDURAL_ROW|0|RELAY_OUTPUT|-1|ACCEPT|1002|876|1790744569|-1622304979|62
PROCEDURAL_ROW|0|RELAY_OUTPUT|-9223372036854775808|ACCEPT|1362|756|1150040376|1381172526|68
PROCEDURAL_ROW|0|RELAY_OUTPUT|9223372036854775807|ACCEPT|1682|715|-1776287056|650992813|283
PROCEDURAL_SUMMARY|RELAY_OUTPUT|0|8|8|8
PASS: procedural family contracts assertions=54

PROCEDURAL_ROW|1|RELAY_OUTPUT|936927718510540323|ACCEPT|1182|786|-119091599|-1189764752|744
PROCEDURAL_ROW|1|RELAY_OUTPUT|-6751984890832468710|ACCEPT|1012|860|965201362|603569505|105
PROCEDURAL_ROW|1|RELAY_OUTPUT|4374486180868546127|ACCEPT|1002|845|-1929083373|-1599314026|121
PROCEDURAL_ROW|1|RELAY_OUTPUT|-1470617604193128648|ACCEPT|1152|842|1318773898|-1086529075|46
PROCEDURAL_ROW|1|RELAY_OUTPUT|9007199254740993|ACCEPT|1252|756|802546618|1138120839|219
PROCEDURAL_ROW|1|RELAY_OUTPUT|-9007199254740993|ACCEPT|982|841|416674385|-959477366|148
PROCEDURAL_ROW|1|RELAY_OUTPUT|281474976710656|ACCEPT|962|859|1512529521|1806538548|55
PROCEDURAL_ROW|1|RELAY_OUTPUT|-4194978729361594021|ACCEPT|1332|555|-551603427|1310323|197
PROCEDURAL_SUMMARY|RELAY_OUTPUT|1|8|8|8
PASS: procedural family contracts assertions=47

PROCEDURAL_ROW|0|SENSOR_CONTROL|0|ACCEPT|1152|924|-377375883|-996138111|1384
PROCEDURAL_ROW|0|SENSOR_CONTROL|1|ACCEPT|1031|1209|-400159579|1279641338|144
PROCEDURAL_ROW|0|SENSOR_CONTROL|4|ACCEPT|1372|859|938315637|1473607731|32
PROCEDURAL_ROW|0|SENSOR_CONTROL|17|ACCEPT|951|944|-1324739269|-1030178320|313
PROCEDURAL_ROW|0|SENSOR_CONTROL|42|ACCEPT|1112|1064|-2087860578|-1695540403|157
PROCEDURAL_ROW|0|SENSOR_CONTROL|-1|ACCEPT|1142|1094|463956913|-634919169|129
PROCEDURAL_ROW|0|SENSOR_CONTROL|-9223372036854775808|ACCEPT|1472|775|371160684|940489891|171
PROCEDURAL_ROW|0|SENSOR_CONTROL|9223372036854775807|ACCEPT|931|824|-1007737956|-651559890|277
PROCEDURAL_SUMMARY|SENSOR_CONTROL|0|8|8|8
PASS: procedural family contracts assertions=54

PROCEDURAL_ROW|1|SENSOR_CONTROL|936927718510540323|ACCEPT|1212|794|600282610|1142998780|939
PROCEDURAL_ROW|1|SENSOR_CONTROL|-6751984890832468710|ACCEPT|1222|754|2100077204|-1208531999|170
PROCEDURAL_ROW|1|SENSOR_CONTROL|4374486180868546127|ACCEPT|1282|1069|69744168|-214781706|236
PROCEDURAL_ROW|1|SENSOR_CONTROL|-1470617604193128648|ACCEPT|1092|1044|447222190|961524056|112
PROCEDURAL_ROW|1|SENSOR_CONTROL|9007199254740993|ACCEPT|1172|954|-318500349|-327998452|504
PROCEDURAL_ROW|1|SENSOR_CONTROL|-9007199254740993|ACCEPT|1172|1094|-1849517198|753753241|318
PROCEDURAL_ROW|1|SENSOR_CONTROL|281474976710656|ACCEPT|1442|764|-1888463468|2085884718|134
PROCEDURAL_ROW|1|SENSOR_CONTROL|-4194978729361594021|ACCEPT|1051|904|-176167064|1584445667|2125
PROCEDURAL_SUMMARY|SENSOR_CONTROL|1|8|8|8
PASS: procedural family contracts assertions=47

PROCEDURAL_ROW|0|RB15_CONTROL|0|ACCEPT|1382|1506|709600489|-303320707|1176
PROCEDURAL_ROW|0|RB15_CONTROL|1|ACCEPT|1612|1065|-1312972044|1732468082|1330
PROCEDURAL_ROW|0|RB15_CONTROL|4|ACCEPT|1632|1060|-1238820940|-1703348802|810
PROCEDURAL_ROW|0|RB15_CONTROL|17|ACCEPT|1412|1349|-1647735608|-947744063|6660
PROCEDURAL_ROW|0|RB15_CONTROL|42|ACCEPT|1692|1135|3131221|-1893100122|1267
PROCEDURAL_ROW|0|RB15_CONTROL|-1|ACCEPT|1522|1220|-1783469430|-799583004|787
PROCEDURAL_ROW|0|RB15_CONTROL|-9223372036854775808|ACCEPT|1532|1374|246463740|1175741665|1869
PROCEDURAL_ROW|0|RB15_CONTROL|9223372036854775807|ACCEPT|1792|1069|549387244|-441319109|2794
PROCEDURAL_SUMMARY|RB15_CONTROL|0|8|8|8
PASS: procedural family contracts assertions=54

PROCEDURAL_ROW|1|RB15_CONTROL|936927718510540323|ACCEPT|1592|1095|856771797|926266396|2312
PROCEDURAL_ROW|1|RB15_CONTROL|-6751984890832468710|ACCEPT|1702|999|2086430040|-1265214396|2728
PROCEDURAL_ROW|1|RB15_CONTROL|4374486180868546127|ACCEPT|1552|974|1942743335|-1957601275|3304
PROCEDURAL_ROW|1|RB15_CONTROL|-1470617604193128648|ACCEPT|1182|1464|-1416061816|1816678473|2640
PROCEDURAL_ROW|1|RB15_CONTROL|9007199254740993|ACCEPT|1582|1105|1075979122|912718808|882
PROCEDURAL_ROW|1|RB15_CONTROL|-9007199254740993|ACCEPT|1512|994|1069282725|707135744|1719
PROCEDURAL_ROW|1|RB15_CONTROL|281474976710656|ACCEPT|1412|1345|-1954154704|-570549290|210
PROCEDURAL_ROW|1|RB15_CONTROL|-4194978729361594021|ACCEPT|1422|1515|264989556|-1403382248|1485
PROCEDURAL_SUMMARY|RB15_CONTROL|1|8|8|8
PASS: procedural family contracts assertions=47

PROCEDURAL_ROW|0|COMPOSED_CONTROLLED_INDICATOR|0|ACCEPT|1371|1115|125894724|1657165260|1615
PROCEDURAL_ROW|0|COMPOSED_CONTROLLED_INDICATOR|1|ACCEPT|1212|1385|141977418|1339614457|282
PROCEDURAL_ROW|0|COMPOSED_CONTROLLED_INDICATOR|4|ACCEPT|1005|1446|268263992|860027756|373
PROCEDURAL_ROW|0|COMPOSED_CONTROLLED_INDICATOR|17|ACCEPT|1212|1296|-733278557|2105240467|1360
PROCEDURAL_ROW|0|COMPOSED_CONTROLLED_INDICATOR|42|ACCEPT|1151|1166|261028892|907055892|252
PROCEDURAL_ROW|0|COMPOSED_CONTROLLED_INDICATOR|-1|ACCEPT|1542|826|-788346756|-949965014|60
PROCEDURAL_ROW|0|COMPOSED_CONTROLLED_INDICATOR|-9223372036854775808|ACCEPT|1382|1166|2061653410|2128481116|189
PROCEDURAL_ROW|0|COMPOSED_CONTROLLED_INDICATOR|9223372036854775807|ACCEPT|1532|785|771009915|-1770135200|408
PROCEDURAL_SUMMARY|COMPOSED_CONTROLLED_INDICATOR|0|8|8|8
PASS: procedural family contracts assertions=63

PROCEDURAL_ROW|1|COMPOSED_CONTROLLED_INDICATOR|936927718510540323|ACCEPT|1302|1346|-2013922978|871399144|948
PROCEDURAL_ROW|1|COMPOSED_CONTROLLED_INDICATOR|-6751984890832468710|ACCEPT|1341|875|595769713|-1352972914|301
PROCEDURAL_ROW|1|COMPOSED_CONTROLLED_INDICATOR|4374486180868546127|ACCEPT|1322|1446|1469852284|162281448|385
PROCEDURAL_ROW|1|COMPOSED_CONTROLLED_INDICATOR|-1470617604193128648|ACCEPT|1342|1094|1557662010|-822061170|390
PROCEDURAL_ROW|1|COMPOSED_CONTROLLED_INDICATOR|9007199254740993|ACCEPT|1232|1295|-1767889271|-312321427|263
PROCEDURAL_ROW|1|COMPOSED_CONTROLLED_INDICATOR|-9007199254740993|ACCEPT|1402|1166|-1884563377|83390758|984
PROCEDURAL_ROW|1|COMPOSED_CONTROLLED_INDICATOR|281474976710656|ACCEPT|1222|1146|1555427478|1136305360|261
PROCEDURAL_ROW|1|COMPOSED_CONTROLLED_INDICATOR|-4194978729361594021|ACCEPT|1362|1316|-1868928420|-903197232|1278
PROCEDURAL_SUMMARY|COMPOSED_CONTROLLED_INDICATOR|1|8|8|8
PASS: procedural family contracts assertions=47

PROCEDURAL_ROOT_ATTEMPT|0|RB30_CONTROL|0|0|0|ROUTE_REJECT|Unable to generate a routed PCB after 14 deterministic attempts for seed -5811592868239938363: PCB routing candidate rejected at attempt 12: P07_FULLER_TWO_LAYER:A_COIL_LOW:BRANCH_SEARCH_LIMIT
PROCEDURAL_ROOT_ATTEMPT|0|RB30_CONTROL|0|1|-7046029254386353131|ACCEPT|STRUCTURAL_ACCEPTANCE
PROCEDURAL_ROOT_REPLAY|0|RB30_CONTROL|0|-7046029254386353131|PASS
PROCEDURAL_ROOT_ROW|0|RB30_CONTROL|0|ACCEPT|-7046029254386353131|1|4342|1611|2131867291|-1058484068|13438
PROCEDURAL_ROOT_ATTEMPT|0|RB30_CONTROL|1|0|1|ACCEPT|STRUCTURAL_ACCEPTANCE
PROCEDURAL_ROOT_REPLAY|0|RB30_CONTROL|1|1|PASS
PROCEDURAL_ROOT_ROW|0|RB30_CONTROL|1|ACCEPT|1|0|3652|2161|1125700379|-1983249222|8313
PROCEDURAL_ROOT_ATTEMPT|0|RB30_CONTROL|4|0|4|ACCEPT|STRUCTURAL_ACCEPTANCE
PROCEDURAL_ROOT_REPLAY|0|RB30_CONTROL|4|4|PASS
PROCEDURAL_ROOT_ROW|0|RB30_CONTROL|4|ACCEPT|4|0|4122|1504|13745383|1959797927|12151
PROCEDURAL_ROOT_ATTEMPT|0|RB30_CONTROL|17|0|17|ACCEPT|STRUCTURAL_ACCEPTANCE
PROCEDURAL_ROOT_REPLAY|0|RB30_CONTROL|17|17|PASS
PROCEDURAL_ROOT_ROW|0|RB30_CONTROL|17|ACCEPT|17|0|4502|1824|-870202621|-1589642072|9864
PROCEDURAL_ROOT_ATTEMPT|0|RB30_CONTROL|42|0|42|ACCEPT|STRUCTURAL_ACCEPTANCE
PROCEDURAL_ROOT_REPLAY|0|RB30_CONTROL|42|42|PASS
PROCEDURAL_ROOT_ROW|0|RB30_CONTROL|42|ACCEPT|42|0|4142|1794|1998918313|-772691110|7791
PROCEDURAL_ROOT_ATTEMPT|0|RB30_CONTROL|-1|0|-1|ROUTE_REJECT|Unable to generate a routed PCB after 14 deterministic attempts for seed 238220749003354460: PCB routing candidate rejected at attempt 12: P07_FULLER_TWO_LAYER:RAIL5:NO_PATH
PROCEDURAL_ROOT_ATTEMPT|0|RB30_CONTROL|-1|1|-7046029254386353132|ROUTE_REJECT|Unable to generate a routed PCB after 14 deterministic attempts for seed 7493080194511100760: PCB placement candidate rejected at attempt 12: DISCONNECTED_ESCAPE_CHANNEL
PROCEDURAL_ROOT_ATTEMPT|0|RB30_CONTROL|-1|2|4354685564936845353|ACCEPT|STRUCTURAL_ACCEPTANCE
PROCEDURAL_ROOT_REPLAY|0|RB30_CONTROL|-1|4354685564936845353|PASS
PROCEDURAL_ROOT_ROW|0|RB30_CONTROL|-1|ACCEPT|4354685564936845353|2|3951|1735|1645840840|-1110387205|19249
PROCEDURAL_ROOT_ATTEMPT|0|RB30_CONTROL|-9223372036854775808|0|-9223372036854775808|ACCEPT|STRUCTURAL_ACCEPTANCE
PROCEDURAL_ROOT_REPLAY|0|RB30_CONTROL|-9223372036854775808|-9223372036854775808|PASS
PROCEDURAL_ROOT_ROW|0|RB30_CONTROL|-9223372036854775808|ACCEPT|-9223372036854775808|0|3611|1704|1167711488|-1202961910|12101
PROCEDURAL_ROOT_ATTEMPT|0|RB30_CONTROL|9223372036854775807|0|9223372036854775807|ACCEPT|STRUCTURAL_ACCEPTANCE
PROCEDURAL_ROOT_REPLAY|0|RB30_CONTROL|9223372036854775807|9223372036854775807|PASS
PROCEDURAL_ROOT_ROW|0|RB30_CONTROL|9223372036854775807|ACCEPT|9223372036854775807|0|3752|2311|657851958|373543633|10364
PROCEDURAL_ROOT_SUMMARY|RB30_CONTROL|0|8|8|8
PASS: procedural family contracts assertions=74

PROCEDURAL_ROOT_ATTEMPT|1|RB30_CONTROL|936927718510540323|0|936927718510540323|ROUTE_REJECT|Unable to generate a routed PCB after 14 deterministic attempts for seed -7274648788016170330: PCB routing candidate rejected at attempt 12: P07_FULLER_TWO_LAYER:RAIL5:BRANCH_SEARCH_LIMIT
PROCEDURAL_ROOT_ATTEMPT|1|RB30_CONTROL|936927718510540323|1|-6109101535875812808|ROUTE_REJECT|Unable to generate a routed PCB after 14 deterministic attempts for seed -2018359666597869233: PCB routing candidate rejected at attempt 12: P07_FULLER_TWO_LAYER:RAIL5:BRANCH_SEARCH_LIMIT
PROCEDURAL_ROOT_ATTEMPT|1|RB30_CONTROL|936927718510540323|2|5291613283447385677|ACCEPT|STRUCTURAL_ACCEPTANCE
PROCEDURAL_ROOT_REPLAY|1|RB30_CONTROL|936927718510540323|5291613283447385677|PASS
PROCEDURAL_ROOT_ROW|1|RB30_CONTROL|936927718510540323|ACCEPT|5291613283447385677|2|3632|1500|-276735345|-1070076226|17501
PROCEDURAL_ROOT_ATTEMPT|1|RB30_CONTROL|-6751984890832468710|0|-6751984890832468710|ROUTE_REJECT|Unable to generate a routed PCB after 14 deterministic attempts for seed -2169976605293818735: PCB placement candidate rejected at attempt 12: DISCONNECTED_ESCAPE_CHANNEL
PROCEDURAL_ROOT_ATTEMPT|1|RB30_CONTROL|-6751984890832468710|1|4648729928490729775|ACCEPT|STRUCTURAL_ACCEPTANCE
PROCEDURAL_ROOT_REPLAY|1|RB30_CONTROL|-6751984890832468710|4648729928490729775|PASS
PROCEDURAL_ROOT_ROW|1|RB30_CONTROL|-6751984890832468710|ACCEPT|4648729928490729775|1|3731|1999|-947051131|-657060652|15130
PROCEDURAL_ROOT_ATTEMPT|1|RB30_CONTROL|4374486180868546127|0|4374486180868546127|ACCEPT|STRUCTURAL_ACCEPTANCE
PROCEDURAL_ROOT_REPLAY|1|RB30_CONTROL|4374486180868546127|4374486180868546127|PASS
PROCEDURAL_ROOT_ROW|1|RB30_CONTROL|4374486180868546127|ACCEPT|4374486180868546127|0|4502|1295|1771315877|-1990753972|5966
PROCEDURAL_ROOT_ATTEMPT|1|RB30_CONTROL|-1470617604193128648|0|-1470617604193128648|ACCEPT|STRUCTURAL_ACCEPTANCE
PROCEDURAL_ROOT_REPLAY|1|RB30_CONTROL|-1470617604193128648|-1470617604193128648|PASS
PROCEDURAL_ROOT_ROW|1|RB30_CONTROL|-1470617604193128648|ACCEPT|-1470617604193128648|0|4883|2406|-1916288077|1263819279|9844
PROCEDURAL_ROOT_ATTEMPT|1|RB30_CONTROL|9007199254740993|0|9007199254740993|ACCEPT|STRUCTURAL_ACCEPTANCE
PROCEDURAL_ROOT_REPLAY|1|RB30_CONTROL|9007199254740993|9007199254740993|PASS
PROCEDURAL_ROOT_ROW|1|RB30_CONTROL|9007199254740993|ACCEPT|9007199254740993|0|4002|1754|-1059555999|-2133375315|8598
PROCEDURAL_ROOT_ATTEMPT|1|RB30_CONTROL|-9007199254740993|0|-9007199254740993|ROUTE_REJECT|Unable to generate a routed PCB after 14 deterministic attempts for seed 6382871115247360111: PCB routing candidate rejected at attempt 12: P07_FULLER_TWO_LAYER:RAIL5:BRANCH_SEARCH_LIMIT
PROCEDURAL_ROOT_ATTEMPT|1|RB30_CONTROL|-9007199254740993|1|-7055036453641094124|ACCEPT|STRUCTURAL_ACCEPTANCE
PROCEDURAL_ROOT_REPLAY|1|RB30_CONTROL|-9007199254740993|-7055036453641094124|PASS
PROCEDURAL_ROOT_ROW|1|RB30_CONTROL|-9007199254740993|ACCEPT|-7055036453641094124|1|3642|1844|625210489|515316108|11153
PROCEDURAL_ROOT_ATTEMPT|1|RB30_CONTROL|281474976710656|0|281474976710656|ACCEPT|STRUCTURAL_ACCEPTANCE
PROCEDURAL_ROOT_REPLAY|1|RB30_CONTROL|281474976710656|281474976710656|PASS
PROCEDURAL_ROOT_ROW|1|RB30_CONTROL|281474976710656|ACCEPT|281474976710656|0|3582|1655|-991605288|-1859925733|6928
PROCEDURAL_ROOT_ATTEMPT|1|RB30_CONTROL|-4194978729361594021|0|-4194978729361594021|ACCEPT|STRUCTURAL_ACCEPTANCE
PROCEDURAL_ROOT_REPLAY|1|RB30_CONTROL|-4194978729361594021|-4194978729361594021|PASS
PROCEDURAL_ROOT_ROW|1|RB30_CONTROL|-4194978729361594021|ACCEPT|-4194978729361594021|0|3642|1771|-386022340|981784847|8821
PROCEDURAL_ROOT_SUMMARY|RB30_CONTROL|1|8|8|8
PASS: procedural family contracts assertions=75

PASS: procedural family partition coverage families=11 cohorts=22 rows=176 exactSeedRows=160 rootRows=16 smallCohortBudgetMs=60000 q30RootCohortBudgetMs=300000
PHYSICAL_MATRIX|LED_INDICATOR|EASY|20|20|20|20|20|11|19|0|20|282
PHYSICAL_MATRIX|DIODE_PROTECTED_INDICATOR|EASY|20|20|20|20|20|15|17|0|20|395
PHYSICAL_MATRIX|PARALLEL_DUAL_INDICATOR|EASY|20|20|20|20|20|19|17|0|20|844
PHYSICAL_MATRIX|RC_DELAY|EASY|20|20|20|20|20|20|20|0|20|559
PHYSICAL_MATRIX|NPN_LOW_SIDE_SWITCH|EASY|20|20|20|20|20|20|20|0|20|915
PHYSICAL_MATRIX|NMOS_LOW_SIDE_SWITCH|EASY|20|20|20|20|20|20|19|0|20|701
PHYSICAL_MATRIX|RELAY_OUTPUT|EASY|20|20|20|20|20|19|20|0|20|5447
PHYSICAL_MATRIX|SENSOR_CONTROL|EASY|20|20|20|20|20|20|20|0|20|13427
PHYSICAL_MATRIX|RB15_CONTROL|EASY|20|20|20|20|20|20|20|0|20|53891
PHYSICAL_MATRIX|COMPOSED_CONTROLLED_INDICATOR|MEDIUM|20|20|20|20|20|20|19|0|20|15267
PASS: Quick Play physical matrix contracts pairs=10 assertions=1285

PHYSICAL_REJECT|RB30_CONTROL|MEDIUM|0|ROUTE|Unable to generate a routed PCB after 14 deterministic attempts for seed -5811592868239938363: PCB routing candidate rejected at attempt 12: P07_FULLER_TWO_LAYER:A_COIL_LOW:BRANCH_SEARCH_LIMIT
PHYSICAL_REJECT|RB30_CONTROL|MEDIUM|-7791381202839308071|ROUTE|Unable to generate a routed PCB after 14 deterministic attempts for seed -5106257287425349252: PCB routing candidate rejected at attempt 12: P07_FULLER_TWO_LAYER:B_CMD:BRANCH_SEARCH_LIMIT
PHYSICAL_REJECT|RB30_CONTROL|MEDIUM|2797921141703495687|ROUTE|Unable to generate a routed PCB after 14 deterministic attempts for seed 5262196127134378492: PCB routing candidate rejected at attempt 12: P07_FULLER_TWO_LAYER:A_CMD:BRANCH_SEARCH_LIMIT
PHYSICAL_REJECT|RB30_CONTROL|MEDIUM|2750034896793255119|ROUTE|Unable to generate a routed PCB after 14 deterministic attempts for seed -35850487640672826: PCB routing candidate rejected at attempt 12: P07_FULLER_TWO_LAYER:CTRL_RETURN:BRANCH_SEARCH_LIMIT
PHYSICAL_REJECT|RB30_CONTROL|MEDIUM|-3355542389294844984|ROUTE|Unable to generate a routed PCB after 14 deterministic attempts for seed 2585728785193379746: PCB routing candidate rejected at attempt 12: P07_FULLER_TWO_LAYER:RAIL5:BRANCH_SEARCH_LIMIT
PHYSICAL_REJECT|RB30_CONTROL|MEDIUM|4279646941778038503|ROUTE|Unable to generate a routed PCB after 14 deterministic attempts for seed 7258286505854404809: PCB placement candidate rejected at attempt 12: DISCONNECTED_ESCAPE_CHANNEL
PHYSICAL_MATRIX|RB30_CONTROL|MEDIUM|20|20|20|20|20|20|20|6|26|175160
PASS: Quick Play physical matrix contracts pairs=1 assertions=140

PASS: physical matrix partition coverage families=11 accepted=220 exactReplays=220 smallChildBudgetMs=180000 mediumChildBudgetMs=600000
QUICKPLAY_NATIVE method=verifyEligibleFamilies millis=0
QUICKPLAY_NATIVE method=verifyDeterministicFamilySelection millis=3961
QUICKPLAY_NATIVE method=verifySelectionEnvelopes millis=5
QUICKPLAY_NATIVE method=verifyFullCatalogSelectionAndStagedRequests millis=2
QUICKPLAY_NATIVE method=verifyNaturalLedSeedEnvelope millis=11
QUICKPLAY_NATIVE method=verifyNaturalNpnSeedEnvelope millis=138
QUICKPLAY_NATIVE method=verifyNaturalNmosSeedEnvelope millis=68
PASS: Quick Play current seed envelopes and construction

PCB_COMPACTION family=LED_INDICATOR before=325600 after=272800
PCB_COMPACTION family=DIODE_PROTECTED_INDICATOR before=456000 after=366000
PCB_COMPACTION family=PARALLEL_DUAL_INDICATOR before=648000 after=477400
PCB_COMPACTION family=RC_DELAY before=620400 after=508200
PCB_COMPACTION family=NPN_LOW_SIDE_SWITCH before=837500 after=699600
PCB_COMPACTION family=NMOS_LOW_SIDE_SWITCH before=737800 after=514600
PCB_COMPACTION family=RELAY_OUTPUT before=1093400 after=877800
PCB_COMPACTION family=SENSOR_CONTROL before=1192800 after=1041600
PCB_COMPACTION family=RB15_CONTROL before=2452800 after=2111400
PCB_COMPACTION family=COMPOSED_CONTROLLED_INDICATOR before=2009600 after=1817600
PCB_COMPACTION family=RB30_CONTROL before=8553600 after=4579200
PASS: PCB compaction contracts assertions=696 reducedFamilies=11

DENSE_MATCHED seed=0 before=2475000 after=2212000 published=1382x1506
DENSE_MATCHED seed=1 before=2150500 after=1874500 published=1612x1065
DENSE_MATCHED seed=2 before=2430000 after=2229400 published=1402x1505
DENSE_MATCHED seed=3 before=2503200 after=2194200 published=1362x1516
DENSE_MATCHED seed=17 before=2907200 after=2171600 published=1412x1349
DENSE_MATCHED seed=42 before=2238500 after=2069100 published=1692x1135
DENSE_MATCHED seed=101 before=2190300 after=2073600 published=1422x1355
DENSE_MATCHED seed=-1 before=2096000 after=1986600 published=1522x1220
DENSE_MATCHED seed=9007199254740993 before=1975400 after=1888000 published=1582x1105
DENSE_MATCHED seed=-9223372036854775808 before=2162000 after=2035500 published=1532x1374
DENSE_MATCHED seed=9223372036854775807 before=2357500 after=2081500 published=1792x1069
PASS: dense PCB packing seeds=11 assertions=1024 reduced=11 areaSum=21350458

PASS: visual workbench contracts assertions=150

PASS: Task43 current physical endpoint contracts assertions=320 legacyFamilies=6 controlledSignedSeeds=4

PASS: architecture footprint contracts assertions=46 routedPackages=4 deterministicRepeats=4 familyRegressions=6

SERVICE_COVERAGE LED_INDICATOR parts=3
SERVICE_COVERAGE DIODE_PROTECTED_INDICATOR parts=4
SERVICE_COVERAGE PARALLEL_DUAL_INDICATOR parts=5
SERVICE_COVERAGE RC_DELAY parts=6
SERVICE_COVERAGE NPN_LOW_SIDE_SWITCH parts=7
SERVICE_COVERAGE NMOS_LOW_SIDE_SWITCH parts=6
SERVICE_COVERAGE RELAY_OUTPUT parts=9
SERVICE_COVERAGE SENSOR_CONTROL parts=9
SERVICE_COVERAGE RB15_CONTROL parts=16
SERVICE_COVERAGE COMPOSED_CONTROLLED_INDICATOR parts=15

Exception in thread "main" java.lang.AssertionError: RB30_CONTROL every physical position has a real catalog/service owner
	at com.lushprojects.circuitjs1.client.PhysicalServiceabilityContractTest.check(PhysicalServiceabilityContractTest.java:76)
	at com.lushprojects.circuitjs1.client.PhysicalServiceabilityContractTest.main(PhysicalServiceabilityContractTest.java:14)

CURRENT_CONTRACT_FAILURE: Current contract did not provide a qualified result: PhysicalServiceabilityContractTest, exit 1
CLEANUP: current JVM contract classes and task-owned scratch removed.
