The names of some imported commands from the module 'VerifierIsolation' include unapproved verbs that might make them less discoverable. To find the commands with unapproved verbs, run the Import-Module command again with the Verbose parameter. For a list of approved verbs, type Get-Verb.
JDK: javac 1.8.0_502

warning: [options] bootstrap class path not set in conjunction with -source 1.7
Note: Some input files use unchecked or unsafe operations.
Note: Recompile with -Xlint:unchecked for details.
1 warning

QUICKPLAY_NATIVE method=verifyEligibleFamilies millis=0
QUICKPLAY_NATIVE method=verifyDeterministicFamilySelection millis=4982
QUICKPLAY_NATIVE method=verifySelectionEnvelopes millis=49

Exception in thread "main" java.lang.reflect.InvocationTargetException
	at sun.reflect.NativeMethodAccessorImpl.invoke0(Native Method)
	at sun.reflect.NativeMethodAccessorImpl.invoke(NativeMethodAccessorImpl.java:62)
	at sun.reflect.DelegatingMethodAccessorImpl.invoke(DelegatingMethodAccessorImpl.java:43)
	at java.lang.reflect.Method.invoke(Method.java:498)
	at com.lushprojects.circuitjs1.client.QuickPlayContractTest.main(QuickPlayContractTest.java:11)
Caused by: java.lang.IllegalArgumentException: Unknown player family
	at com.lushprojects.circuitjs1.client.PlayerFamilyCatalog.executionDeclaration(PlayerFamilyCatalog.java:40)
	at com.lushprojects.circuitjs1.client.GenerationRequest.<init>(GenerationRequest.java:47)
	at com.lushprojects.circuitjs1.client.GenerationRequest.stagedQuickPlay(GenerationRequest.java:97)
	at com.lushprojects.circuitjs1.client.QuickPlayDeveloperVerifier.verifyFullCatalogSelectionAndStagedRequests(QuickPlayDeveloperVerifier.java:164)
	... 5 more

CURRENT_CONTRACT_FAILURE: Current contract did not provide a qualified result: QuickPlayContractTest, exit 1
CLEANUP: current JVM contract classes and task-owned scratch removed.
