The names of some imported commands from the module 'VerifierIsolation' include unapproved verbs that might make them less discoverable. To find the commands with unapproved verbs, run the Import-Module command again with the Verbose parameter. For a list of approved verbs, type Get-Verb.
JDK: javac 1.8.0_502
NATIVE BRIDGE: scratch-only exact CirSim.console -> System.err.println; CircuitJS solver/models unchanged.

warning: [options] bootstrap class path not set in conjunction with -source 1.7
<worktree>\src\com\lushprojects\circuitjs1\client\Q30CoordinatorQualificationVerifier.java:639: error: no suitable method found for put(JSONObject,String,JSONObject)
            put(ownerEvidence, "diagnosticProof", proof.toJson());
            ^
    method Q30CoordinatorQualificationVerifier.put(JSONObject,String,String) is not applicable
      (argument mismatch; JSONObject cannot be converted to String)
    method Q30CoordinatorQualificationVerifier.put(JSONObject,String,int) is not applicable
      (argument mismatch; JSONObject cannot be converted to int)
    method Q30CoordinatorQualificationVerifier.put(JSONObject,String,long) is not applicable
      (argument mismatch; JSONObject cannot be converted to long)
    method Q30CoordinatorQualificationVerifier.put(JSONObject,String,boolean) is not applicable
      (argument mismatch; JSONObject cannot be converted to boolean)
Note: Some input files use unchecked or unsafe operations.
Note: Recompile with -Xlint:unchecked for details.
1 error
1 warning

CURRENT_CONTRACT_FAILURE: Current production-class compilation failed, exit 1
CLEANUP: current JVM contract classes and task-owned scratch removed.
