The names of some imported commands from the module 'VerifierIsolation' include unapproved verbs that might make them less discoverable. To find the commands with unapproved verbs, run the Import-Module command again with the Verbose parameter. For a list of approved verbs, type Get-Verb.
JDK: javac 1.8.0_502
NATIVE BRIDGE: scratch-only exact CirSim.console -> System.err.println; CircuitJS solver/models unchanged.

warning: [options] bootstrap class path not set in conjunction with -source 1.7
Note: Some input files use unchecked or unsafe operations.
Note: Recompile with -Xlint:unchecked for details.
1 warning

Q30_STEP_STAMP_FAILURE seed=4 fault=RELAY_B_COIL_OPEN maxStep=5.0E-6 exception=java.lang.NullPointerException message=null
java.lang.NullPointerException
	at com.lushprojects.circuitjs1.client.CirSim.stampNonLinear(CirSim.java:3239)
	at com.lushprojects.circuitjs1.client.Diode.stamp(Diode.java:136)
	at com.lushprojects.circuitjs1.client.DiodeElm.stamp(DiodeElm.java:149)
	at com.lushprojects.circuitjs1.client.CirSim.stampCircuit(CirSim.java:2829)
	at com.lushprojects.circuitjs1.client.Q30SolverStepSensitivityContractTest$SensitivityCirSim.stampCircuit(Q30SolverStepSensitivityContractTest.java:702)
	at com.lushprojects.circuitjs1.client.CirSim.analyzeCircuitOwned(CirSim.java:2797)
	at com.lushprojects.circuitjs1.client.CircuitSolverExecutor.analyze(CircuitSolverExecutor.java:104)
	at com.lushprojects.circuitjs1.client.CircuitSolverExecutor.analyze(CircuitSolverExecutor.java:97)
	at com.lushprojects.circuitjs1.client.CirSim.analyzeCircuit(CirSim.java:2730)
	at com.lushprojects.circuitjs1.client.Q30SolverStepSensitivityContractTest.settleElectrical(Q30SolverStepSensitivityContractTest.java:432)
	at com.lushprojects.circuitjs1.client.Q30SolverStepSensitivityContractTest.runOwner(Q30SolverStepSensitivityContractTest.java:243)
	at com.lushprojects.circuitjs1.client.Q30SolverStepSensitivityContractTest.verifySeed(Q30SolverStepSensitivityContractTest.java:135)
	at com.lushprojects.circuitjs1.client.Q30SolverStepSensitivityContractTest.main(Q30SolverStepSensitivityContractTest.java:73)
Q30_STEP_OWNER_CLEANUP seed=4 fault=RELAY_B_COIL_OPEN maxStep=5.00000000e-06 cleanup=true elapsedMillis=0
Q30_STEP_OWNER_CLEANUP seed=4 fault=DREV_OPEN maxStep=0.00000000 cleanup=true elapsedMillis=0
Q30_STEP_OWNER_CLEANUP seed=4 fault=RELAY_B_COIL_OPEN maxStep=0.00000000 cleanup=true elapsedMillis=0
Q30_STEP_SEED_CLEANUP seed=4 cleanup=true elapsedMillis=0

node 11 unconnected
Exception in thread "main" java.lang.NullPointerException
	at com.lushprojects.circuitjs1.client.CirSim.setSimRunning(CirSim.java:1757)
	at com.lushprojects.circuitjs1.client.CirSim.stop(CirSim.java:3100)
	at com.lushprojects.circuitjs1.client.CirSim.analyzeCircuitOwned(CirSim.java:2799)
	at com.lushprojects.circuitjs1.client.CircuitSolverExecutor.analyze(CircuitSolverExecutor.java:104)
	at com.lushprojects.circuitjs1.client.CircuitSolverExecutor.analyze(CircuitSolverExecutor.java:97)
	at com.lushprojects.circuitjs1.client.CirSim.analyzeCircuit(CirSim.java:2730)
	at com.lushprojects.circuitjs1.client.Q30SolverStepSensitivityContractTest.settleElectrical(Q30SolverStepSensitivityContractTest.java:432)
	at com.lushprojects.circuitjs1.client.Q30SolverStepSensitivityContractTest.runOwner(Q30SolverStepSensitivityContractTest.java:243)
	at com.lushprojects.circuitjs1.client.Q30SolverStepSensitivityContractTest.verifySeed(Q30SolverStepSensitivityContractTest.java:135)
	at com.lushprojects.circuitjs1.client.Q30SolverStepSensitivityContractTest.main(Q30SolverStepSensitivityContractTest.java:73)

Q30_SENSITIVITY_CENSUS attempted=1 passed=0 failed=1 childBudgetMs=60000
CURRENT_CONTRACT_FAILURE: Q30 solver sensitivity failed cases: 4/RELAY_B_COIL_OPEN
CLEANUP: current JVM contract classes and task-owned scratch removed.
