The names of some imported commands from the module 'VerifierIsolation' include unapproved verbs that might make them less discoverable. To find the commands with unapproved verbs, run the Import-Module command again with the Verbose parameter. For a list of approved verbs, type Get-Verb.
JDK: javac 1.8.0_502
NATIVE BRIDGE: scratch-only exact CirSim.console -> System.err.println; CircuitJS solver/models unchanged.

warning: [options] bootstrap class path not set in conjunction with -source 1.7
Note: Some input files use unchecked or unsafe operations.
Note: Recompile with -Xlint:unchecked for details.
1 warning

SERVICE_COVERAGE LED_INDICATOR parts=3
SERVICE_COVERAGE DIODE_PROTECTED_INDICATOR parts=4
SERVICE_COVERAGE PARALLEL_DUAL_INDICATOR parts=5
SERVICE_COVERAGE RC_DELAY parts=6
SERVICE_COVERAGE NPN_LOW_SIDE_SWITCH parts=7
SERVICE_COVERAGE NMOS_LOW_SIDE_SWITCH parts=6
SERVICE_COVERAGE RELAY_OUTPUT parts=9
SERVICE_COVERAGE SENSOR_CONTROL parts=9
SERVICE_COVERAGE RB15_CONTROL parts=16
SERVICE_COVERAGE COMPOSED_CONTROLLED_INDICATOR parts=15
SERVICE_COVERAGE RB30_CONTROL parts=37
PASS: physical serviceability contracts assertions=1427

PASS: E03 relay contracts 161 assertions

PASS: Q30 catalog identity contracts assertions=13

Q30_CATALOG_TRANSFER_CLEANUP ownerDeleted=true graphEmpty=true powerDisconnected=true capabilityRegistryCleared=true slotsRestored=true nativeSolverModelResetInvoked=true browserResetOutsideNativeFixture=true
PASS: Q30 catalog transfer contracts 219 assertions elapsedMillis=5598

node 11 unconnected
node 11 unconnected
node 58 unconnected
node 61 unconnected
node 11 unconnected
node 52 unconnected
node 55 unconnected
node 58 unconnected
node 63 unconnected
node 66 unconnected
node 11 unconnected
node 52 unconnected
node 55 unconnected
node 11 unconnected
node 52 unconnected
node 55 unconnected
node 58 unconnected
node 63 unconnected
node 66 unconnected
node 11 unconnected
node 58 unconnected
node 61 unconnected
node 11 unconnected
node 58 unconnected
node 61 unconnected
node 64 unconnected
node 11 unconnected
node 23 unconnected
node 63 unconnected
node 66 unconnected
node 69 unconnected
node 11 unconnected
node 23 unconnected
node 63 unconnected
node 66 unconnected
node 11 unconnected
node 23 unconnected
node 63 unconnected
node 66 unconnected
node 69 unconnected
node 11 unconnected
node 58 unconnected
node 61 unconnected
node 64 unconnected
node 11 unconnected
node 58 unconnected
node 61 unconnected
node 64 unconnected
node 69 unconnected
node 70 unconnected
node 11 unconnected
node 42 unconnected
node 43 unconnected
node 61 unconnected
node 64 unconnected
node 67 unconnected
node 72 unconnected
node 73 unconnected
node 11 unconnected
node 42 unconnected
node 43 unconnected
node 61 unconnected
node 64 unconnected
node 67 unconnected
node 11 unconnected
node 42 unconnected
node 43 unconnected
node 61 unconnected
node 64 unconnected
node 67 unconnected
node 72 unconnected
node 73 unconnected
node 11 unconnected
node 58 unconnected
node 61 unconnected
node 64 unconnected
node 69 unconnected
node 70 unconnected
node 11 unconnected
node 58 unconnected
node 61 unconnected
node 64 unconnected
node 69 unconnected
node 70 unconnected
node 72 unconnected
node 11 unconnected
node 50 unconnected
node 61 unconnected
node 64 unconnected
node 67 unconnected
node 72 unconnected
node 73 unconnected
node 75 unconnected
node 11 unconnected
node 50 unconnected
node 61 unconnected
node 64 unconnected
node 67 unconnected
node 72 unconnected
node 73 unconnected
node 11 unconnected
node 50 unconnected
node 61 unconnected
node 64 unconnected
node 67 unconnected
node 72 unconnected
node 73 unconnected
node 75 unconnected
node 11 unconnected
node 58 unconnected
node 61 unconnected
node 64 unconnected
node 69 unconnected
node 70 unconnected
node 72 unconnected
node 11 unconnected
node 58 unconnected
node 61 unconnected
node 64 unconnected
node 69 unconnected
node 70 unconnected
node 72 unconnected

Q30_FULL_OWNER seed=3 PASS components=37 copperEdges=356 copperJunctions=363
Q30_FULL_OWNER seed=37 PASS components=37 copperEdges=357 copperJunctions=364
PASS: Q30 physical metadata contracts 1989 assertions, topologies=7

PASS: focused current contracts; 5 Java suites. Full matrix and independent oracles NOT RUN.
CLEANUP: current JVM contract classes and task-owned scratch removed.
