The names of some imported commands from the module 'VerifierIsolation' include unapproved verbs that might make them less discoverable. To find the commands with unapproved verbs, run the Import-Module command again with the Verbose parameter. For a list of approved verbs, type Get-Verb.
JDK: javac 1.8.0_502
NATIVE BRIDGE: scratch-only exact CirSim.console -> System.err.println; CircuitJS solver/models unchanged.

warning: [options] bootstrap class path not set in conjunction with -source 1.7
Note: Some input files use unchecked or unsafe operations.
Note: Recompile with -Xlint:unchecked for details.
1 warning

Q30_RESIDUAL_GUARD seed=0 simulatedSeconds=0.2 upstreamVolts=0.8412176758260993

node 11 unconnected
converged after 25 iterations, timeStep = 5.0E-6
converged after 6 iterations, timeStep = 5.0E-6
node 11 unconnected
node 11 unconnected
converged after 16 iterations, timeStep = 5.0E-6
node 11 unconnected
converged after 19 iterations, timeStep = 5.0E-6
node 11 unconnected
converged after 19 iterations, timeStep = 5.0E-6
node 11 unconnected
node 11 unconnected
node 11 unconnected
converged after 18 iterations, timeStep = 5.0E-6
converged after 8 iterations, timeStep = 5.0E-6
node 11 unconnected
converged after 16 iterations, timeStep = 5.0E-6
node 11 unconnected
converged after 13 iterations, timeStep = 5.0E-6
node 11 unconnected
converged after 16 iterations, timeStep = 5.0E-6
node 11 unconnected
converged after 13 iterations, timeStep = 5.0E-6
node 11 unconnected
converged after 16 iterations, timeStep = 5.0E-6
node 11 unconnected
converged after 13 iterations, timeStep = 5.0E-6
node 11 unconnected
converged after 16 iterations, timeStep = 5.0E-6
node 11 unconnected
node 11 unconnected
converged after 13 iterations, timeStep = 5.0E-6
node 11 unconnected
node 11 unconnected
Exception in thread "main" java.lang.NullPointerException
	at com.lushprojects.circuitjs1.client.CirSim.LS(CirSim.java:8493)
	at com.lushprojects.circuitjs1.client.CirSim.LSHTML(CirSim.java:8508)
	at com.lushprojects.circuitjs1.client.CirSim.setSimRunning(CirSim.java:1753)
	at com.lushprojects.circuitjs1.client.CirSim.markGeneratedRuntimeFailure(CirSim.java:6166)
	at com.lushprojects.circuitjs1.client.ReplaceableRelayCapability$Controller.mutate(ReplaceableRelayCapability.java:154)
	at com.lushprojects.circuitjs1.client.ReplaceableRelayCapability$Controller.removeInstalledPart(ReplaceableRelayCapability.java:87)
	at com.lushprojects.circuitjs1.client.Rb30RelayService$Controller.removeInstalledPart(Rb30RelayService.java:233)
	at com.lushprojects.circuitjs1.client.Q30ServiceFlowContractTest.verifyServiceFlow(Q30ServiceFlowContractTest.java:244)
	at com.lushprojects.circuitjs1.client.Q30ServiceFlowContractTest.verifySeed(Q30ServiceFlowContractTest.java:147)
	at com.lushprojects.circuitjs1.client.Q30ServiceFlowContractTest.main(Q30ServiceFlowContractTest.java:52)

Q30_CASE_FAIL|0|RELAY_B_COIL_OPEN|exit=1, exact PASS row missing or ambiguous, exact final marker missing or ambiguous
PASS: Q30 service flow seed=0 fault=DREV_OPEN target=DREV fingerprintHash=9be0e8ac
PASS: Q30 service flow contracts 238 assertions seed=0 fault=DREV_OPEN

node 11 unconnected
converged after 25 iterations, timeStep = 5.0E-6
converged after 6 iterations, timeStep = 5.0E-6
node 11 unconnected
node 11 unconnected
converged after 16 iterations, timeStep = 5.0E-6
node 11 unconnected
converged after 19 iterations, timeStep = 5.0E-6
node 11 unconnected
converged after 19 iterations, timeStep = 5.0E-6
node 11 unconnected
node 11 unconnected
node 11 unconnected
converged after 19 iterations, timeStep = 5.0E-6
node 11 unconnected
converged after 16 iterations, timeStep = 5.0E-6
converged after 9 iterations, timeStep = 5.0E-6
node 11 unconnected
node 11 unconnected
node 11 unconnected
node 11 unconnected
node 11 unconnected
node 11 unconnected
node 11 unconnected
node 11 unconnected
node 11 unconnected
node 11 unconnected
node 16 unconnected
node 20 unconnected
node 11 unconnected
node 11 unconnected
node 11 unconnected
node 11 unconnected
node 11 unconnected
node 11 unconnected
node 11 unconnected
node 11 unconnected
node 11 unconnected
node 11 unconnected
node 16 unconnected
node 20 unconnected
node 11 unconnected
node 16 unconnected
node 20 unconnected
converged after 6 iterations, timeStep = 5.0E-6
converged after 6 iterations, timeStep = 5.0E-6
node 11 unconnected
node 16 unconnected
node 20 unconnected
converged after 40 iterations, timeStep = 5.0E-6
node 11 unconnected
node 16 unconnected
node 20 unconnected
converged after 10 iterations, timeStep = 5.0E-6
node 11 unconnected
node 16 unconnected
node 20 unconnected
converged after 16 iterations, timeStep = 5.0E-6
node 11 unconnected
node 16 unconnected
node 20 unconnected
converged after 17 iterations, timeStep = 5.0E-6
node 11 unconnected
node 16 unconnected
node 20 unconnected
converged after 18 iterations, timeStep = 5.0E-6
node 11 unconnected
node 16 unconnected
node 20 unconnected
node 11 unconnected
node 16 unconnected
node 20 unconnected
converged after 9 iterations, timeStep = 5.0E-6
node 11 unconnected
node 16 unconnected
node 20 unconnected
converged after 16 iterations, timeStep = 5.0E-6
node 11 unconnected
node 16 unconnected
node 20 unconnected
converged after 17 iterations, timeStep = 5.0E-6
node 11 unconnected
node 16 unconnected
node 20 unconnected
converged after 18 iterations, timeStep = 5.0E-6

Q30_CASE_FAIL|0|DREV_OPEN|exact PASS row missing or ambiguous
PASS: Q30 service flow seed=0 fault=REN_OPEN target=REN fingerprintHash=9be0e8ac
PASS: Q30 service flow contracts 238 assertions seed=0 fault=REN_OPEN

node 11 unconnected
converged after 25 iterations, timeStep = 5.0E-6
converged after 6 iterations, timeStep = 5.0E-6
node 11 unconnected
node 11 unconnected
converged after 16 iterations, timeStep = 5.0E-6
node 11 unconnected
converged after 19 iterations, timeStep = 5.0E-6
node 11 unconnected
converged after 19 iterations, timeStep = 5.0E-6
node 11 unconnected
node 11 unconnected
node 11 unconnected
node 20 unconnected
converged after 12 iterations, timeStep = 5.0E-6
node 11 unconnected
node 20 unconnected
node 11 unconnected
node 20 unconnected
node 11 unconnected
node 20 unconnected
node 11 unconnected
node 20 unconnected
node 11 unconnected
node 20 unconnected
node 11 unconnected
node 20 unconnected
node 11 unconnected
node 20 unconnected
node 11 unconnected
node 20 unconnected
node 11 unconnected
node 20 unconnected
node 11 unconnected
node 20 unconnected
node 11 unconnected
node 20 unconnected
node 21 unconnected
node 23 unconnected
node 11 unconnected
node 20 unconnected
node 11 unconnected
node 20 unconnected
node 11 unconnected
node 20 unconnected
node 11 unconnected
node 20 unconnected
node 11 unconnected
node 20 unconnected
node 11 unconnected
node 20 unconnected
node 11 unconnected
node 20 unconnected
node 11 unconnected
node 20 unconnected
node 11 unconnected
node 20 unconnected
node 11 unconnected
node 20 unconnected
node 21 unconnected
node 23 unconnected
node 11 unconnected
node 21 unconnected
node 23 unconnected
node 11 unconnected
node 21 unconnected
node 23 unconnected
converged after 16 iterations, timeStep = 5.0E-6
converged after 6 iterations, timeStep = 5.0E-6
node 11 unconnected
node 21 unconnected
node 23 unconnected
converged after 9 iterations, timeStep = 5.0E-6
node 11 unconnected
node 21 unconnected
node 23 unconnected
converged after 16 iterations, timeStep = 5.0E-6
node 11 unconnected
node 21 unconnected
node 23 unconnected
converged after 19 iterations, timeStep = 5.0E-6
node 11 unconnected
node 21 unconnected
node 23 unconnected
converged after 19 iterations, timeStep = 5.0E-6
node 11 unconnected
node 21 unconnected
node 23 unconnected
node 11 unconnected
node 21 unconnected
node 23 unconnected
converged after 9 iterations, timeStep = 5.0E-6
node 11 unconnected
node 21 unconnected
node 23 unconnected
converged after 16 iterations, timeStep = 5.0E-6
node 11 unconnected
node 21 unconnected
node 23 unconnected
converged after 19 iterations, timeStep = 5.0E-6
node 11 unconnected
node 21 unconnected
node 23 unconnected
converged after 19 iterations, timeStep = 5.0E-6

Q30_CASE_FAIL|0|REN_OPEN|exact PASS row missing or ambiguous
PASS: Q30 service flow seed=0 fault=SENSOR_A_OPEN target=RSA fingerprintHash=9be0e8ac
PASS: Q30 service flow contracts 238 assertions seed=0 fault=SENSOR_A_OPEN

node 11 unconnected
converged after 25 iterations, timeStep = 5.0E-6
converged after 6 iterations, timeStep = 5.0E-6
node 11 unconnected
node 11 unconnected
converged after 16 iterations, timeStep = 5.0E-6
node 11 unconnected
converged after 19 iterations, timeStep = 5.0E-6
node 11 unconnected
converged after 19 iterations, timeStep = 5.0E-6
node 11 unconnected
node 11 unconnected
node 11 unconnected
converged after 9 iterations, timeStep = 5.0E-6
node 11 unconnected
node 11 unconnected
converged after 16 iterations, timeStep = 5.0E-6
node 11 unconnected
node 11 unconnected
converged after 9 iterations, timeStep = 5.0E-6
node 11 unconnected
node 11 unconnected
converged after 16 iterations, timeStep = 5.0E-6
node 11 unconnected
node 11 unconnected
node 7 unconnected
node 11 unconnected
converged after 9 iterations, timeStep = 5.0E-6
node 7 unconnected
node 11 unconnected
node 7 unconnected
node 11 unconnected
node 29 unconnected
node 31 unconnected
node 7 unconnected
node 11 unconnected
node 11 unconnected
converged after 20 iterations, timeStep = 5.0E-6
node 11 unconnected
node 11 unconnected
node 11 unconnected
converged after 16 iterations, timeStep = 5.0E-6
node 11 unconnected
node 11 unconnected
node 7 unconnected
node 11 unconnected
converged after 9 iterations, timeStep = 5.0E-6
node 7 unconnected
node 11 unconnected
node 7 unconnected
node 11 unconnected
node 29 unconnected
node 31 unconnected
node 11 unconnected
node 29 unconnected
node 31 unconnected
node 11 unconnected
node 29 unconnected
node 31 unconnected
converged after 20 iterations, timeStep = 5.0E-6
node 11 unconnected
node 29 unconnected
node 31 unconnected
node 11 unconnected
node 29 unconnected
node 31 unconnected
converged after 16 iterations, timeStep = 5.0E-6
node 11 unconnected
node 29 unconnected
node 31 unconnected
converged after 19 iterations, timeStep = 5.0E-6
node 11 unconnected
node 29 unconnected
node 31 unconnected
converged after 19 iterations, timeStep = 5.0E-6
node 11 unconnected
node 29 unconnected
node 31 unconnected
node 11 unconnected
node 29 unconnected
node 31 unconnected
converged after 9 iterations, timeStep = 5.0E-6
node 11 unconnected
node 29 unconnected
node 31 unconnected
converged after 16 iterations, timeStep = 5.0E-6
node 11 unconnected
node 29 unconnected
node 31 unconnected
converged after 19 iterations, timeStep = 5.0E-6
node 11 unconnected
node 29 unconnected
node 31 unconnected
converged after 19 iterations, timeStep = 5.0E-6

Q30_CASE_FAIL|0|SENSOR_A_OPEN|exact PASS row missing or ambiguous
PASS: Q30 service flow seed=0 fault=DRIVE_A_OPEN target=RDA fingerprintHash=9be0e8ac
PASS: Q30 service flow contracts 238 assertions seed=0 fault=DRIVE_A_OPEN

node 11 unconnected
converged after 25 iterations, timeStep = 5.0E-6
converged after 6 iterations, timeStep = 5.0E-6
node 11 unconnected
node 11 unconnected
converged after 16 iterations, timeStep = 5.0E-6
node 11 unconnected
converged after 19 iterations, timeStep = 5.0E-6
node 11 unconnected
converged after 19 iterations, timeStep = 5.0E-6
node 11 unconnected
node 11 unconnected
node 11 unconnected
converged after 12 iterations, timeStep = 5.0E-6
node 11 unconnected
node 11 unconnected
converged after 16 iterations, timeStep = 5.0E-6
node 11 unconnected
node 11 unconnected
converged after 9 iterations, timeStep = 5.0E-6
node 11 unconnected
node 11 unconnected
converged after 16 iterations, timeStep = 5.0E-6
node 11 unconnected
node 11 unconnected
node 11 unconnected
converged after 9 iterations, timeStep = 5.0E-6
node 11 unconnected
node 11 unconnected
node 36 unconnected
node 39 unconnected
node 11 unconnected
node 11 unconnected
converged after 20 iterations, timeStep = 5.0E-6
node 11 unconnected
node 11 unconnected
node 11 unconnected
converged after 16 iterations, timeStep = 5.0E-6
node 11 unconnected
node 11 unconnected
node 11 unconnected
converged after 9 iterations, timeStep = 5.0E-6
node 11 unconnected
node 11 unconnected
node 36 unconnected
node 39 unconnected
node 11 unconnected
node 36 unconnected
node 39 unconnected
node 11 unconnected
node 36 unconnected
node 39 unconnected
converged after 20 iterations, timeStep = 5.0E-6
node 11 unconnected
node 36 unconnected
node 39 unconnected
node 11 unconnected
node 36 unconnected
node 39 unconnected
converged after 16 iterations, timeStep = 5.0E-6
node 11 unconnected
node 36 unconnected
node 39 unconnected
converged after 19 iterations, timeStep = 5.0E-6
node 11 unconnected
node 36 unconnected
node 39 unconnected
converged after 19 iterations, timeStep = 5.0E-6
node 11 unconnected
node 36 unconnected
node 39 unconnected
node 11 unconnected
node 36 unconnected
node 39 unconnected
converged after 9 iterations, timeStep = 5.0E-6
node 11 unconnected
node 36 unconnected
node 39 unconnected
converged after 16 iterations, timeStep = 5.0E-6
node 11 unconnected
node 36 unconnected
node 39 unconnected
converged after 19 iterations, timeStep = 5.0E-6
node 11 unconnected
node 36 unconnected
node 39 unconnected
converged after 19 iterations, timeStep = 5.0E-6

Q30_CASE_FAIL|0|DRIVE_A_OPEN|exact PASS row missing or ambiguous
Q30_RESIDUAL_GUARD seed=37 simulatedSeconds=0.2 upstreamVolts=0.8121590544171462

node 11 unconnected
converged after 25 iterations, timeStep = 5.0E-6
converged after 6 iterations, timeStep = 5.0E-6
node 11 unconnected
node 11 unconnected
converged after 16 iterations, timeStep = 5.0E-6
node 11 unconnected
converged after 19 iterations, timeStep = 5.0E-6
node 11 unconnected
converged after 19 iterations, timeStep = 5.0E-6
node 11 unconnected
node 11 unconnected
node 11 unconnected
converged after 18 iterations, timeStep = 5.0E-6
converged after 8 iterations, timeStep = 5.0E-6
node 11 unconnected
converged after 16 iterations, timeStep = 5.0E-6
node 11 unconnected
converged after 13 iterations, timeStep = 5.0E-6
node 11 unconnected
converged after 16 iterations, timeStep = 5.0E-6
node 11 unconnected
converged after 13 iterations, timeStep = 5.0E-6
node 11 unconnected
converged after 16 iterations, timeStep = 5.0E-6
node 11 unconnected
converged after 13 iterations, timeStep = 5.0E-6
node 11 unconnected
converged after 16 iterations, timeStep = 5.0E-6
node 11 unconnected
node 11 unconnected
node 11 unconnected
timestep down to 2.5E-6 at 0.45300499999925575
converged after 1 iterations, timeStep = 2.5E-6
converged after 1 iterations, timeStep = 2.5E-6
converged after 4 iterations, timeStep = 2.5E-6
converged after 2 iterations, timeStep = 2.5E-6
converged after 2 iterations, timeStep = 2.5E-6
converged after 2 iterations, timeStep = 2.5E-6
timestep up = 5.0E-6 at 0.45301999999925585
converged after 12 iterations, timeStep = 5.0E-6
node 11 unconnected
Exception in thread "main" java.lang.NullPointerException
	at com.lushprojects.circuitjs1.client.CirSim.LS(CirSim.java:8493)
	at com.lushprojects.circuitjs1.client.CirSim.LSHTML(CirSim.java:8508)
	at com.lushprojects.circuitjs1.client.CirSim.setSimRunning(CirSim.java:1753)
	at com.lushprojects.circuitjs1.client.CirSim.markGeneratedRuntimeFailure(CirSim.java:6166)
	at com.lushprojects.circuitjs1.client.ReplaceableRelayCapability$Controller.mutate(ReplaceableRelayCapability.java:154)
	at com.lushprojects.circuitjs1.client.ReplaceableRelayCapability$Controller.removeInstalledPart(ReplaceableRelayCapability.java:87)
	at com.lushprojects.circuitjs1.client.Rb30RelayService$Controller.removeInstalledPart(Rb30RelayService.java:233)
	at com.lushprojects.circuitjs1.client.Q30ServiceFlowContractTest.verifyServiceFlow(Q30ServiceFlowContractTest.java:244)
	at com.lushprojects.circuitjs1.client.Q30ServiceFlowContractTest.verifySeed(Q30ServiceFlowContractTest.java:147)
	at com.lushprojects.circuitjs1.client.Q30ServiceFlowContractTest.main(Q30ServiceFlowContractTest.java:52)

Q30_CASE_FAIL|37|RELAY_B_COIL_OPEN|exit=1, exact PASS row missing or ambiguous, exact final marker missing or ambiguous
PASS: Q30 service flow seed=37 fault=DREV_OPEN target=DREV fingerprintHash=c90f49e6
PASS: Q30 service flow contracts 238 assertions seed=37 fault=DREV_OPEN

node 11 unconnected
converged after 25 iterations, timeStep = 5.0E-6
converged after 6 iterations, timeStep = 5.0E-6
node 11 unconnected
node 11 unconnected
converged after 16 iterations, timeStep = 5.0E-6
node 11 unconnected
converged after 19 iterations, timeStep = 5.0E-6
node 11 unconnected
converged after 19 iterations, timeStep = 5.0E-6
node 11 unconnected
node 11 unconnected
node 11 unconnected
converged after 19 iterations, timeStep = 5.0E-6
node 11 unconnected
converged after 16 iterations, timeStep = 5.0E-6
converged after 9 iterations, timeStep = 5.0E-6
node 11 unconnected
node 11 unconnected
node 11 unconnected
node 11 unconnected
node 11 unconnected
node 11 unconnected
node 11 unconnected
node 11 unconnected
node 11 unconnected
node 11 unconnected
node 16 unconnected
node 20 unconnected
node 11 unconnected
node 11 unconnected
node 11 unconnected
node 11 unconnected
node 11 unconnected
node 11 unconnected
node 11 unconnected
node 11 unconnected
node 11 unconnected
node 11 unconnected
node 16 unconnected
node 20 unconnected
node 11 unconnected
node 16 unconnected
node 20 unconnected
converged after 6 iterations, timeStep = 5.0E-6
converged after 6 iterations, timeStep = 5.0E-6
node 11 unconnected
node 16 unconnected
node 20 unconnected
converged after 40 iterations, timeStep = 5.0E-6
node 11 unconnected
node 16 unconnected
node 20 unconnected
converged after 10 iterations, timeStep = 5.0E-6
node 11 unconnected
node 16 unconnected
node 20 unconnected
converged after 16 iterations, timeStep = 5.0E-6
node 11 unconnected
node 16 unconnected
node 20 unconnected
converged after 17 iterations, timeStep = 5.0E-6
node 11 unconnected
node 16 unconnected
node 20 unconnected
converged after 18 iterations, timeStep = 5.0E-6
node 11 unconnected
node 16 unconnected
node 20 unconnected
node 11 unconnected
node 16 unconnected
node 20 unconnected
converged after 9 iterations, timeStep = 5.0E-6
node 11 unconnected
node 16 unconnected
node 20 unconnected
converged after 16 iterations, timeStep = 5.0E-6
node 11 unconnected
node 16 unconnected
node 20 unconnected
converged after 17 iterations, timeStep = 5.0E-6
node 11 unconnected
node 16 unconnected
node 20 unconnected
converged after 18 iterations, timeStep = 5.0E-6

Q30_CASE_FAIL|37|DREV_OPEN|exact PASS row missing or ambiguous
PASS: Q30 service flow seed=37 fault=REN_OPEN target=REN fingerprintHash=c90f49e6
PASS: Q30 service flow contracts 238 assertions seed=37 fault=REN_OPEN

node 11 unconnected
converged after 25 iterations, timeStep = 5.0E-6
converged after 6 iterations, timeStep = 5.0E-6
node 11 unconnected
node 11 unconnected
converged after 16 iterations, timeStep = 5.0E-6
node 11 unconnected
converged after 19 iterations, timeStep = 5.0E-6
node 11 unconnected
converged after 19 iterations, timeStep = 5.0E-6
node 11 unconnected
node 11 unconnected
node 11 unconnected
node 20 unconnected
converged after 12 iterations, timeStep = 5.0E-6
node 11 unconnected
node 20 unconnected
node 11 unconnected
node 20 unconnected
node 11 unconnected
node 20 unconnected
node 11 unconnected
node 20 unconnected
node 11 unconnected
node 20 unconnected
node 11 unconnected
node 20 unconnected
node 11 unconnected
node 20 unconnected
node 11 unconnected
node 20 unconnected
node 11 unconnected
node 20 unconnected
node 11 unconnected
node 20 unconnected
node 11 unconnected
node 20 unconnected
node 21 unconnected
node 23 unconnected
node 11 unconnected
node 20 unconnected
node 11 unconnected
node 20 unconnected
node 11 unconnected
node 20 unconnected
node 11 unconnected
node 20 unconnected
node 11 unconnected
node 20 unconnected
node 11 unconnected
node 20 unconnected
node 11 unconnected
node 20 unconnected
node 11 unconnected
node 20 unconnected
node 11 unconnected
node 20 unconnected
node 11 unconnected
node 20 unconnected
node 21 unconnected
node 23 unconnected
node 11 unconnected
node 21 unconnected
node 23 unconnected
node 11 unconnected
node 21 unconnected
node 23 unconnected
converged after 16 iterations, timeStep = 5.0E-6
converged after 6 iterations, timeStep = 5.0E-6
node 11 unconnected
node 21 unconnected
node 23 unconnected
converged after 9 iterations, timeStep = 5.0E-6
node 11 unconnected
node 21 unconnected
node 23 unconnected
converged after 16 iterations, timeStep = 5.0E-6
node 11 unconnected
node 21 unconnected
node 23 unconnected
converged after 19 iterations, timeStep = 5.0E-6
node 11 unconnected
node 21 unconnected
node 23 unconnected
converged after 19 iterations, timeStep = 5.0E-6
node 11 unconnected
node 21 unconnected
node 23 unconnected
node 11 unconnected
node 21 unconnected
node 23 unconnected
converged after 9 iterations, timeStep = 5.0E-6
node 11 unconnected
node 21 unconnected
node 23 unconnected
converged after 16 iterations, timeStep = 5.0E-6
node 11 unconnected
node 21 unconnected
node 23 unconnected
converged after 19 iterations, timeStep = 5.0E-6
node 11 unconnected
node 21 unconnected
node 23 unconnected
converged after 19 iterations, timeStep = 5.0E-6

Q30_CASE_FAIL|37|REN_OPEN|exact PASS row missing or ambiguous
PASS: Q30 service flow seed=37 fault=SENSOR_A_OPEN target=RSA fingerprintHash=c90f49e6
PASS: Q30 service flow contracts 238 assertions seed=37 fault=SENSOR_A_OPEN

node 11 unconnected
converged after 25 iterations, timeStep = 5.0E-6
converged after 6 iterations, timeStep = 5.0E-6
node 11 unconnected
node 11 unconnected
converged after 16 iterations, timeStep = 5.0E-6
node 11 unconnected
converged after 19 iterations, timeStep = 5.0E-6
node 11 unconnected
converged after 19 iterations, timeStep = 5.0E-6
node 11 unconnected
node 11 unconnected
node 11 unconnected
converged after 10 iterations, timeStep = 5.0E-6
node 11 unconnected
node 11 unconnected
converged after 19 iterations, timeStep = 5.0E-6
node 11 unconnected
node 11 unconnected
converged after 9 iterations, timeStep = 5.0E-6
node 11 unconnected
node 11 unconnected
converged after 16 iterations, timeStep = 5.0E-6
node 11 unconnected
node 11 unconnected
node 7 unconnected
node 11 unconnected
node 7 unconnected
node 11 unconnected
timestep down to 2.5E-6 at 0.45300499999925575
converged after 1 iterations, timeStep = 2.5E-6
converged after 1 iterations, timeStep = 2.5E-6
converged after 4 iterations, timeStep = 2.5E-6
converged after 2 iterations, timeStep = 2.5E-6
converged after 2 iterations, timeStep = 2.5E-6
converged after 2 iterations, timeStep = 2.5E-6
timestep up = 5.0E-6 at 0.45301999999925585
converged after 9 iterations, timeStep = 5.0E-6
node 7 unconnected
node 11 unconnected
node 28 unconnected
node 30 unconnected
node 7 unconnected
node 11 unconnected
node 11 unconnected
converged after 22 iterations, timeStep = 5.0E-6
node 11 unconnected
node 11 unconnected
node 11 unconnected
converged after 16 iterations, timeStep = 5.0E-6
node 11 unconnected
node 11 unconnected
node 7 unconnected
node 11 unconnected
node 7 unconnected
node 11 unconnected
timestep down to 2.5E-6 at 0.703165000000373
converged after 1 iterations, timeStep = 2.5E-6
converged after 1 iterations, timeStep = 2.5E-6
converged after 4 iterations, timeStep = 2.5E-6
converged after 2 iterations, timeStep = 2.5E-6
converged after 2 iterations, timeStep = 2.5E-6
converged after 2 iterations, timeStep = 2.5E-6
timestep up = 5.0E-6 at 0.7031800000003731
converged after 9 iterations, timeStep = 5.0E-6
node 7 unconnected
node 11 unconnected
node 28 unconnected
node 30 unconnected
node 11 unconnected
node 28 unconnected
node 30 unconnected
node 11 unconnected
node 28 unconnected
node 30 unconnected
converged after 22 iterations, timeStep = 5.0E-6
node 11 unconnected
node 28 unconnected
node 30 unconnected
node 11 unconnected
node 28 unconnected
node 30 unconnected
converged after 16 iterations, timeStep = 5.0E-6
node 11 unconnected
node 28 unconnected
node 30 unconnected
converged after 19 iterations, timeStep = 5.0E-6
node 11 unconnected
node 28 unconnected
node 30 unconnected
converged after 19 iterations, timeStep = 5.0E-6
node 11 unconnected
node 28 unconnected
node 30 unconnected
node 11 unconnected
node 28 unconnected
node 30 unconnected
converged after 9 iterations, timeStep = 5.0E-6
node 11 unconnected
node 28 unconnected
node 30 unconnected
converged after 16 iterations, timeStep = 5.0E-6
node 11 unconnected
node 28 unconnected
node 30 unconnected
converged after 19 iterations, timeStep = 5.0E-6
node 11 unconnected
node 28 unconnected
node 30 unconnected
converged after 19 iterations, timeStep = 5.0E-6

Q30_CASE_FAIL|37|SENSOR_A_OPEN|exact PASS row missing or ambiguous
PASS: Q30 service flow seed=37 fault=DRIVE_A_OPEN target=RDA fingerprintHash=c90f49e6
PASS: Q30 service flow contracts 238 assertions seed=37 fault=DRIVE_A_OPEN

node 11 unconnected
converged after 25 iterations, timeStep = 5.0E-6
converged after 6 iterations, timeStep = 5.0E-6
node 11 unconnected
node 11 unconnected
converged after 16 iterations, timeStep = 5.0E-6
node 11 unconnected
converged after 19 iterations, timeStep = 5.0E-6
node 11 unconnected
converged after 19 iterations, timeStep = 5.0E-6
node 11 unconnected
node 11 unconnected
node 11 unconnected
converged after 12 iterations, timeStep = 5.0E-6
node 11 unconnected
node 11 unconnected
converged after 16 iterations, timeStep = 5.0E-6
node 11 unconnected
node 11 unconnected
converged after 9 iterations, timeStep = 5.0E-6
node 11 unconnected
node 11 unconnected
converged after 16 iterations, timeStep = 5.0E-6
node 11 unconnected
node 11 unconnected
node 11 unconnected
node 11 unconnected
timestep down to 2.5E-6 at 0.45300499999925575
converged after 1 iterations, timeStep = 2.5E-6
converged after 1 iterations, timeStep = 2.5E-6
converged after 4 iterations, timeStep = 2.5E-6
converged after 2 iterations, timeStep = 2.5E-6
converged after 2 iterations, timeStep = 2.5E-6
converged after 2 iterations, timeStep = 2.5E-6
timestep up = 5.0E-6 at 0.45301999999925585
converged after 9 iterations, timeStep = 5.0E-6
node 11 unconnected
node 35 unconnected
node 38 unconnected
node 11 unconnected
node 11 unconnected
converged after 22 iterations, timeStep = 5.0E-6
node 11 unconnected
node 11 unconnected
node 11 unconnected
converged after 16 iterations, timeStep = 5.0E-6
node 11 unconnected
node 11 unconnected
node 11 unconnected
node 11 unconnected
timestep down to 2.5E-6 at 0.703165000000373
converged after 1 iterations, timeStep = 2.5E-6
converged after 1 iterations, timeStep = 2.5E-6
converged after 4 iterations, timeStep = 2.5E-6
converged after 2 iterations, timeStep = 2.5E-6
converged after 2 iterations, timeStep = 2.5E-6
converged after 2 iterations, timeStep = 2.5E-6
timestep up = 5.0E-6 at 0.7031800000003731
converged after 9 iterations, timeStep = 5.0E-6
node 11 unconnected
node 35 unconnected
node 38 unconnected
node 11 unconnected
node 35 unconnected
node 38 unconnected
node 11 unconnected
node 35 unconnected
node 38 unconnected
converged after 22 iterations, timeStep = 5.0E-6
node 11 unconnected
node 35 unconnected
node 38 unconnected
node 11 unconnected
node 35 unconnected
node 38 unconnected
converged after 16 iterations, timeStep = 5.0E-6
node 11 unconnected
node 35 unconnected
node 38 unconnected
converged after 19 iterations, timeStep = 5.0E-6
node 11 unconnected
node 35 unconnected
node 38 unconnected
converged after 19 iterations, timeStep = 5.0E-6
node 11 unconnected
node 35 unconnected
node 38 unconnected
node 11 unconnected
node 35 unconnected
node 38 unconnected
converged after 9 iterations, timeStep = 5.0E-6
node 11 unconnected
node 35 unconnected
node 38 unconnected
converged after 16 iterations, timeStep = 5.0E-6
node 11 unconnected
node 35 unconnected
node 38 unconnected
converged after 19 iterations, timeStep = 5.0E-6
node 11 unconnected
node 35 unconnected
node 38 unconnected
converged after 19 iterations, timeStep = 5.0E-6

Q30_CASE_FAIL|37|DRIVE_A_OPEN|exact PASS row missing or ambiguous
FAIL: Q30 service flow census attempted=10 passed=0 failed=10 failedCases=0|RELAY_B_COIL_OPEN,0|DREV_OPEN,0|REN_OPEN,0|SENSOR_A_OPEN,0|DRIVE_A_OPEN,37|RELAY_B_COIL_OPEN,37|DREV_OPEN,37|REN_OPEN,37|SENSOR_A_OPEN,37|DRIVE_A_OPEN seeds=0,37 faults=5 order=RELAY_B_COIL_OPEN,DREV_OPEN,REN_OPEN,SENSOR_A_OPEN,DRIVE_A_OPEN childBudgetMs=60000
CURRENT_CONTRACT_FAILURE: Q30 service census failed cases: 0|RELAY_B_COIL_OPEN,0|DREV_OPEN,0|REN_OPEN,0|SENSOR_A_OPEN,0|DRIVE_A_OPEN,37|RELAY_B_COIL_OPEN,37|DREV_OPEN,37|REN_OPEN,37|SENSOR_A_OPEN,37|DRIVE_A_OPEN
CLEANUP: current JVM contract classes and task-owned scratch removed.
