The names of some imported commands from the module 'VerifierIsolation' include unapproved verbs that might make them less discoverable. To find the commands with unapproved verbs, run the Import-Module command again with the Verbose parameter. For a list of approved verbs, type Get-Verb.
JDK: javac 1.8.0_502
NATIVE BRIDGE: scratch-only exact CirSim.console -> System.err.println; CircuitJS solver/models unchanged.

warning: [options] bootstrap class path not set in conjunction with -source 1.7
Note: Some input files use unchecked or unsafe operations.
Note: Recompile with -Xlint:unchecked for details.
1 warning

PASS: generated power control observation contracts assertions=16

PASS: Q30 plan contracts 4381 assertions, topologies=11, oneChannelSeeds=7, twoChannelSeeds=10, structuralPackageBand=20..40


node 8 unconnected
node 8 unconnected
Exception in thread "main" java.lang.NullPointerException
	at com.lushprojects.circuitjs1.client.CirSim.getIterCount(CirSim.java:3247)
	at com.lushprojects.circuitjs1.client.CirSim.runCircuitOwned(CirSim.java:3292)
	at com.lushprojects.circuitjs1.client.CircuitSolverExecutor.advanceUi(CircuitSolverExecutor.java:116)
	at com.lushprojects.circuitjs1.client.CirSim.runCircuit(CirSim.java:3271)
	at com.lushprojects.circuitjs1.client.CirSim.runTemporaryMeasurement(CirSim.java:6644)
	at com.lushprojects.circuitjs1.client.CirSim.runTemporaryActiveMeasurement(CirSim.java:6609)
	at com.lushprojects.circuitjs1.client.CirSim.measureResistance(CirSim.java:6419)
	at com.lushprojects.circuitjs1.client.Q30PowerReadinessContractTest.verify(Q30PowerReadinessContractTest.java:40)
	at com.lushprojects.circuitjs1.client.Q30PowerReadinessContractTest.main(Q30PowerReadinessContractTest.java:11)
	Suppressed: java.lang.NullPointerException
		at com.lushprojects.circuitjs1.client.CirSim.getIterCount(CirSim.java:3247)
		at com.lushprojects.circuitjs1.client.CirSim.runCircuitOwned(CirSim.java:3292)
		at com.lushprojects.circuitjs1.client.CircuitSolverExecutor.advanceUi(CircuitSolverExecutor.java:116)
		at com.lushprojects.circuitjs1.client.CirSim.runCircuit(CirSim.java:3271)
		at com.lushprojects.circuitjs1.client.CirSim.runTemporaryMeasurement(CirSim.java:6669)
		... 4 more
	Suppressed: java.lang.NullPointerException
		at com.lushprojects.circuitjs1.client.CirSim.setSimRunning(CirSim.java:1759)
		at com.lushprojects.circuitjs1.client.CirSim.stop(CirSim.java:3103)
		at com.lushprojects.circuitjs1.client.CirSim.runTemporaryMeasurement(CirSim.java:6722)
		... 4 more

CURRENT_CONTRACT_FAILURE: Current contract did not provide a qualified result: Q30PowerReadinessContractTest, exit 1
CLEANUP: current JVM contract classes and task-owned scratch removed.
