The names of some imported commands from the module 'VerifierIsolation' include unapproved verbs that might make them less discoverable. To find the commands with unapproved verbs, run the Import-Module command again with the Verbose parameter. For a list of approved verbs, type Get-Verb.
JDK: javac 1.8.0_502
NATIVE BRIDGE: scratch-only exact CirSim.console -> System.err.println; CircuitJS solver/models unchanged.

warning: [options] bootstrap class path not set in conjunction with -source 1.7
Note: Some input files use unchecked or unsafe operations.
Note: Recompile with -Xlint:unchecked for details.
1 warning


node 8 unconnected
converged after 27 iterations, timeStep = 5.0E-6
node 8 unconnected
node 8 unconnected
converged after 14 iterations, timeStep = 5.0E-6
node 8 unconnected
converged after 15 iterations, timeStep = 5.0E-6
node 8 unconnected
node 8 unconnected
converged after 13 iterations, timeStep = 5.0E-6
node 8 unconnected
node 8 unconnected
converged after 15 iterations, timeStep = 5.0E-6
node 8 unconnected
converged after 14 iterations, timeStep = 5.0E-6
Exception in thread "main" java.lang.AssertionError: work unit 2 uses the expected solver interval count
	at com.lushprojects.circuitjs1.client.Q30TemporalWorkContractTest.check(Q30TemporalWorkContractTest.java:294)
	at com.lushprojects.circuitjs1.client.Q30TemporalWorkContractTest.checkSteps(Q30TemporalWorkContractTest.java:223)
	at com.lushprojects.circuitjs1.client.Q30TemporalWorkContractTest.verifyResumableRetest(Q30TemporalWorkContractTest.java:104)
	at com.lushprojects.circuitjs1.client.Q30TemporalWorkContractTest.verifyTemporalProfiles(Q30TemporalWorkContractTest.java:52)
	at com.lushprojects.circuitjs1.client.Q30TemporalWorkContractTest.main(Q30TemporalWorkContractTest.java:16)

CURRENT_CONTRACT_FAILURE: Current contract did not provide a qualified result: Q30TemporalWorkContractTest, exit 1
CLEANUP: current JVM contract classes and task-owned scratch removed.
