The names of some imported commands from the module 'VerifierIsolation' include unapproved verbs that might make them less discoverable. To find the commands with unapproved verbs, run the Import-Module command again with the Verbose parameter. For a list of approved verbs, type Get-Verb.
JDK: javac 1.8.0_502
NATIVE BRIDGE: scratch-only exact CirSim.console -> System.err.println; CircuitJS solver/models unchanged.

warning: [options] bootstrap class path not set in conjunction with -source 1.7
Note: Some input files use unchecked or unsafe operations.
Note: Recompile with -Xlint:unchecked for details.
1 warning

PASS: Q30 temporal work contracts 161 assertions oneChannelHealthyFaultedRetestUnits=3/3/3 twoChannelHealthyFaultedRetestUnits=5/5/5

node 8 unconnected
converged after 27 iterations, timeStep = 5.0E-6
node 8 unconnected
node 8 unconnected
converged after 14 iterations, timeStep = 5.0E-6
node 8 unconnected
converged after 15 iterations, timeStep = 5.0E-6
node 8 unconnected
node 8 unconnected
converged after 13 iterations, timeStep = 5.0E-6
node 8 unconnected
node 8 unconnected
converged after 15 iterations, timeStep = 5.0E-6
node 8 unconnected
converged after 14 iterations, timeStep = 5.0E-6
node 11 unconnected
converged after 25 iterations, timeStep = 5.0E-6
converged after 6 iterations, timeStep = 5.0E-6
node 11 unconnected
node 11 unconnected
converged after 16 iterations, timeStep = 5.0E-6
converged after 11 iterations, timeStep = 5.0E-6
node 11 unconnected
converged after 19 iterations, timeStep = 5.0E-6
converged after 6 iterations, timeStep = 5.0E-6
node 11 unconnected
converged after 19 iterations, timeStep = 5.0E-6
converged after 11 iterations, timeStep = 5.0E-6
node 11 unconnected
converged after 10 iterations, timeStep = 5.0E-6
converged after 6 iterations, timeStep = 5.0E-6
node 11 unconnected
converged after 16 iterations, timeStep = 5.0E-6
converged after 11 iterations, timeStep = 5.0E-6
node 11 unconnected
node 11 unconnected
converged after 10 iterations, timeStep = 5.0E-6
node 11 unconnected
converged after 10 iterations, timeStep = 5.0E-6
converged after 6 iterations, timeStep = 5.0E-6
node 11 unconnected
converged after 16 iterations, timeStep = 5.0E-6
converged after 11 iterations, timeStep = 5.0E-6
node 11 unconnected
converged after 19 iterations, timeStep = 5.0E-6
converged after 6 iterations, timeStep = 5.0E-6
node 11 unconnected
converged after 19 iterations, timeStep = 5.0E-6
converged after 11 iterations, timeStep = 5.0E-6
node 11 unconnected
converged after 10 iterations, timeStep = 5.0E-6
node 11 unconnected
converged after 19 iterations, timeStep = 5.0E-6
node 11 unconnected
converged after 10 iterations, timeStep = 5.0E-6
converged after 6 iterations, timeStep = 5.0E-6
node 11 unconnected
converged after 16 iterations, timeStep = 5.0E-6
converged after 11 iterations, timeStep = 5.0E-6
node 11 unconnected
node 11 unconnected
converged after 10 iterations, timeStep = 5.0E-6
converged after 6 iterations, timeStep = 5.0E-6
node 11 unconnected
converged after 16 iterations, timeStep = 5.0E-6
converged after 11 iterations, timeStep = 5.0E-6
node 11 unconnected
converged after 19 iterations, timeStep = 5.0E-6
node 11 unconnected
converged after 10 iterations, timeStep = 5.0E-6
converged after 6 iterations, timeStep = 5.0E-6
node 11 unconnected
node 11 unconnected
converged after 16 iterations, timeStep = 5.0E-6
converged after 11 iterations, timeStep = 5.0E-6
node 11 unconnected
converged after 10 iterations, timeStep = 5.0E-6
converged after 6 iterations, timeStep = 5.0E-6
node 11 unconnected
node 11 unconnected
converged after 16 iterations, timeStep = 5.0E-6
converged after 11 iterations, timeStep = 5.0E-6
node 11 unconnected
converged after 10 iterations, timeStep = 5.0E-6
converged after 6 iterations, timeStep = 5.0E-6

PASS: Q30 generation measurement budget contracts 25 assertions

PASS: Q30 normal execution policy contracts 299 assertions

avoided zero
avoided zero
avoided zero
avoided zero
avoided zero
avoided zero
avoided zero
avoided zero
avoided zero
avoided zero
avoided zero
PASS: A07 execution contracts assertions=271699

PASS: Q30 owned LU zero-row contracts assertions=164

PASS: Q30 LU factor profile contracts assertions=30

PASS: Q30 factor work-census contracts assertions=92

PASS: Q30 LU repetition profile contracts sampler=adjacent

PASS: Q30 LU solve profile contracts assertions=24

PASS: focused current contracts; 9 Java suites. Full matrix and independent oracles NOT RUN.
CLEANUP: current JVM contract classes and task-owned scratch removed.
