node 11 unconnected
converged after 25 iterations, timeStep = 5.0E-6
converged after 6 iterations, timeStep = 5.0E-6
Q30_WHOLE_BOARD both-unloaded rail=4.9998459352206615 outA=2.159999614209046E-6 outB=2.159999610738443E-6 coilA=1.0199581039070823E-11 coilB=1.0199587050120762E-11 regulatorInputAmps=0.002551990764198609
node 11 unconnected
converged after 25 iterations, timeStep = 5.0E-6
converged after 6 iterations, timeStep = 5.0E-6
converged after 16 iterations, timeStep = 5.0E-6
Q30_WHOLE_BOARD a-loaded rail=4.995902007426877 outA=11.983356448776867 outB=2.1594004443771943E-6 coilA=0.039440830438538466 coilB=1.0191684530108711E-11 regulatorInputAmps=0.041991099454982174
node 11 unconnected
converged after 25 iterations, timeStep = 5.0E-6
converged after 6 iterations, timeStep = 5.0E-6
converged after 16 iterations, timeStep = 5.0E-6
Q30_WHOLE_BOARD both-loaded rail=4.991964385193778 outA=11.980033277870218 outB=11.980033277870218 coilA=0.03940930137283502 coilB=0.039409301372834986 regulatorInputAmps=0.08136725784496769
node 11 unconnected
Q30_WHOLE_BOARD main-isolated rail=0.0 outA=2.159999614209046E-6 outB=2.159999610738443E-6 coilA=0.0 coilB=0.0 regulatorInputAmps=-6.275060006116344E-28
node 11 unconnected
converged after 25 iterations, timeStep = 5.0E-6
converged after 6 iterations, timeStep = 5.0E-6
converged after 16 iterations, timeStep = 5.0E-6
Q30_WHOLE_BOARD load-isolated rail=4.991964385193778 outA=-1.7763568394002505E-15 outB=-1.7763568394002505E-15 coilA=0.03940930137283502 coilB=0.039409301372834986 regulatorInputAmps=0.08136725784496769
node 11 unconnected
converged after 25 iterations, timeStep = 5.0E-6
converged after 6 iterations, timeStep = 5.0E-6
converged after 16 iterations, timeStep = 5.0E-6
Q30_WHOLE_BOARD sensor-a-isolated rail=4.995902007426878 outA=2.159400446786908E-6 outB=11.983356448776869 coilA=1.0191682703981692E-11 coilB=0.039440830438538334 regulatorInputAmps=0.04199109945497329
node 11 unconnected
converged after 9 iterations, timeStep = 5.0E-6
converged after 6 iterations, timeStep = 5.0E-6
Q30_WHOLE_BOARD main-4v rail=2.566916219325501 outA=2.159999614209046E-6 outB=2.159999610738443E-6 coilA=5.333780040290575E-12 coilB=5.333776822947702E-12 regulatorInputAmps=0.0015964867698589394
PASS: Q30 whole-board electrical pilot seed=0 assertions=11
