node 11 unconnected
converged after 25 iterations, timeStep = 5.0E-6
converged after 6 iterations, timeStep = 5.0E-6
converged after 16 iterations, timeStep = 5.0E-6
Q30_WHOLE_BOARD before-warm-4v rail=4.991964385193614 outA=11.980033277870218 outB=11.980033277870218 coilA=0.039409301373652936 coilB=0.039409301373652894 regulatorInputAmps=0.08136725784660194
node 11 unconnected
converged after 18 iterations, timeStep = 5.0E-6
timestep down to 2.5E-6 at 0.031860000000003996
converged after 2 iterations, timeStep = 2.5E-6
timestep down to 1.25E-6 at 0.031862500000004
converged after 1 iterations, timeStep = 1.25E-6
timestep down to 6.25E-7 at 0.031863750000004
converged after 1 iterations, timeStep = 6.25E-7
converged after 2 iterations, timeStep = 6.25E-7
timestep down to 3.125E-7 at 0.031865000000003994
converged after 1 iterations, timeStep = 3.125E-7
converged after 2 iterations, timeStep = 3.125E-7
timestep down to 1.5625E-7 at 0.031865625000004
converged after 1 iterations, timeStep = 1.5625E-7
converged after 2 iterations, timeStep = 1.5625E-7
timestep down to 7.8125E-8 at 0.031865937500004
converged after 1 iterations, timeStep = 7.8125E-8
timestep down to 3.90625E-8 at 0.031866015625004
converged after 1 iterations, timeStep = 3.90625E-8
timestep down to 1.953125E-8 at 0.031866054687503996
converged after 1 iterations, timeStep = 1.953125E-8
converged after 2 iterations, timeStep = 1.953125E-8
timestep down to 9.765625E-9 at 0.031866093750003995
converged after 1 iterations, timeStep = 9.765625E-9
timestep down to 4.8828125E-9 at 0.031866103515629
converged after 1 iterations, timeStep = 4.8828125E-9
converged after 2 iterations, timeStep = 4.8828125E-9
timestep down to 2.44140625E-9 at 0.031866113281254
converged after 1 iterations, timeStep = 2.44140625E-9
timestep down to 1.220703125E-9 at 0.03186611572266025
converged after 1 iterations, timeStep = 1.220703125E-9
timestep down to 6.103515625E-10 at 0.03186611694336337
converged after 1 iterations, timeStep = 6.103515625E-10
timestep down to 3.0517578125E-10 at 0.031866117553714934
converged after 1 iterations, timeStep = 3.0517578125E-10
converged after 2 iterations, timeStep = 3.0517578125E-10
timestep down to 1.52587890625E-10 at 0.031866118164066495
converged after 1 iterations, timeStep = 1.52587890625E-10
converged after 2 iterations, timeStep = 1.52587890625E-10
timestep down to 7.62939453125E-11 at 0.03186611846924228
converged after 1 iterations, timeStep = 7.62939453125E-11
converged after 231 iterations, timeStep = 7.62939453125E-11
converged after 231 iterations, timeStep = 7.62939453125E-11
converged after 231 iterations, timeStep = 7.62939453125E-11
converged after 231 iterations, timeStep = 7.62939453125E-11
converged after 231 iterations, timeStep = 7.62939453125E-11
converged after 231 iterations, timeStep = 7.62939453125E-11
converged after 231 iterations, timeStep = 7.62939453125E-11
converged after 231 iterations, timeStep = 7.62939453125E-11
converged after 231 iterations, timeStep = 7.62939453125E-11
converged after 231 iterations, timeStep = 7.62939453125E-11
converged after 231 iterations, timeStep = 7.62939453125E-11
converged after 231 iterations, timeStep = 7.62939453125E-11
converged after 231 iterations, timeStep = 7.62939453125E-11
converged after 231 iterations, timeStep = 7.62939453125E-11
converged after 231 iterations, timeStep = 7.62939453125E-11
converged after 231 iterations, timeStep = 7.62939453125E-11
converged after 231 iterations, timeStep = 7.62939453125E-11
converged after 231 iterations, timeStep = 7.62939453125E-11
converged after 231 iterations, timeStep = 7.62939453125E-11
converged after 231 iterations, timeStep = 7.62939453125E-11
converged after 231 iterations, timeStep = 7.62939453125E-11
converged after 231 iterations, timeStep = 7.62939453125E-11
converged after 9 iterations, timeStep = 7.62939453125E-11
converged after 231 iterations, timeStep = 7.62939453125E-11
converged after 231 iterations, timeStep = 7.62939453125E-11
converged after 231 iterations, timeStep = 7.62939453125E-11
converged after 231 iterations, timeStep = 7.62939453125E-11
converged after 231 iterations, timeStep = 7.62939453125E-11
converged after 231 iterations, timeStep = 7.62939453125E-11
converged after 231 iterations, timeStep = 7.62939453125E-11
converged after 231 iterations, timeStep = 7.62939453125E-11
converged after 231 iterations, timeStep = 7.62939453125E-11
converged after 231 iterations, timeStep = 7.62939453125E-11
converged after 231 iterations, timeStep = 7.62939453125E-11
converged after 231 iterations, timeStep = 7.62939453125E-11
converged after 231 iterations, timeStep = 7.62939453125E-11
converged after 231 iterations, timeStep = 7.62939453125E-11
converged after 231 iterations, timeStep = 7.62939453125E-11
converged after 231 iterations, timeStep = 7.62939453125E-11
converged after 231 iterations, timeStep = 7.62939453125E-11
converged after 231 iterations, timeStep = 7.62939453125E-11
converged after 231 iterations, timeStep = 7.62939453125E-11
converged after 231 iterations, timeStep = 7.62939453125E-11
converged after 231 iterations, timeStep = 7.62939453125E-11
converged after 231 iterations, timeStep = 7.62939453125E-11
converged after 9 iterations, timeStep = 7.62939453125E-11
converged after 231 iterations, timeStep = 7.62939453125E-11
converged after 231 iterations, timeStep = 7.62939453125E-11
converged after 231 iterations, timeStep = 7.62939453125E-11
converged after 231 iterations, timeStep = 7.62939453125E-11
converged after 231 iterations, timeStep = 7.62939453125E-11
converged after 231 iterations, timeStep = 7.62939453125E-11
converged after 231 iterations, timeStep = 7.62939453125E-11
converged after 231 iterations, timeStep = 7.62939453125E-11
converged after 231 iterations, timeStep = 7.62939453125E-11
converged after 231 iterations, timeStep = 7.62939453125E-11
converged after 231 iterations, timeStep = 7.62939453125E-11
converged after 231 iterations, timeStep = 7.62939453125E-11
converged after 231 iterations, timeStep = 7.62939453125E-11
converged after 231 iterations, timeStep = 7.62939453125E-11
converged after 231 iterations, timeStep = 7.62939453125E-11
converged after 231 iterations, timeStep = 7.62939453125E-11
converged after 231 iterations, timeStep = 7.62939453125E-11
converged after 231 iterations, timeStep = 7.62939453125E-11
converged after 231 iterations, timeStep = 7.62939453125E-11
converged after 231 iterations, timeStep = 7.62939453125E-11
converged after 231 iterations, timeStep = 7.62939453125E-11
converged after 9 iterations, timeStep = 7.62939453125E-11
converged after 172 iterations, timeStep = 7.62939453125E-11
converged after 231 iterations, timeStep = 7.62939453125E-11
converged after 231 iterations, timeStep = 7.62939453125E-11
converged after 231 iterations, timeStep = 7.62939453125E-11
converged after 231 iterations, timeStep = 7.62939453125E-11
converged after 231 iterations, timeStep = 7.62939453125E-11
converged after 231 iterations, timeStep = 7.62939453125E-11
converged after 231 iterations, timeStep = 7.62939453125E-11
converged after 231 iterations, timeStep = 7.62939453125E-11
converged after 231 iterations, timeStep = 7.62939453125E-11
converged after 231 iterations, timeStep = 7.62939453125E-11
converged after 231 iterations, timeStep = 7.62939453125E-11
converged after 231 iterations, timeStep = 7.62939453125E-11
converged after 231 iterations, timeStep = 7.62939453125E-11
converged after 231 iterations, timeStep = 7.62939453125E-11
converged after 231 iterations, timeStep = 7.62939453125E-11
converged after 231 iterations, timeStep = 7.62939453125E-11
converged after 231 iterations, timeStep = 7.62939453125E-11
converged after 231 iterations, timeStep = 7.62939453125E-11
converged after 231 iterations, timeStep = 7.62939453125E-11
converged after 231 iterations, timeStep = 7.62939453125E-11
converged after 231 iterations, timeStep = 7.62939453125E-11
converged after 9 iterations, timeStep = 7.62939453125E-11
converged after 231 iterations, timeStep = 7.62939453125E-11
converged after 231 iterations, timeStep = 7.62939453125E-11
converged after 231 iterations, timeStep = 7.62939453125E-11
converged after 231 iterations, timeStep = 7.62939453125E-11
converged after 231 iterations, timeStep = 7.62939453125E-11
converged after 231 iterations, timeStep = 7.62939453125E-11
converged after 231 iterations, timeStep = 7.62939453125E-11
converged after 231 iterations, timeStep = 7.62939453125E-11
converged after 231 iterations, timeStep = 7.62939453125E-11
converged after 231 iterations, timeStep = 7.62939453125E-11
converged after 231 iterations, timeStep = 7.62939453125E-11
converged after 231 iterations, timeStep = 7.62939453125E-11
converged after 231 iterations, timeStep = 7.62939453125E-11
converged after 231 iterations, timeStep = 7.62939453125E-11
converged after 231 iterations, timeStep = 7.62939453125E-11
converged after 231 iterations, timeStep = 7.62939453125E-11
converged after 231 iterations, timeStep = 7.62939453125E-11
converged after 231 iterations, timeStep = 7.62939453125E-11
converged after 231 iterations, timeStep = 7.62939453125E-11
converged after 231 iterations, timeStep = 7.62939453125E-11
converged after 9 iterations, timeStep = 7.62939453125E-11
converged after 172 iterations, timeStep = 7.62939453125E-11
converged after 231 iterations, timeStep = 7.62939453125E-11
converged after 231 iterations, timeStep = 7.62939453125E-11
converged after 231 iterations, timeStep = 7.62939453125E-11
converged after 231 iterations, timeStep = 7.62939453125E-11
converged after 231 iterations, timeStep = 7.62939453125E-11
converged after 231 iterations, timeStep = 7.62939453125E-11
converged after 231 iterations, timeStep = 7.62939453125E-11
converged after 231 iterations, timeStep = 7.62939453125E-11
converged after 231 iterations, timeStep = 7.62939453125E-11
converged after 231 iterations, timeStep = 7.62939453125E-11
converged after 231 iterations, timeStep = 7.62939453125E-11
converged after 231 iterations, timeStep = 7.62939453125E-11
converged after 231 iterations, timeStep = 7.62939453125E-11
converged after 231 iterations, timeStep = 7.62939453125E-11
converged after 231 iterations, timeStep = 7.62939453125E-11
converged after 231 iterations, timeStep = 7.62939453125E-11
converged after 231 iterations, timeStep = 7.62939453125E-11
converged after 231 iterations, timeStep = 7.62939453125E-11
converged after 231 iterations, timeStep = 7.62939453125E-11
converged after 231 iterations, timeStep = 7.62939453125E-11
converged after 9 iterations, timeStep = 7.62939453125E-11
converged after 231 iterations, timeStep = 7.62939453125E-11
converged after 231 iterations, timeStep = 7.62939453125E-11
converged after 231 iterations, timeStep = 7.62939453125E-11
converged after 231 iterations, timeStep = 7.62939453125E-11
converged after 231 iterations, timeStep = 7.62939453125E-11
converged after 231 iterations, timeStep = 7.62939453125E-11
converged after 231 iterations, timeStep = 7.62939453125E-11
converged after 231 iterations, timeStep = 7.62939453125E-11
converged after 231 iterations, timeStep = 7.62939453125E-11
converged after 231 iterations, timeStep = 7.62939453125E-11
converged after 231 iterations, timeStep = 7.62939453125E-11
converged after 231 iterations, timeStep = 7.62939453125E-11
converged after 231 iterations, timeStep = 7.62939453125E-11
converged after 231 iterations, timeStep = 7.62939453125E-11
converged after 231 iterations, timeStep = 7.62939453125E-11
converged after 231 iterations, timeStep = 7.62939453125E-11
converged after 231 iterations, timeStep = 7.62939453125E-11
converged after 231 iterations, timeStep = 7.62939453125E-11
converged after 231 iterations, timeStep = 7.62939453125E-11
converged after 231 iterations, timeStep = 7.62939453125E-11
converged after 9 iterations, timeStep = 7.62939453125E-11
converged after 174 iterations, timeStep = 7.62939453125E-11
converged after 231 iterations, timeStep = 7.62939453125E-11
converged after 231 iterations, timeStep = 7.62939453125E-11
converged after 231 iterations, timeStep = 7.62939453125E-11
converged after 231 iterations, timeStep = 7.62939453125E-11
converged after 231 iterations, timeStep = 7.62939453125E-11
converged after 231 iterations, timeStep = 7.62939453125E-11
converged after 231 iterations, timeStep = 7.62939453125E-11
converged after 231 iterations, timeStep = 7.62939453125E-11
converged after 231 iterations, timeStep = 7.62939453125E-11
converged after 231 iterations, timeStep = 7.62939453125E-11
converged after 231 iterations, timeStep = 7.62939453125E-11
converged after 231 iterations, timeStep = 7.62939453125E-11
converged after 231 iterations, timeStep = 7.62939453125E-11
converged after 231 iterations, timeStep = 7.62939453125E-11
converged after 231 iterations, timeStep = 7.62939453125E-11
converged after 231 iterations, timeStep = 7.62939453125E-11
converged after 231 iterations, timeStep = 7.62939453125E-11
converged after 231 iterations, timeStep = 7.62939453125E-11
converged after 231 iterations, timeStep = 7.62939453125E-11
converged after 9 iterations, timeStep = 7.62939453125E-11
converged after 180 iterations, timeStep = 7.62939453125E-11
converged after 231 iterations, timeStep = 7.62939453125E-11
converged after 231 iterations, timeStep = 7.62939453125E-11
converged after 231 iterations, timeStep = 7.62939453125E-11
converged after 231 iterations, timeStep = 7.62939453125E-11
converged after 231 iterations, timeStep = 7.62939453125E-11
converged after 231 iterations, timeStep = 7.62939453125E-11
converged after 231 iterations, timeStep = 7.62939453125E-11
converged after 231 iterations, timeStep = 7.62939453125E-11
converged after 231 iterations, timeStep = 7.62939453125E-11
converged after 231 iterations, timeStep = 7.62939453125E-11
converged after 231 iterations, timeStep = 7.62939453125E-11
converged after 231 iterations, timeStep = 7.62939453125E-11
converged after 231 iterations, timeStep = 7.62939453125E-11
converged after 231 iterations, timeStep = 7.62939453125E-11
converged after 231 iterations, timeStep = 7.62939453125E-11
converged after 231 iterations, timeStep = 7.62939453125E-11
converged after 231 iterations, timeStep = 7.62939453125E-11
converged after 231 iterations, timeStep = 7.62939453125E-11
converged after 231 iterations, timeStep = 7.62939453125E-11
converged after 9 iterations, timeStep = 7.62939453125E-11
converged after 231 iterations, timeStep = 7.62939453125E-11
converged after 231 iterations, timeStep = 7.62939453125E-11
converged after 231 iterations, timeStep = 7.62939453125E-11
converged after 231 iterations, timeStep = 7.62939453125E-11
converged after 231 iterations, timeStep = 7.62939453125E-11
converged after 231 iterations, timeStep = 7.62939453125E-11
converged after 231 iterations, timeStep = 7.62939453125E-11
converged after 231 iterations, timeStep = 7.62939453125E-11
converged after 231 iterations, timeStep = 7.62939453125E-11
converged after 231 iterations, timeStep = 7.62939453125E-11
converged after 231 iterations, timeStep = 7.62939453125E-11
converged after 231 iterations, timeStep = 7.62939453125E-11
converged after 231 iterations, timeStep = 7.62939453125E-11
converged after 231 iterations, timeStep = 7.62939453125E-11
converged after 231 iterations, timeStep = 7.62939453125E-11
converged after 231 iterations, timeStep = 7.62939453125E-11
converged after 231 iterations, timeStep = 7.62939453125E-11
converged after 231 iterations, timeStep = 7.62939453125E-11
converged after 231 iterations, timeStep = 7.62939453125E-11
converged after 9 iterations, timeStep = 7.62939453125E-11
converged after 187 iterations, timeStep = 7.62939453125E-11
converged after 231 iterations, timeStep = 7.62939453125E-11
converged after 231 iterations, timeStep = 7.62939453125E-11
converged after 231 iterations, timeStep = 7.62939453125E-11
converged after 231 iterations, timeStep = 7.62939453125E-11
converged after 231 iterations, timeStep = 7.62939453125E-11
converged after 231 iterations, timeStep = 7.62939453125E-11
converged after 231 iterations, timeStep = 7.62939453125E-11
converged after 231 iterations, timeStep = 7.62939453125E-11
converged after 231 iterations, timeStep = 7.62939453125E-11
converged after 231 iterations, timeStep = 7.62939453125E-11
converged after 231 iterations, timeStep = 7.62939453125E-11
converged after 231 iterations, timeStep = 7.62939453125E-11
converged after 231 iterations, timeStep = 7.62939453125E-11
converged after 231 iterations, timeStep = 7.62939453125E-11
converged after 231 iterations, timeStep = 7.62939453125E-11
converged after 231 iterations, timeStep = 7.62939453125E-11
converged after 231 iterations, timeStep = 7.62939453125E-11
converged after 231 iterations, timeStep = 7.62939453125E-11
converged after 9 iterations, timeStep = 7.62939453125E-11
converged after 176 iterations, timeStep = 7.62939453125E-11
converged after 231 iterations, timeStep = 7.62939453125E-11
converged after 231 iterations, timeStep = 7.62939453125E-11
converged after 231 iterations, timeStep = 7.62939453125E-11
converged after 231 iterations, timeStep = 7.62939453125E-11
converged after 231 iterations, timeStep = 7.62939453125E-11
converged after 231 iterations, timeStep = 7.62939453125E-11
converged after 231 iterations, timeStep = 7.62939453125E-11
converged after 231 iterations, timeStep = 7.62939453125E-11
converged after 231 iterations, timeStep = 7.62939453125E-11
converged after 231 iterations, timeStep = 7.62939453125E-11
converged after 231 iterations, timeStep = 7.62939453125E-11
converged after 231 iterations, timeStep = 7.62939453125E-11
converged after 231 iterations, timeStep = 7.62939453125E-11
converged after 231 iterations, timeStep = 7.62939453125E-11
converged after 231 iterations, timeStep = 7.62939453125E-11
converged after 231 iterations, timeStep = 7.62939453125E-11
converged after 231 iterations, timeStep = 7.62939453125E-11
converged after 231 iterations, timeStep = 7.62939453125E-11
converged after 9 iterations, timeStep = 7.62939453125E-11
converged after 231 iterations, timeStep = 7.62939453125E-11
converged after 231 iterations, timeStep = 7.62939453125E-11
converged after 231 iterations, timeStep = 7.62939453125E-11
converged after 231 iterations, timeStep = 7.62939453125E-11
converged after 231 iterations, timeStep = 7.62939453125E-11
converged after 231 iterations, timeStep = 7.62939453125E-11
converged after 231 iterations, timeStep = 7.62939453125E-11
converged after 231 iterations, timeStep = 7.62939453125E-11
converged after 231 iterations, timeStep = 7.62939453125E-11
converged after 231 iterations, timeStep = 7.62939453125E-11
converged after 231 iterations, timeStep = 7.62939453125E-11
converged after 231 iterations, timeStep = 7.62939453125E-11
converged after 231 iterations, timeStep = 7.62939453125E-11
converged after 231 iterations, timeStep = 7.62939453125E-11
converged after 231 iterations, timeStep = 7.62939453125E-11
converged after 231 iterations, timeStep = 7.62939453125E-11
converged after 231 iterations, timeStep = 7.62939453125E-11
converged after 231 iterations, timeStep = 7.62939453125E-11
converged after 231 iterations, timeStep = 7.62939453125E-11
converged after 9 iterations, timeStep = 7.62939453125E-11
converged after 231 iterations, timeStep = 7.62939453125E-11
converged after 231 iterations, timeStep = 7.62939453125E-11
converged after 231 iterations, timeStep = 7.62939453125E-11
converged after 231 iterations, timeStep = 7.62939453125E-11
converged after 231 iterations, timeStep = 7.62939453125E-11
converged after 231 iterations, timeStep = 7.62939453125E-11
converged after 231 iterations, timeStep = 7.62939453125E-11
converged after 231 iterations, timeStep = 7.62939453125E-11
converged after 231 iterations, timeStep = 7.62939453125E-11
converged after 231 iterations, timeStep = 7.62939453125E-11
converged after 231 iterations, timeStep = 7.62939453125E-11
converged after 231 iterations, timeStep = 7.62939453125E-11
converged after 231 iterations, timeStep = 7.62939453125E-11
converged after 231 iterations, timeStep = 7.62939453125E-11
converged after 231 iterations, timeStep = 7.62939453125E-11
converged after 231 iterations, timeStep = 7.62939453125E-11
converged after 231 iterations, timeStep = 7.62939453125E-11
converged after 231 iterations, timeStep = 7.62939453125E-11
converged after 9 iterations, timeStep = 7.62939453125E-11
converged after 231 iterations, timeStep = 7.62939453125E-11
converged after 231 iterations, timeStep = 7.62939453125E-11
converged after 231 iterations, timeStep = 7.62939453125E-11
converged after 231 iterations, timeStep = 7.62939453125E-11
converged after 231 iterations, timeStep = 7.62939453125E-11
converged after 231 iterations, timeStep = 7.62939453125E-11
converged after 231 iterations, timeStep = 7.62939453125E-11
converged after 231 iterations, timeStep = 7.62939453125E-11
converged after 231 iterations, timeStep = 7.62939453125E-11
converged after 231 iterations, timeStep = 7.62939453125E-11
converged after 231 iterations, timeStep = 7.62939453125E-11
converged after 231 iterations, timeStep = 7.62939453125E-11
converged after 231 iterations, timeStep = 7.62939453125E-11
converged after 231 iterations, timeStep = 7.62939453125E-11
converged after 231 iterations, timeStep = 7.62939453125E-11
converged after 231 iterations, timeStep = 7.62939453125E-11
converged after 231 iterations, timeStep = 7.62939453125E-11
converged after 231 iterations, timeStep = 7.62939453125E-11
converged after 9 iterations, timeStep = 7.62939453125E-11
converged after 231 iterations, timeStep = 7.62939453125E-11
converged after 231 iterations, timeStep = 7.62939453125E-11
converged after 231 iterations, timeStep = 7.62939453125E-11
converged after 231 iterations, timeStep = 7.62939453125E-11
converged after 231 iterations, timeStep = 7.62939453125E-11
converged after 231 iterations, timeStep = 7.62939453125E-11
converged after 231 iterations, timeStep = 7.62939453125E-11
converged after 231 iterations, timeStep = 7.62939453125E-11
converged after 231 iterations, timeStep = 7.62939453125E-11
converged after 231 iterations, timeStep = 7.62939453125E-11
converged after 231 iterations, timeStep = 7.62939453125E-11
converged after 231 iterations, timeStep = 7.62939453125E-11
converged after 231 iterations, timeStep = 7.62939453125E-11
converged after 231 iterations, timeStep = 7.62939453125E-11
converged after 231 iterations, timeStep = 7.62939453125E-11
converged after 231 iterations, timeStep = 7.62939453125E-11
converged after 231 iterations, timeStep = 7.62939453125E-11
converged after 231 iterations, timeStep = 7.62939453125E-11
converged after 9 iterations, timeStep = 7.62939453125E-11
converged after 231 iterations, timeStep = 7.62939453125E-11
converged after 231 iterations, timeStep = 7.62939453125E-11
converged after 231 iterations, timeStep = 7.62939453125E-11
converged after 231 iterations, timeStep = 7.62939453125E-11
converged after 231 iterations, timeStep = 7.62939453125E-11
converged after 231 iterations, timeStep = 7.62939453125E-11
converged after 231 iterations, timeStep = 7.62939453125E-11
converged after 231 iterations, timeStep = 7.62939453125E-11
converged after 231 iterations, timeStep = 7.62939453125E-11
converged after 231 iterations, timeStep = 7.62939453125E-11
converged after 231 iterations, timeStep = 7.62939453125E-11
converged after 231 iterations, timeStep = 7.62939453125E-11
converged after 231 iterations, timeStep = 7.62939453125E-11
converged after 231 iterations, timeStep = 7.62939453125E-11
converged after 231 iterations, timeStep = 7.62939453125E-11
converged after 231 iterations, timeStep = 7.62939453125E-11
converged after 231 iterations, timeStep = 7.62939453125E-11
converged after 231 iterations, timeStep = 7.62939453125E-11
converged after 9 iterations, timeStep = 7.62939453125E-11
converged after 231 iterations, timeStep = 7.62939453125E-11
converged after 231 iterations, timeStep = 7.62939453125E-11
converged after 231 iterations, timeStep = 7.62939453125E-11
converged after 231 iterations, timeStep = 7.62939453125E-11
converged after 231 iterations, timeStep = 7.62939453125E-11
converged after 231 iterations, timeStep = 7.62939453125E-11
converged after 231 iterations, timeStep = 7.62939453125E-11
converged after 231 iterations, timeStep = 7.62939453125E-11
converged after 231 iterations, timeStep = 7.62939453125E-11
converged after 231 iterations, timeStep = 7.62939453125E-11
converged after 231 iterations, timeStep = 7.62939453125E-11
converged after 231 iterations, timeStep = 7.62939453125E-11
converged after 231 iterations, timeStep = 7.62939453125E-11
converged after 231 iterations, timeStep = 7.62939453125E-11
converged after 231 iterations, timeStep = 7.62939453125E-11
converged after 231 iterations, timeStep = 7.62939453125E-11
converged after 231 iterations, timeStep = 7.62939453125E-11
converged after 9 iterations, timeStep = 7.62939453125E-11
converged after 231 iterations, timeStep = 7.62939453125E-11
converged after 231 iterations, timeStep = 7.62939453125E-11
converged after 231 iterations, timeStep = 7.62939453125E-11
converged after 231 iterations, timeStep = 7.62939453125E-11
converged after 231 iterations, timeStep = 7.62939453125E-11
converged after 231 iterations, timeStep = 7.62939453125E-11
converged after 231 iterations, timeStep = 7.62939453125E-11
converged after 231 iterations, timeStep = 7.62939453125E-11
converged after 231 iterations, timeStep = 7.62939453125E-11
converged after 231 iterations, timeStep = 7.62939453125E-11
converged after 231 iterations, timeStep = 7.62939453125E-11
converged after 231 iterations, timeStep = 7.62939453125E-11
converged after 231 iterations, timeStep = 7.62939453125E-11
converged after 231 iterations, timeStep = 7.62939453125E-11
converged after 231 iterations, timeStep = 7.62939453125E-11
converged after 231 iterations, timeStep = 7.62939453125E-11
converged after 231 iterations, timeStep = 7.62939453125E-11
converged after 231 iterations, timeStep = 7.62939453125E-11
converged after 9 iterations, timeStep = 7.62939453125E-11
converged after 231 iterations, timeStep = 7.62939453125E-11
converged after 231 iterations, timeStep = 7.62939453125E-11
converged after 231 iterations, timeStep = 7.62939453125E-11
converged after 231 iterations, timeStep = 7.62939453125E-11
converged after 231 iterations, timeStep = 7.62939453125E-11
converged after 231 iterations, timeStep = 7.62939453125E-11
converged after 231 iterations, timeStep = 7.62939453125E-11
converged after 231 iterations, timeStep = 7.62939453125E-11
converged after 231 iterations, timeStep = 7.62939453125E-11
converged after 231 iterations, timeStep = 7.62939453125E-11
converged after 231 iterations, timeStep = 7.62939453125E-11
converged after 231 iterations, timeStep = 7.62939453125E-11
converged after 231 iterations, timeStep = 7.62939453125E-11
converged after 231 iterations, timeStep = 7.62939453125E-11
converged after 231 iterations, timeStep = 7.62939453125E-11
converged after 231 iterations, timeStep = 7.62939453125E-11
converged after 231 iterations, timeStep = 7.62939453125E-11
converged after 9 iterations, timeStep = 7.62939453125E-11
converged after 231 iterations, timeStep = 7.62939453125E-11
converged after 231 iterations, timeStep = 7.62939453125E-11
converged after 231 iterations, timeStep = 7.62939453125E-11
converged after 231 iterations, timeStep = 7.62939453125E-11
converged after 231 iterations, timeStep = 7.62939453125E-11
converged after 231 iterations, timeStep = 7.62939453125E-11
converged after 231 iterations, timeStep = 7.62939453125E-11
converged after 231 iterations, timeStep = 7.62939453125E-11
converged after 231 iterations, timeStep = 7.62939453125E-11
converged after 231 iterations, timeStep = 7.62939453125E-11
converged after 231 iterations, timeStep = 7.62939453125E-11
converged after 231 iterations, timeStep = 7.62939453125E-11
converged after 231 iterations, timeStep = 7.62939453125E-11
converged after 231 iterations, timeStep = 7.62939453125E-11
converged after 231 iterations, timeStep = 7.62939453125E-11
converged after 231 iterations, timeStep = 7.62939453125E-11
converged after 231 iterations, timeStep = 7.62939453125E-11
converged after 9 iterations, timeStep = 7.62939453125E-11
converged after 231 iterations, timeStep = 7.62939453125E-11
converged after 231 iterations, timeStep = 7.62939453125E-11
converged after 231 iterations, timeStep = 7.62939453125E-11
converged after 231 iterations, timeStep = 7.62939453125E-11
converged after 231 iterations, timeStep = 7.62939453125E-11
converged after 231 iterations, timeStep = 7.62939453125E-11
converged after 231 iterations, timeStep = 7.62939453125E-11
converged after 231 iterations, timeStep = 7.62939453125E-11
converged after 231 iterations, timeStep = 7.62939453125E-11
converged after 231 iterations, timeStep = 7.62939453125E-11
converged after 231 iterations, timeStep = 7.62939453125E-11
converged after 231 iterations, timeStep = 7.62939453125E-11
converged after 231 iterations, timeStep = 7.62939453125E-11
converged after 231 iterations, timeStep = 7.62939453125E-11
converged after 231 iterations, timeStep = 7.62939453125E-11
converged after 231 iterations, timeStep = 7.62939453125E-11
converged after 9 iterations, timeStep = 7.62939453125E-11
converged after 231 iterations, timeStep = 7.62939453125E-11
converged after 231 iterations, timeStep = 7.62939453125E-11
converged after 231 iterations, timeStep = 7.62939453125E-11
converged after 231 iterations, timeStep = 7.62939453125E-11
converged after 231 iterations, timeStep = 7.62939453125E-11
converged after 231 iterations, timeStep = 7.62939453125E-11
converged after 231 iterations, timeStep = 7.62939453125E-11
converged after 231 iterations, timeStep = 7.62939453125E-11
converged after 231 iterations, timeStep = 7.62939453125E-11
converged after 231 iterations, timeStep = 7.62939453125E-11
converged after 231 iterations, timeStep = 7.62939453125E-11
converged after 231 iterations, timeStep = 7.62939453125E-11
converged after 231 iterations, timeStep = 7.62939453125E-11
converged after 231 iterations, timeStep = 7.62939453125E-11
converged after 231 iterations, timeStep = 7.62939453125E-11
converged after 231 iterations, timeStep = 7.62939453125E-11
converged after 231 iterations, timeStep = 7.62939453125E-11
converged after 9 iterations, timeStep = 7.62939453125E-11
converged after 231 iterations, timeStep = 7.62939453125E-11
converged after 231 iterations, timeStep = 7.62939453125E-11
converged after 231 iterations, timeStep = 7.62939453125E-11
converged after 231 iterations, timeStep = 7.62939453125E-11
converged after 231 iterations, timeStep = 7.62939453125E-11
converged after 231 iterations, timeStep = 7.62939453125E-11
converged after 231 iterations, timeStep = 7.62939453125E-11
converged after 231 iterations, timeStep = 7.62939453125E-11
converged after 231 iterations, timeStep = 7.62939453125E-11
converged after 231 iterations, timeStep = 7.62939453125E-11
converged after 231 iterations, timeStep = 7.62939453125E-11
converged after 231 iterations, timeStep = 7.62939453125E-11
converged after 231 iterations, timeStep = 7.62939453125E-11
converged after 231 iterations, timeStep = 7.62939453125E-11
converged after 231 iterations, timeStep = 7.62939453125E-11
converged after 231 iterations, timeStep = 7.62939453125E-11
converged after 9 iterations, timeStep = 7.62939453125E-11
converged after 231 iterations, timeStep = 7.62939453125E-11
converged after 231 iterations, timeStep = 7.62939453125E-11
converged after 231 iterations, timeStep = 7.62939453125E-11
converged after 231 iterations, timeStep = 7.62939453125E-11
converged after 231 iterations, timeStep = 7.62939453125E-11
converged after 231 iterations, timeStep = 7.62939453125E-11
converged after 231 iterations, timeStep = 7.62939453125E-11
converged after 231 iterations, timeStep = 7.62939453125E-11
converged after 231 iterations, timeStep = 7.62939453125E-11
converged after 231 iterations, timeStep = 7.62939453125E-11
converged after 231 iterations, timeStep = 7.62939453125E-11
converged after 231 iterations, timeStep = 7.62939453125E-11
converged after 231 iterations, timeStep = 7.62939453125E-11
converged after 231 iterations, timeStep = 7.62939453125E-11
converged after 231 iterations, timeStep = 7.62939453125E-11
converged after 231 iterations, timeStep = 7.62939453125E-11
converged after 9 iterations, timeStep = 7.62939453125E-11
converged after 231 iterations, timeStep = 7.62939453125E-11
converged after 231 iterations, timeStep = 7.62939453125E-11
converged after 231 iterations, timeStep = 7.62939453125E-11
converged after 231 iterations, timeStep = 7.62939453125E-11
converged after 231 iterations, timeStep = 7.62939453125E-11
converged after 231 iterations, timeStep = 7.62939453125E-11
converged after 231 iterations, timeStep = 7.62939453125E-11
converged after 231 iterations, timeStep = 7.62939453125E-11
converged after 231 iterations, timeStep = 7.62939453125E-11
converged after 231 iterations, timeStep = 7.62939453125E-11
converged after 231 iterations, timeStep = 7.62939453125E-11
converged after 231 iterations, timeStep = 7.62939453125E-11
converged after 231 iterations, timeStep = 7.62939453125E-11
converged after 231 iterations, timeStep = 7.62939453125E-11
converged after 231 iterations, timeStep = 7.62939453125E-11
converged after 231 iterations, timeStep = 7.62939453125E-11
converged after 9 iterations, timeStep = 7.62939453125E-11
converged after 184 iterations, timeStep = 7.62939453125E-11
converged after 231 iterations, timeStep = 7.62939453125E-11
converged after 231 iterations, timeStep = 7.62939453125E-11
converged after 231 iterations, timeStep = 7.62939453125E-11
converged after 231 iterations, timeStep = 7.62939453125E-11
converged after 231 iterations, timeStep = 7.62939453125E-11
converged after 231 iterations, timeStep = 7.62939453125E-11
converged after 231 iterations, timeStep = 7.62939453125E-11
converged after 231 iterations, timeStep = 7.62939453125E-11
converged after 231 iterations, timeStep = 7.62939453125E-11
converged after 231 iterations, timeStep = 7.62939453125E-11
converged after 231 iterations, timeStep = 7.62939453125E-11
converged after 231 iterations, timeStep = 7.62939453125E-11
converged after 231 iterations, timeStep = 7.62939453125E-11
converged after 231 iterations, timeStep = 7.62939453125E-11
converged after 231 iterations, timeStep = 7.62939453125E-11
converged after 9 iterations, timeStep = 7.62939453125E-11
converged after 231 iterations, timeStep = 7.62939453125E-11
converged after 231 iterations, timeStep = 7.62939453125E-11
converged after 231 iterations, timeStep = 7.62939453125E-11
converged after 231 iterations, timeStep = 7.62939453125E-11
converged after 231 iterations, timeStep = 7.62939453125E-11
converged after 231 iterations, timeStep = 7.62939453125E-11
converged after 231 iterations, timeStep = 7.62939453125E-11
converged after 231 iterations, timeStep = 7.62939453125E-11
converged after 231 iterations, timeStep = 7.62939453125E-11
converged after 231 iterations, timeStep = 7.62939453125E-11
converged after 231 iterations, timeStep = 7.62939453125E-11
converged after 231 iterations, timeStep = 7.62939453125E-11
converged after 231 iterations, timeStep = 7.62939453125E-11
converged after 231 iterations, timeStep = 7.62939453125E-11
converged after 231 iterations, timeStep = 7.62939453125E-11
converged after 231 iterations, timeStep = 7.62939453125E-11
converged after 9 iterations, timeStep = 7.62939453125E-11
converged after 231 iterations, timeStep = 7.62939453125E-11
converged after 231 iterations, timeStep = 7.62939453125E-11
converged after 231 iterations, timeStep = 7.62939453125E-11
converged after 231 iterations, timeStep = 7.62939453125E-11
converged after 231 iterations, timeStep = 7.62939453125E-11
converged after 231 iterations, timeStep = 7.62939453125E-11
converged after 231 iterations, timeStep = 7.62939453125E-11
converged after 231 iterations, timeStep = 7.62939453125E-11
converged after 231 iterations, timeStep = 7.62939453125E-11
converged after 231 iterations, timeStep = 7.62939453125E-11
converged after 231 iterations, timeStep = 7.62939453125E-11
converged after 231 iterations, timeStep = 7.62939453125E-11
converged after 231 iterations, timeStep = 7.62939453125E-11
converged after 231 iterations, timeStep = 7.62939453125E-11
converged after 231 iterations, timeStep = 7.62939453125E-11
converged after 231 iterations, timeStep = 7.62939453125E-11
converged after 9 iterations, timeStep = 7.62939453125E-11
converged after 231 iterations, timeStep = 7.62939453125E-11
converged after 231 iterations, timeStep = 7.62939453125E-11
converged after 231 iterations, timeStep = 7.62939453125E-11
converged after 231 iterations, timeStep = 7.62939453125E-11
converged after 231 iterations, timeStep = 7.62939453125E-11
converged after 231 iterations, timeStep = 7.62939453125E-11
converged after 231 iterations, timeStep = 7.62939453125E-11
converged after 231 iterations, timeStep = 7.62939453125E-11
converged after 231 iterations, timeStep = 7.62939453125E-11
converged after 231 iterations, timeStep = 7.62939453125E-11
converged after 231 iterations, timeStep = 7.62939453125E-11
converged after 231 iterations, timeStep = 7.62939453125E-11
converged after 231 iterations, timeStep = 7.62939453125E-11
converged after 231 iterations, timeStep = 7.62939453125E-11
converged after 231 iterations, timeStep = 7.62939453125E-11
converged after 9 iterations, timeStep = 7.62939453125E-11
converged after 231 iterations, timeStep = 7.62939453125E-11
converged after 231 iterations, timeStep = 7.62939453125E-11
converged after 231 iterations, timeStep = 7.62939453125E-11
converged after 231 iterations, timeStep = 7.62939453125E-11
converged after 231 iterations, timeStep = 7.62939453125E-11
converged after 231 iterations, timeStep = 7.62939453125E-11
converged after 231 iterations, timeStep = 7.62939453125E-11
converged after 231 iterations, timeStep = 7.62939453125E-11
converged after 231 iterations, timeStep = 7.62939453125E-11
converged after 231 iterations, timeStep = 7.62939453125E-11
converged after 231 iterations, timeStep = 7.62939453125E-11
converged after 231 iterations, timeStep = 7.62939453125E-11
converged after 231 iterations, timeStep = 7.62939453125E-11
converged after 231 iterations, timeStep = 7.62939453125E-11
converged after 231 iterations, timeStep = 7.62939453125E-11
converged after 9 iterations, timeStep = 7.62939453125E-11
converged after 231 iterations, timeStep = 7.62939453125E-11
converged after 231 iterations, timeStep = 7.62939453125E-11
converged after 231 iterations, timeStep = 7.62939453125E-11
converged after 231 iterations, timeStep = 7.62939453125E-11
converged after 231 iterations, timeStep = 7.62939453125E-11
converged after 231 iterations, timeStep = 7.62939453125E-11
converged after 231 iterations, timeStep = 7.62939453125E-11
converged after 231 iterations, timeStep = 7.62939453125E-11
converged after 231 iterations, timeStep = 7.62939453125E-11
converged after 231 iterations, timeStep = 7.62939453125E-11
converged after 231 iterations, timeStep = 7.62939453125E-11
converged after 231 iterations, timeStep = 7.62939453125E-11
converged after 231 iterations, timeStep = 7.62939453125E-11
converged after 231 iterations, timeStep = 7.62939453125E-11
converged after 231 iterations, timeStep = 7.62939453125E-11
converged after 231 iterations, timeStep = 7.62939453125E-11
converged after 9 iterations, timeStep = 7.62939453125E-11
converged after 231 iterations, timeStep = 7.62939453125E-11
converged after 231 iterations, timeStep = 7.62939453125E-11
converged after 231 iterations, timeStep = 7.62939453125E-11
converged after 231 iterations, timeStep = 7.62939453125E-11
converged after 231 iterations, timeStep = 7.62939453125E-11
converged after 231 iterations, timeStep = 7.62939453125E-11
converged after 231 iterations, timeStep = 7.62939453125E-11
converged after 231 iterations, timeStep = 7.62939453125E-11
converged after 231 iterations, timeStep = 7.62939453125E-11
converged after 231 iterations, timeStep = 7.62939453125E-11
converged after 231 iterations, timeStep = 7.62939453125E-11
converged after 231 iterations, timeStep = 7.62939453125E-11
converged after 231 iterations, timeStep = 7.62939453125E-11
converged after 231 iterations, timeStep = 7.62939453125E-11
converged after 231 iterations, timeStep = 7.62939453125E-11
converged after 9 iterations, timeStep = 7.62939453125E-11
converged after 231 iterations, timeStep = 7.62939453125E-11
converged after 231 iterations, timeStep = 7.62939453125E-11
converged after 231 iterations, timeStep = 7.62939453125E-11
converged after 231 iterations, timeStep = 7.62939453125E-11
converged after 231 iterations, timeStep = 7.62939453125E-11
converged after 231 iterations, timeStep = 7.62939453125E-11
converged after 231 iterations, timeStep = 7.62939453125E-11
converged after 231 iterations, timeStep = 7.62939453125E-11
converged after 231 iterations, timeStep = 7.62939453125E-11
converged after 231 iterations, timeStep = 7.62939453125E-11
converged after 231 iterations, timeStep = 7.62939453125E-11
converged after 231 iterations, timeStep = 7.62939453125E-11
converged after 231 iterations, timeStep = 7.62939453125E-11
converged after 231 iterations, timeStep = 7.62939453125E-11
converged after 9 iterations, timeStep = 7.62939453125E-11
converged after 231 iterations, timeStep = 7.62939453125E-11
converged after 231 iterations, timeStep = 7.62939453125E-11
converged after 231 iterations, timeStep = 7.62939453125E-11
converged after 231 iterations, timeStep = 7.62939453125E-11
converged after 231 iterations, timeStep = 7.62939453125E-11
converged after 231 iterations, timeStep = 7.62939453125E-11
converged after 231 iterations, timeStep = 7.62939453125E-11
converged after 231 iterations, timeStep = 7.62939453125E-11
converged after 231 iterations, timeStep = 7.62939453125E-11
converged after 231 iterations, timeStep = 7.62939453125E-11
converged after 231 iterations, timeStep = 7.62939453125E-11
converged after 231 iterations, timeStep = 7.62939453125E-11
converged after 231 iterations, timeStep = 7.62939453125E-11
converged after 231 iterations, timeStep = 7.62939453125E-11
converged after 231 iterations, timeStep = 7.62939453125E-11
converged after 9 iterations, timeStep = 7.62939453125E-11
converged after 231 iterations, timeStep = 7.62939453125E-11
converged after 231 iterations, timeStep = 7.62939453125E-11
converged after 231 iterations, timeStep = 7.62939453125E-11
converged after 231 iterations, timeStep = 7.62939453125E-11
converged after 231 iterations, timeStep = 7.62939453125E-11
converged after 231 iterations, timeStep = 7.62939453125E-11
converged after 231 iterations, timeStep = 7.62939453125E-11
converged after 231 iterations, timeStep = 7.62939453125E-11
converged after 231 iterations, timeStep = 7.62939453125E-11
converged after 231 iterations, timeStep = 7.62939453125E-11
converged after 231 iterations, timeStep = 7.62939453125E-11
converged after 231 iterations, timeStep = 7.62939453125E-11
converged after 231 iterations, timeStep = 7.62939453125E-11
converged after 231 iterations, timeStep = 7.62939453125E-11
converged after 231 iterations, timeStep = 7.62939453125E-11
converged after 9 iterations, timeStep = 7.62939453125E-11
converged after 231 iterations, timeStep = 7.62939453125E-11
converged after 231 iterations, timeStep = 7.62939453125E-11
converged after 231 iterations, timeStep = 7.62939453125E-11
converged after 231 iterations, timeStep = 7.62939453125E-11
converged after 231 iterations, timeStep = 7.62939453125E-11
converged after 231 iterations, timeStep = 7.62939453125E-11
converged after 231 iterations, timeStep = 7.62939453125E-11
converged after 231 iterations, timeStep = 7.62939453125E-11
converged after 231 iterations, timeStep = 7.62939453125E-11
converged after 231 iterations, timeStep = 7.62939453125E-11
converged after 231 iterations, timeStep = 7.62939453125E-11
converged after 231 iterations, timeStep = 7.62939453125E-11
converged after 231 iterations, timeStep = 7.62939453125E-11
converged after 231 iterations, timeStep = 7.62939453125E-11
converged after 9 iterations, timeStep = 7.62939453125E-11
converged after 231 iterations, timeStep = 7.62939453125E-11
converged after 231 iterations, timeStep = 7.62939453125E-11
converged after 231 iterations, timeStep = 7.62939453125E-11
converged after 231 iterations, timeStep = 7.62939453125E-11
converged after 231 iterations, timeStep = 7.62939453125E-11
converged after 231 iterations, timeStep = 7.62939453125E-11
converged after 231 iterations, timeStep = 7.62939453125E-11
converged after 231 iterations, timeStep = 7.62939453125E-11
converged after 231 iterations, timeStep = 7.62939453125E-11
converged after 231 iterations, timeStep = 7.62939453125E-11
converged after 231 iterations, timeStep = 7.62939453125E-11
converged after 231 iterations, timeStep = 7.62939453125E-11
converged after 231 iterations, timeStep = 7.62939453125E-11
converged after 231 iterations, timeStep = 7.62939453125E-11
converged after 231 iterations, timeStep = 7.62939453125E-11
converged after 9 iterations, timeStep = 7.62939453125E-11
converged after 231 iterations, timeStep = 7.62939453125E-11
converged after 231 iterations, timeStep = 7.62939453125E-11
converged after 231 iterations, timeStep = 7.62939453125E-11
converged after 231 iterations, timeStep = 7.62939453125E-11
converged after 231 iterations, timeStep = 7.62939453125E-11
converged after 231 iterations, timeStep = 7.62939453125E-11
converged after 231 iterations, timeStep = 7.62939453125E-11
converged after 231 iterations, timeStep = 7.62939453125E-11
converged after 231 iterations, timeStep = 7.62939453125E-11
converged after 231 iterations, timeStep = 7.62939453125E-11
converged after 231 iterations, timeStep = 7.62939453125E-11
converged after 231 iterations, timeStep = 7.62939453125E-11
converged after 231 iterations, timeStep = 7.62939453125E-11
converged after 231 iterations, timeStep = 7.62939453125E-11
converged after 9 iterations, timeStep = 7.62939453125E-11
converged after 231 iterations, timeStep = 7.62939453125E-11
converged after 231 iterations, timeStep = 7.62939453125E-11
converged after 231 iterations, timeStep = 7.62939453125E-11
converged after 231 iterations, timeStep = 7.62939453125E-11
converged after 231 iterations, timeStep = 7.62939453125E-11
converged after 231 iterations, timeStep = 7.62939453125E-11
converged after 231 iterations, timeStep = 7.62939453125E-11
converged after 231 iterations, timeStep = 7.62939453125E-11
converged after 231 iterations, timeStep = 7.62939453125E-11
converged after 231 iterations, timeStep = 7.62939453125E-11
converged after 231 iterations, timeStep = 7.62939453125E-11
converged after 231 iterations, timeStep = 7.62939453125E-11
converged after 231 iterations, timeStep = 7.62939453125E-11
converged after 231 iterations, timeStep = 7.62939453125E-11
converged after 9 iterations, timeStep = 7.62939453125E-11
converged after 231 iterations, timeStep = 7.62939453125E-11
converged after 231 iterations, timeStep = 7.62939453125E-11
converged after 231 iterations, timeStep = 7.62939453125E-11
converged after 231 iterations, timeStep = 7.62939453125E-11
converged after 231 iterations, timeStep = 7.62939453125E-11
converged after 231 iterations, timeStep = 7.62939453125E-11
converged after 231 iterations, timeStep = 7.62939453125E-11
converged after 231 iterations, timeStep = 7.62939453125E-11
converged after 231 iterations, timeStep = 7.62939453125E-11
converged after 231 iterations, timeStep = 7.62939453125E-11
converged after 231 iterations, timeStep = 7.62939453125E-11
converged after 231 iterations, timeStep = 7.62939453125E-11
converged after 231 iterations, timeStep = 7.62939453125E-11
converged after 231 iterations, timeStep = 7.62939453125E-11
converged after 9 iterations, timeStep = 7.62939453125E-11
converged after 231 iterations, timeStep = 7.62939453125E-11
converged after 231 iterations, timeStep = 7.62939453125E-11
converged after 231 iterations, timeStep = 7.62939453125E-11
converged after 231 iterations, timeStep = 7.62939453125E-11
converged after 231 iterations, timeStep = 7.62939453125E-11
converged after 231 iterations, timeStep = 7.62939453125E-11
converged after 231 iterations, timeStep = 7.62939453125E-11
converged after 231 iterations, timeStep = 7.62939453125E-11
converged after 231 iterations, timeStep = 7.62939453125E-11
converged after 231 iterations, timeStep = 7.62939453125E-11
converged after 231 iterations, timeStep = 7.62939453125E-11
converged after 231 iterations, timeStep = 7.62939453125E-11
converged after 231 iterations, timeStep = 7.62939453125E-11
converged after 231 iterations, timeStep = 7.62939453125E-11
converged after 9 iterations, timeStep = 7.62939453125E-11
converged after 231 iterations, timeStep = 7.62939453125E-11
converged after 231 iterations, timeStep = 7.62939453125E-11
converged after 231 iterations, timeStep = 7.62939453125E-11
converged after 231 iterations, timeStep = 7.62939453125E-11
converged after 231 iterations, timeStep = 7.62939453125E-11
converged after 231 iterations, timeStep = 7.62939453125E-11
converged after 231 iterations, timeStep = 7.62939453125E-11
converged after 231 iterations, timeStep = 7.62939453125E-11
converged after 231 iterations, timeStep = 7.62939453125E-11
converged after 231 iterations, timeStep = 7.62939453125E-11
converged after 231 iterations, timeStep = 7.62939453125E-11
converged after 231 iterations, timeStep = 7.62939453125E-11
converged after 231 iterations, timeStep = 7.62939453125E-11
converged after 231 iterations, timeStep = 7.62939453125E-11
converged after 9 iterations, timeStep = 7.62939453125E-11
converged after 231 iterations, timeStep = 7.62939453125E-11
converged after 231 iterations, timeStep = 7.62939453125E-11
converged after 231 iterations, timeStep = 7.62939453125E-11
converged after 231 iterations, timeStep = 7.62939453125E-11
converged after 231 iterations, timeStep = 7.62939453125E-11
converged after 231 iterations, timeStep = 7.62939453125E-11
converged after 231 iterations, timeStep = 7.62939453125E-11
converged after 231 iterations, timeStep = 7.62939453125E-11
converged after 231 iterations, timeStep = 7.62939453125E-11
converged after 231 iterations, timeStep = 7.62939453125E-11
converged after 231 iterations, timeStep = 7.62939453125E-11
converged after 231 iterations, timeStep = 7.62939453125E-11
converged after 231 iterations, timeStep = 7.62939453125E-11
converged after 231 iterations, timeStep = 7.62939453125E-11
converged after 9 iterations, timeStep = 7.62939453125E-11
converged after 231 iterations, timeStep = 7.62939453125E-11
converged after 231 iterations, timeStep = 7.62939453125E-11
converged after 231 iterations, timeStep = 7.62939453125E-11
converged after 231 iterations, timeStep = 7.62939453125E-11
converged after 231 iterations, timeStep = 7.62939453125E-11
converged after 231 iterations, timeStep = 7.62939453125E-11
converged after 231 iterations, timeStep = 7.62939453125E-11
converged after 231 iterations, timeStep = 7.62939453125E-11
converged after 231 iterations, timeStep = 7.62939453125E-11
converged after 231 iterations, timeStep = 7.62939453125E-11
converged after 231 iterations, timeStep = 7.62939453125E-11
converged after 231 iterations, timeStep = 7.62939453125E-11
converged after 231 iterations, timeStep = 7.62939453125E-11
converged after 231 iterations, timeStep = 7.62939453125E-11
converged after 9 iterations, timeStep = 7.62939453125E-11
converged after 231 iterations, timeStep = 7.62939453125E-11
converged after 231 iterations, timeStep = 7.62939453125E-11
converged after 231 iterations, timeStep = 7.62939453125E-11
converged after 231 iterations, timeStep = 7.62939453125E-11
converged after 231 iterations, timeStep = 7.62939453125E-11
converged after 231 iterations, timeStep = 7.62939453125E-11
converged after 231 iterations, timeStep = 7.62939453125E-11
converged after 231 iterations, timeStep = 7.62939453125E-11
converged after 231 iterations, timeStep = 7.62939453125E-11
converged after 231 iterations, timeStep = 7.62939453125E-11
converged after 231 iterations, timeStep = 7.62939453125E-11
converged after 231 iterations, timeStep = 7.62939453125E-11
converged after 231 iterations, timeStep = 7.62939453125E-11
converged after 9 iterations, timeStep = 7.62939453125E-11
converged after 231 iterations, timeStep = 7.62939453125E-11
converged after 231 iterations, timeStep = 7.62939453125E-11
converged after 231 iterations, timeStep = 7.62939453125E-11
converged after 231 iterations, timeStep = 7.62939453125E-11
converged after 231 iterations, timeStep = 7.62939453125E-11
converged after 231 iterations, timeStep = 7.62939453125E-11
converged after 231 iterations, timeStep = 7.62939453125E-11
converged after 231 iterations, timeStep = 7.62939453125E-11
converged after 231 iterations, timeStep = 7.62939453125E-11
converged after 231 iterations, timeStep = 7.62939453125E-11
converged after 231 iterations, timeStep = 7.62939453125E-11
converged after 231 iterations, timeStep = 7.62939453125E-11
converged after 231 iterations, timeStep = 7.62939453125E-11
converged after 231 iterations, timeStep = 7.62939453125E-11
converged after 9 iterations, timeStep = 7.62939453125E-11
converged after 231 iterations, timeStep = 7.62939453125E-11
converged after 231 iterations, timeStep = 7.62939453125E-11
converged after 231 iterations, timeStep = 7.62939453125E-11
converged after 231 iterations, timeStep = 7.62939453125E-11
converged after 231 iterations, timeStep = 7.62939453125E-11
converged after 231 iterations, timeStep = 7.62939453125E-11
converged after 231 iterations, timeStep = 7.62939453125E-11
converged after 231 iterations, timeStep = 7.62939453125E-11
converged after 231 iterations, timeStep = 7.62939453125E-11
converged after 231 iterations, timeStep = 7.62939453125E-11
converged after 231 iterations, timeStep = 7.62939453125E-11
converged after 231 iterations, timeStep = 7.62939453125E-11
converged after 231 iterations, timeStep = 7.62939453125E-11
converged after 9 iterations, timeStep = 7.62939453125E-11
converged after 231 iterations, timeStep = 7.62939453125E-11
converged after 231 iterations, timeStep = 7.62939453125E-11
converged after 231 iterations, timeStep = 7.62939453125E-11
converged after 231 iterations, timeStep = 7.62939453125E-11
converged after 231 iterations, timeStep = 7.62939453125E-11
converged after 231 iterations, timeStep = 7.62939453125E-11
converged after 231 iterations, timeStep = 7.62939453125E-11
converged after 231 iterations, timeStep = 7.62939453125E-11
converged after 231 iterations, timeStep = 7.62939453125E-11
converged after 231 iterations, timeStep = 7.62939453125E-11
converged after 231 iterations, timeStep = 7.62939453125E-11
converged after 231 iterations, timeStep = 7.62939453125E-11
converged after 231 iterations, timeStep = 7.62939453125E-11
converged after 9 iterations, timeStep = 7.62939453125E-11
converged after 231 iterations, timeStep = 7.62939453125E-11
converged after 231 iterations, timeStep = 7.62939453125E-11
converged after 231 iterations, timeStep = 7.62939453125E-11
converged after 231 iterations, timeStep = 7.62939453125E-11
converged after 231 iterations, timeStep = 7.62939453125E-11
converged after 231 iterations, timeStep = 7.62939453125E-11
converged after 231 iterations, timeStep = 7.62939453125E-11
converged after 231 iterations, timeStep = 7.62939453125E-11
converged after 231 iterations, timeStep = 7.62939453125E-11
converged after 231 iterations, timeStep = 7.62939453125E-11
converged after 231 iterations, timeStep = 7.62939453125E-11
converged after 231 iterations, timeStep = 7.62939453125E-11
converged after 231 iterations, timeStep = 7.62939453125E-11
converged after 9 iterations, timeStep = 7.62939453125E-11
converged after 231 iterations, timeStep = 7.62939453125E-11
converged after 231 iterations, timeStep = 7.62939453125E-11
converged after 231 iterations, timeStep = 7.62939453125E-11
converged after 231 iterations, timeStep = 7.62939453125E-11
converged after 231 iterations, timeStep = 7.62939453125E-11
converged after 231 iterations, timeStep = 7.62939453125E-11
converged after 231 iterations, timeStep = 7.62939453125E-11
converged after 231 iterations, timeStep = 7.62939453125E-11
converged after 231 iterations, timeStep = 7.62939453125E-11
converged after 231 iterations, timeStep = 7.62939453125E-11
converged after 231 iterations, timeStep = 7.62939453125E-11
converged after 231 iterations, timeStep = 7.62939453125E-11
converged after 231 iterations, timeStep = 7.62939453125E-11
converged after 231 iterations, timeStep = 7.62939453125E-11
converged after 9 iterations, timeStep = 7.62939453125E-11
converged after 231 iterations, timeStep = 7.62939453125E-11
converged after 231 iterations, timeStep = 7.62939453125E-11
Q30_WHOLE_FAILURE warm-main-4v time=0.03186618713379133 input=4.607221678196926 rail=3.800000264063089 reason=Solver deadline reached or wall clock regressed; accepted=1294; trials=199856
Exception in thread "main" com.lushprojects.circuitjs1.client.SolverExecutionBoundary$Failure: Solver deadline reached or wall clock regressed; accepted=1294; trials=199856
	at com.lushprojects.circuitjs1.client.SolverExecutionBoundary.check(SolverExecutionBoundary.java:93)
	at com.lushprojects.circuitjs1.client.CircuitSolverExecutor.check(CircuitSolverExecutor.java:179)
	at com.lushprojects.circuitjs1.client.CircuitSolverExecutor.beginTrial(CircuitSolverExecutor.java:187)
	at com.lushprojects.circuitjs1.client.CirSim.runCircuitOwned(CirSim.java:3327)
	at com.lushprojects.circuitjs1.client.CircuitSolverExecutor.advanceFor(CircuitSolverExecutor.java:144)
	at com.lushprojects.circuitjs1.client.CircuitSolverExecutor.advanceFor(CircuitSolverExecutor.java:135)
	at com.lushprojects.circuitjs1.client.Q30WholeBoardElectricalPilot.observeWarmBrownout(Q30WholeBoardElectricalPilot.java:203)
	at com.lushprojects.circuitjs1.client.Q30WholeBoardElectricalPilot.main(Q30WholeBoardElectricalPilot.java:42)
