node 11 unconnected
converged after 25 iterations, timeStep = 5.0E-6
converged after 6 iterations, timeStep = 5.0E-6
converged after 20 iterations, timeStep = 5.0E-6
Q30_WHOLE_BOARD before-warm-4v rail=4.991913766456294 outA=11.980033277870218 outB=11.980033277870218 coilA=0.03991591403951344 coilB=0.039408896061750825 regulatorInputAmps=0.08187344451128237
node 11 unconnected
converged after 18 iterations, timeStep = 5.0E-6
RAIL t=0.03182000000000401 dt=5.0E-6 iter=0 vin=4.7048825256192055 vout=3.897342540377387 enable=4.658299530316046 target=3.9048825256192057 drop=0.0075399852418187585 requested=0.0075399852418187585 delivered=0.07539985241818759 g=10.0 dtarget_dvin=1.0 dtarget_den=0.0 iin=0.07639985241818759 diin_dvin=10.0 diin_dvout=-10.0 diin_den=0.0
DECISION t=0.03182000000000401 dt=5.0E-6 iter=0 id=9792 sensor=4.999950000249991 ref=1.9486615268810588 rail=3.897342540377387 before=HIGH/true after=HIGH/true output=3.747342540377387->3.747342540377387
DECISION t=0.03182000000000401 dt=5.0E-6 iter=0 id=10048 sensor=4.99995000025 ref=1.948661526881059 rail=3.897342540377387 before=HIGH/true after=HIGH/true output=3.747342540377387->3.747342540377387
SETTER t=0.03182000000000401 dt=5.0E-6 iter=1 element=LimitedDcSupplyElm
RAIL t=0.03182000000000401 dt=5.0E-6 iter=1 vin=4.688271515214216 vout=3.880734100486928 enable=4.641852985360609 target=3.8882715152142158 drop=0.00753741472728775 requested=0.00753741472728775 delivered=0.0753741472728775 g=10.0 dtarget_dvin=1.0 dtarget_den=0.0 iin=0.0763741472728775 diin_dvin=10.0 diin_dvout=-10.0 diin_den=0.0
DECISION t=0.03182000000000401 dt=5.0E-6 iter=1 id=9792 sensor=4.999950000249996 ref=1.9403573484567211 rail=3.880734100486928 before=HIGH/true after=HIGH/true output=3.747342540377387->3.730734100486928
DECISION t=0.03182000000000401 dt=5.0E-6 iter=1 id=10048 sensor=4.99995000025 ref=1.9403573484567216 rail=3.880734100486928 before=HIGH/true after=HIGH/true output=3.747342540377387->3.730734100486928
RAIL t=0.03182000000000401 dt=5.0E-6 iter=2 vin=4.688271515653582 vout=3.8807341012509484 enable=4.6418529857956266 target=3.8882715156535825 drop=0.007537414402634113 requested=0.007537414402634113 delivered=0.07537414402634113 g=10.0 dtarget_dvin=1.0 dtarget_den=0.0 iin=0.07637414402634113 diin_dvin=10.0 diin_dvout=-10.0 diin_den=0.0
DECISION t=0.03182000000000401 dt=5.0E-6 iter=2 id=9792 sensor=4.999950000249995 ref=1.9403573488387305 rail=3.8807341012509484 before=HIGH/true after=HIGH/true output=3.730734100486928->3.7307341012509485
DECISION t=0.03182000000000401 dt=5.0E-6 iter=2 id=10048 sensor=4.99995000025 ref=1.9403573488387307 rail=3.8807341012509484 before=HIGH/true after=HIGH/true output=3.730734100486928->3.7307341012509485
SETTER t=0.03182000000000401 dt=5.0E-6 iter=2 element=NMosfetElm
RAIL t=0.03182000000000401 dt=5.0E-6 iter=3 vin=4.688271515655385 vout=3.880734101254346 enable=4.64185298579741 target=3.8882715156553855 drop=0.007537414401039388 requested=0.007537414401039388 delivered=0.07537414401039388 g=10.0 dtarget_dvin=1.0 dtarget_den=0.0 iin=0.07637414401039389 diin_dvin=10.0 diin_dvout=-10.0 diin_den=0.0
DECISION t=0.03182000000000401 dt=5.0E-6 iter=3 id=9792 sensor=4.999950000249998 ref=1.9403573488404284 rail=3.880734101254346 before=HIGH/true after=HIGH/true output=3.7307341012509485->3.7307341012543462
DECISION t=0.03182000000000401 dt=5.0E-6 iter=3 id=10048 sensor=4.99995000025 ref=1.9403573488404282 rail=3.880734101254346 before=HIGH/true after=HIGH/true output=3.7307341012509485->3.7307341012543462
RAIL t=0.03182500000000401 dt=5.0E-6 iter=0 vin=4.688271515655385 vout=3.880734101254346 enable=4.64185298579741 target=3.8882715156553855 drop=0.007537414401039388 requested=0.007537414401039388 delivered=0.07537414401039388 g=10.0 dtarget_dvin=1.0 dtarget_den=0.0 iin=0.07637414401039389 diin_dvin=10.0 diin_dvout=-10.0 diin_den=0.0
DECISION t=0.03182500000000401 dt=5.0E-6 iter=0 id=9792 sensor=4.999950000249998 ref=1.9403573488404284 rail=3.880734101254346 before=HIGH/true after=HIGH/true output=3.7307341012543462->3.7307341012543462
DECISION t=0.03182500000000401 dt=5.0E-6 iter=0 id=10048 sensor=4.99995000025 ref=1.9403573488404282 rail=3.880734101254346 before=HIGH/true after=HIGH/true output=3.7307341012543462->3.7307341012543462
SETTER t=0.03182500000000401 dt=5.0E-6 iter=1 element=LimitedDcSupplyElm
RAIL t=0.03182500000000401 dt=5.0E-6 iter=1 vin=4.671672196530832 vout=3.8641429483143948 enable=4.62541801636716 target=3.871672196530832 drop=0.007529248216437079 requested=0.007529248216437079 delivered=0.07529248216437079 g=10.0 dtarget_dvin=1.0 dtarget_den=0.0 iin=0.07629248216437079 diin_dvin=10.0 diin_dvout=-10.0 diin_den=0.0
DECISION t=0.03182500000000401 dt=5.0E-6 iter=1 id=9792 sensor=4.999950000249995 ref=1.932061813848128 rail=3.8641429483143948 before=HIGH/true after=HIGH/true output=3.7307341012543462->3.714142948314395
DECISION t=0.03182500000000401 dt=5.0E-6 iter=1 id=10048 sensor=4.99995000025 ref=1.9320618138481278 rail=3.8641429483143948 before=HIGH/true after=HIGH/true output=3.7307341012543462->3.714142948314395
RAIL t=0.03182500000000401 dt=5.0E-6 iter=2 vin=4.671672196973351 vout=3.8641429490835932 enable=4.625418016805297 target=3.8716721969733507 drop=0.007529247889757507 requested=0.007529247889757507 delivered=0.07529247889757507 g=10.0 dtarget_dvin=1.0 dtarget_den=0.0 iin=0.07629247889757507 diin_dvin=10.0 diin_dvout=-10.0 diin_den=0.0
DECISION t=0.03182500000000401 dt=5.0E-6 iter=2 id=9792 sensor=4.999950000250002 ref=1.932061814232726 rail=3.8641429490835932 before=HIGH/true after=HIGH/true output=3.714142948314395->3.7141429490835933
DECISION t=0.03182500000000401 dt=5.0E-6 iter=2 id=10048 sensor=4.99995000025 ref=1.9320618142327257 rail=3.8641429490835932 before=HIGH/true after=HIGH/true output=3.714142948314395->3.7141429490835933
SETTER t=0.03182500000000401 dt=5.0E-6 iter=2 element=NMosfetElm
RAIL t=0.03182500000000401 dt=5.0E-6 iter=3 vin=4.671672196975174 vout=3.8641429490870345 enable=4.625418016807104 target=3.871672196975174 drop=0.00752924788813969 requested=0.00752924788813969 delivered=0.0752924788813969 g=10.0 dtarget_dvin=1.0 dtarget_den=0.0 iin=0.0762924788813969 diin_dvin=10.0 diin_dvout=-10.0 diin_den=0.0
DECISION t=0.03182500000000401 dt=5.0E-6 iter=3 id=9792 sensor=4.999950000249993 ref=1.9320618142344455 rail=3.8641429490870345 before=HIGH/true after=HIGH/true output=3.7141429490835933->3.7141429490870346
DECISION t=0.03182500000000401 dt=5.0E-6 iter=3 id=10048 sensor=4.99995000025 ref=1.9320618142344455 rail=3.8641429490870345 before=HIGH/true after=HIGH/true output=3.7141429490835933->3.7141429490870346
RAIL t=0.03183000000000401 dt=5.0E-6 iter=0 vin=4.671672196975174 vout=3.8641429490870345 enable=4.625418016807104 target=3.871672196975174 drop=0.00752924788813969 requested=0.00752924788813969 delivered=0.0752924788813969 g=10.0 dtarget_dvin=1.0 dtarget_den=0.0 iin=0.0762924788813969 diin_dvin=10.0 diin_dvout=-10.0 diin_den=0.0
DECISION t=0.03183000000000401 dt=5.0E-6 iter=0 id=9792 sensor=4.999950000249993 ref=1.9320618142344455 rail=3.8641429490870345 before=HIGH/true after=HIGH/true output=3.7141429490870346->3.7141429490870346
DECISION t=0.03183000000000401 dt=5.0E-6 iter=0 id=10048 sensor=4.99995000025 ref=1.9320618142344455 rail=3.8641429490870345 before=HIGH/true after=HIGH/true output=3.7141429490870346->3.7141429490870346
SETTER t=0.03183000000000401 dt=5.0E-6 iter=1 element=LimitedDcSupplyElm
RAIL t=0.03183000000000401 dt=5.0E-6 iter=1 vin=4.655085171395512 vout=3.847559029494888 enable=4.608995219203478 target=3.855085171395512 drop=0.0075261419006240615 requested=0.0075261419006240615 delivered=0.07526141900624062 g=10.0 dtarget_dvin=1.0 dtarget_den=0.0 iin=0.07626141900624062 diin_dvin=10.0 diin_dvout=-10.0 diin_den=0.0
DECISION t=0.03183000000000401 dt=5.0E-6 iter=1 id=9792 sensor=4.999950000250006 ref=1.9237698958979645 rail=3.847559029494888 before=HIGH/true after=HIGH/true output=3.7141429490870346->3.697559029494888
DECISION t=0.03183000000000401 dt=5.0E-6 iter=1 id=10048 sensor=4.99995000025 ref=1.9237698958979643 rail=3.847559029494888 before=HIGH/true after=HIGH/true output=3.7141429490870346->3.697559029494888
RAIL t=0.03183000000000401 dt=5.0E-6 iter=2 vin=4.655085171843269 vout=3.8475590302714706 enable=4.608995219646801 target=3.8550851718432693 drop=0.00752614157179865 requested=0.00752614157179865 delivered=0.0752614157179865 g=10.0 dtarget_dvin=1.0 dtarget_den=0.0 iin=0.0762614157179865 diin_dvin=10.0 diin_dvout=-10.0 diin_den=0.0
DECISION t=0.03183000000000401 dt=5.0E-6 iter=2 id=9792 sensor=4.999950000250001 ref=1.923769896286254 rail=3.8475590302714706 before=HIGH/true after=HIGH/true output=3.697559029494888->3.6975590302714707
DECISION t=0.03183000000000401 dt=5.0E-6 iter=2 id=10048 sensor=4.99995000025 ref=1.923769896286254 rail=3.8475590302714706 before=HIGH/true after=HIGH/true output=3.697559029494888->3.6975590302714707
SETTER t=0.03183000000000401 dt=5.0E-6 iter=2 element=NMosfetElm
RAIL t=0.03183000000000401 dt=5.0E-6 iter=3 vin=4.655085171845121 vout=3.8475590302749625 enable=4.6089952196486355 target=3.855085171845121 drop=0.007526141570158629 requested=0.007526141570158629 delivered=0.07526141570158629 g=10.0 dtarget_dvin=1.0 dtarget_den=0.0 iin=0.07626141570158629 diin_dvin=10.0 diin_dvout=-10.0 diin_den=0.0
DECISION t=0.03183000000000401 dt=5.0E-6 iter=3 id=9792 sensor=4.999950000250001 ref=1.9237698962880003 rail=3.8475590302749625 before=HIGH/true after=HIGH/true output=3.6975590302714707->3.6975590302749626
DECISION t=0.03183000000000401 dt=5.0E-6 iter=3 id=10048 sensor=4.99995000025 ref=1.9237698962879997 rail=3.8475590302749625 before=HIGH/true after=HIGH/true output=3.6975590302714707->3.6975590302749626
RAIL t=0.031835000000004006 dt=5.0E-6 iter=0 vin=4.655085171845121 vout=3.8475590302749625 enable=4.6089952196486355 target=3.855085171845121 drop=0.007526141570158629 requested=0.007526141570158629 delivered=0.07526141570158629 g=10.0 dtarget_dvin=1.0 dtarget_den=0.0 iin=0.07626141570158629 diin_dvin=10.0 diin_dvout=-10.0 diin_den=0.0
DECISION t=0.031835000000004006 dt=5.0E-6 iter=0 id=9792 sensor=4.999950000250001 ref=1.9237698962880003 rail=3.8475590302749625 before=HIGH/true after=HIGH/true output=3.6975590302749626->3.6975590302749626
DECISION t=0.031835000000004006 dt=5.0E-6 iter=0 id=10048 sensor=4.99995000025 ref=1.9237698962879997 rail=3.8475590302749625 before=HIGH/true after=HIGH/true output=3.6975590302749626->3.6975590302749626
SETTER t=0.031835000000004006 dt=5.0E-6 iter=1 element=LimitedDcSupplyElm
RAIL t=0.031835000000004006 dt=5.0E-6 iter=1 vin=4.638510148867569 vout=3.8309919231286247 enable=4.592584305809474 target=3.8385101488675692 drop=0.007518225738944562 requested=0.007518225738944562 delivered=0.07518225738944562 g=10.0 dtarget_dvin=1.0 dtarget_den=0.0 iin=0.07618225738944562 diin_dvin=10.0 diin_dvout=-10.0 diin_den=0.0
DECISION t=0.031835000000004006 dt=5.0E-6 iter=1 id=9792 sensor=4.999950000249992 ref=1.9154863841323921 rail=3.8309919231286247 before=HIGH/true after=HIGH/true output=3.6975590302749626->3.6809919231286248
DECISION t=0.031835000000004006 dt=5.0E-6 iter=1 id=10048 sensor=4.99995000025 ref=1.9154863841323915 rail=3.8309919231286247 before=HIGH/true after=HIGH/true output=3.6975590302749626->3.6809919231286248
RAIL t=0.031835000000004006 dt=5.0E-6 iter=2 vin=4.638510149318698 vout=3.8309919239106627 enable=4.5925843062561365 target=3.838510149318698 drop=0.007518225408035484 requested=0.007518225408035484 delivered=0.07518225408035484 g=10.0 dtarget_dvin=1.0 dtarget_den=0.0 iin=0.07618225408035484 diin_dvin=10.0 diin_dvout=-10.0 diin_den=0.0
DECISION t=0.031835000000004006 dt=5.0E-6 iter=2 id=9792 sensor=4.999950000250008 ref=1.915486384523409 rail=3.8309919239106627 before=HIGH/true after=HIGH/true output=3.6809919231286248->3.6809919239106628
DECISION t=0.031835000000004006 dt=5.0E-6 iter=2 id=10048 sensor=4.99995000025 ref=1.915486384523409 rail=3.8309919239106627 before=HIGH/true after=HIGH/true output=3.6809919231286248->3.6809919239106628
SETTER t=0.031835000000004006 dt=5.0E-6 iter=2 element=NMosfetElm
RAIL t=0.031835000000004006 dt=5.0E-6 iter=3 vin=4.638510149320575 vout=3.830991923914201 enable=4.5925843062579945 target=3.838510149320575 drop=0.007518225406373702 requested=0.007518225406373702 delivered=0.07518225406373702 g=10.0 dtarget_dvin=1.0 dtarget_den=0.0 iin=0.07618225406373702 diin_dvin=10.0 diin_dvout=-10.0 diin_den=0.0
DECISION t=0.031835000000004006 dt=5.0E-6 iter=3 id=9792 sensor=4.999950000249991 ref=1.9154863845251782 rail=3.830991923914201 before=HIGH/true after=HIGH/true output=3.6809919239106628->3.6809919239142013
DECISION t=0.031835000000004006 dt=5.0E-6 iter=3 id=10048 sensor=4.99995000025 ref=1.9154863845251775 rail=3.830991923914201 before=HIGH/true after=HIGH/true output=3.6809919239106628->3.6809919239142013
RAIL t=0.031840000000004004 dt=5.0E-6 iter=0 vin=4.638510149320575 vout=3.830991923914201 enable=4.5925843062579945 target=3.838510149320575 drop=0.007518225406373702 requested=0.007518225406373702 delivered=0.07518225406373702 g=10.0 dtarget_dvin=1.0 dtarget_den=0.0 iin=0.07618225406373702 diin_dvin=10.0 diin_dvout=-10.0 diin_den=0.0
DECISION t=0.031840000000004004 dt=5.0E-6 iter=0 id=9792 sensor=4.999950000249991 ref=1.9154863845251782 rail=3.830991923914201 before=HIGH/true after=HIGH/true output=3.6809919239142013->3.6809919239142013
DECISION t=0.031840000000004004 dt=5.0E-6 iter=0 id=10048 sensor=4.99995000025 ref=1.9154863845251775 rail=3.830991923914201 before=HIGH/true after=HIGH/true output=3.6809919239142013->3.6809919239142013
SETTER t=0.031840000000004004 dt=5.0E-6 iter=1 element=LimitedDcSupplyElm
RAIL t=0.031840000000004004 dt=5.0E-6 iter=1 vin=4.621947664279553 vout=3.8144330214050886 enable=4.576185806217378 target=3.821947664279553 drop=0.00751464287446435 requested=0.00751464287446435 delivered=0.0751464287446435 g=10.0 dtarget_dvin=1.0 dtarget_den=0.0 iin=0.0761464287446435 diin_dvin=10.0 diin_dvout=-10.0 diin_den=0.0
DECISION t=0.031840000000004004 dt=5.0E-6 iter=1 id=9792 sensor=4.999950000250005 ref=1.9072069746676712 rail=3.8144330214050886 before=HIGH/true after=HIGH/true output=3.6809919239142013->3.6644330214050886
DECISION t=0.031840000000004004 dt=5.0E-6 iter=1 id=10048 sensor=4.99995000025 ref=1.9072069746676705 rail=3.8144330214050886 before=HIGH/true after=HIGH/true output=3.6809919239142013->3.6644330214050886
RAIL t=0.031840000000004004 dt=5.0E-6 iter=2 vin=4.621947664735894 vout=3.8144330221945273 enable=4.576185806669202 target=3.8219476647358945 drop=0.007514642541367245 requested=0.007514642541367245 delivered=0.07514642541367245 g=10.0 dtarget_dvin=1.0 dtarget_den=0.0 iin=0.07614642541367245 diin_dvin=10.0 diin_dvout=-10.0 diin_den=0.0
DECISION t=0.031840000000004004 dt=5.0E-6 iter=2 id=9792 sensor=4.999950000249989 ref=1.9072069750623881 rail=3.8144330221945273 before=HIGH/true after=HIGH/true output=3.6644330214050886->3.6644330221945274
DECISION t=0.031840000000004004 dt=5.0E-6 iter=2 id=10048 sensor=4.99995000025 ref=1.907206975062388 rail=3.8144330221945273 before=HIGH/true after=HIGH/true output=3.6644330214050886->3.6644330221945274
SETTER t=0.031840000000004004 dt=5.0E-6 iter=2 element=NMosfetElm
RAIL t=0.031840000000004004 dt=5.0E-6 iter=3 vin=4.621947664737798 vout=3.8144330221981164 enable=4.576185806671087 target=3.821947664737798 drop=0.007514642539681482 requested=0.007514642539681482 delivered=0.07514642539681482 g=10.0 dtarget_dvin=1.0 dtarget_den=0.0 iin=0.07614642539681482 diin_dvin=10.0 diin_dvout=-10.0 diin_den=0.0
DECISION t=0.031840000000004004 dt=5.0E-6 iter=3 id=9792 sensor=4.999950000250002 ref=1.9072069750641831 rail=3.8144330221981164 before=HIGH/true after=HIGH/true output=3.6644330221945274->3.6644330221981165
DECISION t=0.031840000000004004 dt=5.0E-6 iter=3 id=10048 sensor=4.99995000025 ref=1.907206975064183 rail=3.8144330221981164 before=HIGH/true after=HIGH/true output=3.6644330221945274->3.6644330221981165
RAIL t=0.031845000000004 dt=5.0E-6 iter=0 vin=4.621947664737798 vout=3.8144330221981164 enable=4.576185806671087 target=3.821947664737798 drop=0.007514642539681482 requested=0.007514642539681482 delivered=0.07514642539681482 g=10.0 dtarget_dvin=1.0 dtarget_den=0.0 iin=0.07614642539681482 diin_dvin=10.0 diin_dvout=-10.0 diin_den=0.0
DECISION t=0.031845000000004 dt=5.0E-6 iter=0 id=9792 sensor=4.999950000250002 ref=1.9072069750641831 rail=3.8144330221981164 before=HIGH/true after=HIGH/true output=3.6644330221981165->3.6644330221981165
DECISION t=0.031845000000004 dt=5.0E-6 iter=0 id=10048 sensor=4.99995000025 ref=1.907206975064183 rail=3.8144330221981164 before=HIGH/true after=HIGH/true output=3.6644330221981165->3.6644330221981165
SETTER t=0.031845000000004 dt=5.0E-6 iter=1 element=LimitedDcSupplyElm
RAIL t=0.031845000000004 dt=5.0E-6 iter=1 vin=4.605397486484576 vout=3.797890561979958 enable=4.559799491568888 target=3.8053974864845763 drop=0.0075069245046184285 requested=0.0075069245046184285 delivered=0.07506924504618429 g=10.0 dtarget_dvin=1.0 dtarget_den=0.0 iin=0.07606924504618429 diin_dvin=10.0 diin_dvout=-10.0 diin_den=0.0
DECISION t=0.031845000000004 dt=5.0E-6 iter=1 id=9792 sensor=4.9999500002499975 ref=1.8989357863110468 rail=3.797890561979958 before=HIGH/true after=BROWNOUT/false output=3.6644330221981165->0.0
DECISION t=0.031845000000004 dt=5.0E-6 iter=1 id=10048 sensor=4.99995000025 ref=1.8989357863110468 rail=3.797890561979958 before=HIGH/true after=BROWNOUT/false output=3.6644330221981165->0.0
RAIL t=0.031845000000004 dt=5.0E-6 iter=2 vin=4.605397586768724 vout=3.7978907509959776 enable=4.559799590860123 target=3.8053975867687244 drop=0.0075068357727468005 requested=0.0075068357727468005 delivered=0.075068357727468 g=10.0 dtarget_dvin=1.0 dtarget_den=0.0 iin=0.076068357727468 diin_dvin=10.0 diin_dvout=-10.0 diin_den=0.0
DECISION t=0.031845000000004 dt=5.0E-6 iter=2 id=9792 sensor=4.9999500002500055 ref=1.8989358808185843 rail=3.7978907509959776 before=BROWNOUT/false after=BROWNOUT/false output=0.0->0.0
DECISION t=0.031845000000004 dt=5.0E-6 iter=2 id=10048 sensor=4.99995000025 ref=1.898935880818585 rail=3.7978907509959776 before=BROWNOUT/false after=BROWNOUT/false output=0.0->0.0
SETTER t=0.031845000000004 dt=5.0E-6 iter=2 element=NMosfetElm
SETTER t=0.031845000000004 dt=5.0E-6 iter=3 element=LimitedDcSupplyElm
RAIL t=0.031845000000004 dt=5.0E-6 iter=3 vin=4.609044961484988 vout=3.8047679592952166 enable=4.563410852955435 target=3.8090449614849886 drop=0.004277002189772006 requested=0.004277002189772006 delivered=0.042770021897720056 g=10.0 dtarget_dvin=1.0 dtarget_den=0.0 iin=0.04377002189772006 diin_dvin=10.0 diin_dvout=-10.0 diin_den=0.0
DECISION t=0.031845000000004 dt=5.0E-6 iter=3 id=9792 sensor=4.999950000249996 ref=1.9023744677752696 rail=3.8047679592952166 before=BROWNOUT/false after=BROWNOUT/false output=0.0->0.0
DECISION t=0.031845000000004 dt=5.0E-6 iter=3 id=10048 sensor=4.99995000025 ref=1.9023744677752699 rail=3.8047679592952166 before=BROWNOUT/false after=BROWNOUT/false output=0.0->0.0
SETTER t=0.031845000000004 dt=5.0E-6 iter=4 element=LimitedDcSupplyElm
RAIL t=0.031845000000004 dt=5.0E-6 iter=4 vin=4.609449819861659 vout=3.805530714606133 enable=4.563811702833327 target=3.8094498198616593 drop=0.003919105255526301 requested=0.003919105255526301 delivered=0.039191052555263006 g=10.0 dtarget_dvin=1.0 dtarget_den=0.0 iin=0.04019105255526301 diin_dvin=10.0 diin_dvout=-10.0 diin_den=0.0
DECISION t=0.031845000000004 dt=5.0E-6 iter=4 id=9792 sensor=4.9999500002499975 ref=1.902755843523849 rail=3.805530714606133 before=BROWNOUT/false after=BROWNOUT/false output=0.0->0.0
DECISION t=0.031845000000004 dt=5.0E-6 iter=4 id=10048 sensor=4.99995000025 ref=1.9027558435238487 rail=3.805530714606133 before=BROWNOUT/false after=BROWNOUT/false output=0.0->0.0
SETTER t=0.031845000000004 dt=5.0E-6 iter=5 element=LimitedDcSupplyElm
RAIL t=0.031845000000004 dt=5.0E-6 iter=5 vin=4.619942562681401 vout=3.825311815937947 enable=4.574200557110299 target=3.819942562681401 drop=-0.005369253256545914 requested=-0.005369253256545914 delivered=-5.369253256545913E-9 g=1.0E-6 dtarget_dvin=1.0 dtarget_den=0.0 iin=9.999946307467434E-4 diin_dvin=1.0E-6 diin_dvout=-1.0E-6 diin_den=0.0
DECISION t=0.031845000000004 dt=5.0E-6 iter=5 id=9792 sensor=4.99995000025 ref=1.91264634473725 rail=3.825311815937947 before=BROWNOUT/false after=BROWNOUT/false output=0.0->0.0
DECISION t=0.031845000000004 dt=5.0E-6 iter=5 id=10048 sensor=4.99995000025 ref=1.9126463447372501 rail=3.825311815937947 before=BROWNOUT/false after=BROWNOUT/false output=0.0->0.0
SETTER t=0.031845000000004 dt=5.0E-6 iter=6 element=LimitedDcSupplyElm
RAIL t=0.031845000000004 dt=5.0E-6 iter=6 vin=4.613876563201279 vout=3.8748171274170695 enable=4.568194617034199 target=3.813876563201279 drop=-0.06094056421579053 requested=-0.06094056421579053 delivered=-6.094056421579052E-8 g=1.0E-6 dtarget_dvin=1.0 dtarget_den=0.0 iin=9.999390594357842E-4 diin_dvin=1.0E-6 diin_dvout=-1.0E-6 diin_den=0.0
DECISION t=0.031845000000004 dt=5.0E-6 iter=6 id=9792 sensor=4.999950000250002 ref=1.9373988767141517 rail=3.8748171274170695 before=BROWNOUT/false after=HIGH/true output=0.0->3.7248171274170696
DECISION t=0.031845000000004 dt=5.0E-6 iter=6 id=10048 sensor=4.99995000025 ref=1.937398876714151 rail=3.8748171274170695 before=BROWNOUT/false after=HIGH/true output=0.0->3.7248171274170696
SETTER t=0.031845000000004 dt=5.0E-6 iter=7 element=LimitedDcSupplyElm
RAIL t=0.031845000000004 dt=5.0E-6 iter=7 vin=4.613877911495113 vout=3.803504544547755 enable=4.568195951975165 target=3.813877911495113 drop=0.010373366947357798 requested=0.010373366947357798 delivered=0.10373366947357798 g=10.0 dtarget_dvin=1.0 dtarget_den=0.0 iin=0.10473366947357798 diin_dvin=10.0 diin_dvout=-10.0 diin_den=0.0
DECISION t=0.031845000000004 dt=5.0E-6 iter=7 id=9792 sensor=4.99995000025 ref=1.9017427635600597 rail=3.803504544547755 before=HIGH/true after=HIGH/true output=3.7248171274170696->3.653504544547755
DECISION t=0.031845000000004 dt=5.0E-6 iter=7 id=10048 sensor=4.99995000025 ref=1.90174276356006 rail=3.803504544547755 before=HIGH/true after=HIGH/true output=3.7248171274170696->3.653504544547755
SETTER t=0.031845000000004 dt=5.0E-6 iter=8 element=LimitedDcSupplyElm
RAIL t=0.031845000000004 dt=5.0E-6 iter=8 vin=3.4477073178086304 vout=1.6157665959179077 enable=3.4135716017907227 target=2.6477073178086306 drop=0.0 requested=1.0319407218907228 delivered=0.0 g=10.0 dtarget_dvin=1.0 dtarget_den=0.0 iin=0.001 diin_dvin=10.0 diin_dvout=-10.0 diin_den=0.0
DECISION t=0.031845000000004 dt=5.0E-6 iter=8 id=9792 sensor=4.99995000025 ref=0.8078792585626609 rail=1.6157665959179077 before=HIGH/true after=BROWNOUT/false output=3.653504544547755->0.0
DECISION t=0.031845000000004 dt=5.0E-6 iter=8 id=10048 sensor=4.99995000025 ref=0.807879258562661 rail=1.6157665959179077 before=HIGH/true after=BROWNOUT/false output=3.653504544547755->0.0
SETTER t=0.031845000000004 dt=5.0E-6 iter=9 element=LimitedDcSupplyElm
RAIL t=0.031845000000004 dt=5.0E-6 iter=9 vin=4.607039347977757 vout=3.803448982242392 enable=4.561425097007682 target=3.8070393479777573 drop=0.0 requested=0.0035903657353655305 delivered=0.0 g=10.0 dtarget_dvin=1.0 dtarget_den=0.0 iin=0.001 diin_dvin=10.0 diin_dvout=-10.0 diin_den=0.0
DECISION t=0.031845000000004 dt=5.0E-6 iter=9 id=9792 sensor=4.99995000025 ref=1.9017149825462836 rail=3.803448982242392 before=BROWNOUT/false after=BROWNOUT/false output=0.0->0.0
DECISION t=0.031845000000004 dt=5.0E-6 iter=9 id=10048 sensor=4.99995000025 ref=1.9017149825462836 rail=3.803448982242392 before=BROWNOUT/false after=BROWNOUT/false output=0.0->0.0
SETTER t=0.031845000000004 dt=5.0E-6 iter=10 element=LimitedDcSupplyElm
RAIL t=0.031845000000004 dt=5.0E-6 iter=10 vin=4.612724191641517 vout=3.8123692453566385 enable=4.567053655090611 target=3.812724191641517 drop=3.549462848786433E-4 requested=3.549462848786433E-4 delivered=0.0035494628487864333 g=10.0 dtarget_dvin=1.0 dtarget_den=0.0 iin=0.004549462848786433 diin_dvin=10.0 diin_dvout=-10.0 diin_den=0.0
DECISION t=0.031845000000004 dt=5.0E-6 iter=10 id=9792 sensor=4.99995000025 ref=1.9061750918028602 rail=3.8123692453566385 before=BROWNOUT/false after=BROWNOUT/false output=0.0->0.0
DECISION t=0.031845000000004 dt=5.0E-6 iter=10 id=10048 sensor=4.99995000025 ref=1.9061750918028602 rail=3.8123692453566385 before=BROWNOUT/false after=BROWNOUT/false output=0.0->0.0
SETTER t=0.031845000000004 dt=5.0E-6 iter=11 element=LimitedDcSupplyElm
RAIL t=0.031845000000004 dt=5.0E-6 iter=11 vin=4.61341447104951 vout=3.813033108956734 enable=4.567737100049021 target=3.8134144710495104 drop=3.8136209277617183E-4 requested=3.8136209277617183E-4 delivered=0.0038136209277617183 g=10.0 dtarget_dvin=1.0 dtarget_den=0.0 iin=0.004813620927761718 diin_dvin=10.0 diin_dvout=-10.0 diin_den=0.0
DECISION t=0.031845000000004 dt=5.0E-6 iter=11 id=9792 sensor=4.99995000025 ref=1.9065070219432572 rail=3.813033108956734 before=BROWNOUT/false after=BROWNOUT/false output=0.0->0.0
DECISION t=0.031845000000004 dt=5.0E-6 iter=11 id=10048 sensor=4.99995000025 ref=1.906507021943257 rail=3.813033108956734 before=BROWNOUT/false after=BROWNOUT/false output=0.0->0.0
SETTER t=0.031845000000004 dt=5.0E-6 iter=12 element=LimitedDcSupplyElm
RAIL t=0.031845000000004 dt=5.0E-6 iter=12 vin=4.613445466582195 vout=3.8130628333408514 enable=4.567767788695243 target=3.813445466582195 drop=3.826332413434663E-4 requested=3.826332413434663E-4 delivered=0.0038263324134346632 g=10.0 dtarget_dvin=1.0 dtarget_den=0.0 iin=0.004826332413434663 diin_dvin=10.0 diin_dvout=-10.0 diin_den=0.0
DECISION t=0.031845000000004 dt=5.0E-6 iter=12 id=9792 sensor=4.99995000025 ref=1.9065218840610052 rail=3.8130628333408514 before=BROWNOUT/false after=BROWNOUT/false output=0.0->0.0
DECISION t=0.031845000000004 dt=5.0E-6 iter=12 id=10048 sensor=4.99995000025 ref=1.9065218840610054 rail=3.8130628333408514 before=BROWNOUT/false after=BROWNOUT/false output=0.0->0.0
SETTER t=0.031845000000004 dt=5.0E-6 iter=13 element=LimitedDcSupplyElm
RAIL t=0.031845000000004 dt=5.0E-6 iter=13 vin=4.613445513829226 vout=3.8130628787171457 enable=4.5677678354744815 target=3.813445513829226 drop=3.8263511208036505E-4 requested=3.8263511208036505E-4 delivered=0.0038263511208036505 g=10.0 dtarget_dvin=1.0 dtarget_den=0.0 iin=0.0048263511208036505 diin_dvin=10.0 diin_dvout=-10.0 diin_den=0.0
DECISION t=0.031845000000004 dt=5.0E-6 iter=13 id=9792 sensor=4.99995000025 ref=1.9065219067490393 rail=3.8130628787171457 before=BROWNOUT/false after=BROWNOUT/false output=0.0->0.0
DECISION t=0.031845000000004 dt=5.0E-6 iter=13 id=10048 sensor=4.99995000025 ref=1.9065219067490389 rail=3.8130628787171457 before=BROWNOUT/false after=BROWNOUT/false output=0.0->0.0
RAIL t=0.031845000000004 dt=5.0E-6 iter=14 vin=4.613445513829328 vout=3.813062878717238 enable=4.567767835474583 target=3.813445513829328 drop=3.82635112090135E-4 requested=3.82635112090135E-4 delivered=0.00382635112090135 g=10.0 dtarget_dvin=1.0 dtarget_den=0.0 iin=0.00482635112090135 diin_dvin=10.0 diin_dvout=-10.0 diin_den=0.0
DECISION t=0.031845000000004 dt=5.0E-6 iter=14 id=9792 sensor=4.99995000025 ref=1.906521906749085 rail=3.813062878717238 before=BROWNOUT/false after=BROWNOUT/false output=0.0->0.0
DECISION t=0.031845000000004 dt=5.0E-6 iter=14 id=10048 sensor=4.99995000025 ref=1.9065219067490848 rail=3.813062878717238 before=BROWNOUT/false after=BROWNOUT/false output=0.0->0.0
SETTER t=0.031845000000004 dt=5.0E-6 iter=14 element=NMosfetElm
RAIL t=0.031845000000004 dt=5.0E-6 iter=15 vin=4.613445513829327 vout=3.8130628787172376 enable=4.567767835474582 target=3.8134455138293273 drop=3.826351120896909E-4 requested=3.826351120896909E-4 delivered=0.003826351120896909 g=10.0 dtarget_dvin=1.0 dtarget_den=0.0 iin=0.004826351120896909 diin_dvin=10.0 diin_dvout=-10.0 diin_den=0.0
DECISION t=0.031845000000004 dt=5.0E-6 iter=15 id=9792 sensor=4.99995000025 ref=1.9065219067490848 rail=3.8130628787172376 before=BROWNOUT/false after=BROWNOUT/false output=0.0->0.0
DECISION t=0.031845000000004 dt=5.0E-6 iter=15 id=10048 sensor=4.99995000025 ref=1.9065219067490844 rail=3.8130628787172376 before=BROWNOUT/false after=BROWNOUT/false output=0.0->0.0
converged after 15 iterations, timeStep = 5.0E-6
RAIL t=0.031850000000004 dt=5.0E-6 iter=0 vin=4.613445513829327 vout=3.8130628787172376 enable=4.567767835474582 target=3.8134455138293273 drop=3.826351120896909E-4 requested=3.826351120896909E-4 delivered=0.003826351120896909 g=10.0 dtarget_dvin=1.0 dtarget_den=0.0 iin=0.004826351120896909 diin_dvin=10.0 diin_dvout=-10.0 diin_den=0.0
DECISION t=0.031850000000004 dt=5.0E-6 iter=0 id=9792 sensor=4.99995000025 ref=1.9065219067490848 rail=3.8130628787172376 before=BROWNOUT/false after=BROWNOUT/false output=0.0->0.0
DECISION t=0.031850000000004 dt=5.0E-6 iter=0 id=10048 sensor=4.99995000025 ref=1.9065219067490844 rail=3.8130628787172376 before=BROWNOUT/false after=BROWNOUT/false output=0.0->0.0
SETTER t=0.031850000000004 dt=5.0E-6 iter=1 element=LimitedDcSupplyElm
RAIL t=0.031850000000004 dt=5.0E-6 iter=1 vin=4.613516655136271 vout=3.8136604736426034 enable=4.56783827241215 target=3.8135166551362714 drop=-1.4381850633204962E-4 requested=-1.4381850633204962E-4 delivered=-1.438185063320496E-10 g=1.0E-6 dtarget_dvin=1.0 dtarget_den=0.0 iin=9.999998561814937E-4 diin_dvin=1.0E-6 diin_dvout=-1.0E-6 diin_den=0.0
DECISION t=0.031850000000004 dt=5.0E-6 iter=1 id=9792 sensor=4.99995000025 ref=1.9068207027177881 rail=3.8136604736426034 before=BROWNOUT/false after=BROWNOUT/false output=0.0->0.0
DECISION t=0.031850000000004 dt=5.0E-6 iter=1 id=10048 sensor=4.99995000025 ref=1.906820702717788 rail=3.8136604736426034 before=BROWNOUT/false after=BROWNOUT/false output=0.0->0.0
SETTER t=0.031850000000004 dt=5.0E-6 iter=2 element=LimitedDcSupplyElm
RAIL t=0.031850000000004 dt=5.0E-6 iter=2 vin=4.6133621187214455 vout=3.817252417459657 enable=4.567685266057635 target=3.8133621187214457 drop=-0.0038902987382112286 requested=-0.0038902987382112286 delivered=-3.890298738211228E-9 g=1.0E-6 dtarget_dvin=1.0 dtarget_den=0.0 iin=9.999961097012617E-4 diin_dvin=1.0E-6 diin_dvout=-1.0E-6 diin_den=0.0
DECISION t=0.031850000000004 dt=5.0E-6 iter=2 id=9792 sensor=4.99995000025 ref=1.9086166656465 rail=3.817252417459657 before=BROWNOUT/false after=BROWNOUT/false output=0.0->0.0
DECISION t=0.031850000000004 dt=5.0E-6 iter=2 id=10048 sensor=4.99995000025 ref=1.9086166656465 rail=3.817252417459657 before=BROWNOUT/false after=BROWNOUT/false output=0.0->0.0
RAIL t=0.031850000000004 dt=5.0E-6 iter=3 vin=4.613362119104504 vout=3.8172524173955757 enable=4.567685266442193 target=3.8133621191045046 drop=-0.003890298291071126 requested=-0.003890298291071126 delivered=-3.890298291071126E-9 g=1.0E-6 dtarget_dvin=1.0 dtarget_den=0.0 iin=9.99996109701709E-4 diin_dvin=1.0E-6 diin_dvout=-1.0E-6 diin_den=0.0
DECISION t=0.031850000000004 dt=5.0E-6 iter=3 id=9792 sensor=4.99995000025 ref=1.9086166656144603 rail=3.8172524173955757 before=BROWNOUT/false after=BROWNOUT/false output=0.0->0.0
DECISION t=0.031850000000004 dt=5.0E-6 iter=3 id=10048 sensor=4.99995000025 ref=1.9086166656144603 rail=3.8172524173955757 before=BROWNOUT/false after=BROWNOUT/false output=0.0->0.0
RAIL t=0.031855000000004 dt=5.0E-6 iter=0 vin=4.613362119104504 vout=3.8172524173955757 enable=4.567685266442193 target=3.8133621191045046 drop=-0.003890298291071126 requested=-0.003890298291071126 delivered=-3.890298291071126E-9 g=1.0E-6 dtarget_dvin=1.0 dtarget_den=0.0 iin=9.99996109701709E-4 diin_dvin=1.0E-6 diin_dvout=-1.0E-6 diin_den=0.0
DECISION t=0.031855000000004 dt=5.0E-6 iter=0 id=9792 sensor=4.99995000025 ref=1.9086166656144603 rail=3.8172524173955757 before=BROWNOUT/false after=BROWNOUT/false output=0.0->0.0
DECISION t=0.031855000000004 dt=5.0E-6 iter=0 id=10048 sensor=4.99995000025 ref=1.9086166656144603 rail=3.8172524173955757 before=BROWNOUT/false after=BROWNOUT/false output=0.0->0.0
SETTER t=0.031855000000004 dt=5.0E-6 iter=1 element=LimitedDcSupplyElm
RAIL t=0.031855000000004 dt=5.0E-6 iter=1 vin=4.613589018304609 vout=3.8118772410416035 enable=4.567909919108396 target=3.813589018304609 drop=0.0017117772630053096 requested=0.0017117772630053096 delivered=0.017117772630053096 g=10.0 dtarget_dvin=1.0 dtarget_den=0.0 iin=0.018117772630053097 diin_dvin=10.0 diin_dvout=-10.0 diin_den=0.0
DECISION t=0.031855000000004 dt=5.0E-6 iter=1 id=9792 sensor=4.99995000025 ref=1.9059290908753477 rail=3.8118772410416035 before=BROWNOUT/false after=BROWNOUT/false output=0.0->0.0
DECISION t=0.031855000000004 dt=5.0E-6 iter=1 id=10048 sensor=4.99995000025 ref=1.9059290908753477 rail=3.8118772410416035 before=BROWNOUT/false after=BROWNOUT/false output=0.0->0.0
SETTER t=0.031855000000004 dt=5.0E-6 iter=2 element=LimitedDcSupplyElm
RAIL t=0.031855000000004 dt=5.0E-6 iter=2 vin=4.613521773562659 vout=3.813458462726996 enable=4.56784334016105 target=3.813521773562659 drop=6.331083566291085E-5 requested=6.331083566291085E-5 delivered=6.331083566291085E-4 g=10.0 dtarget_dvin=1.0 dtarget_den=0.0 iin=0.0016331083566291085 diin_dvin=10.0 diin_dvout=-10.0 diin_den=0.0
DECISION t=0.031855000000004 dt=5.0E-6 iter=2 id=9792 sensor=4.99995000025 ref=1.9067196977650096 rail=3.813458462726996 before=BROWNOUT/false after=BROWNOUT/false output=0.0->0.0
DECISION t=0.031855000000004 dt=5.0E-6 iter=2 id=10048 sensor=4.99995000025 ref=1.9067196977650098 rail=3.813458462726996 before=BROWNOUT/false after=BROWNOUT/false output=0.0->0.0
RAIL t=0.031855000000004 dt=5.0E-6 iter=3 vin=4.613521773706175 vout=3.8134584628646575 enable=4.567843340303144 target=3.8135217737061753 drop=6.331084151778299E-5 requested=6.331084151778299E-5 delivered=6.331084151778299E-4 g=10.0 dtarget_dvin=1.0 dtarget_den=0.0 iin=0.00163310841517783 diin_dvin=10.0 diin_dvout=-10.0 diin_den=0.0
DECISION t=0.031855000000004 dt=5.0E-6 iter=3 id=9792 sensor=4.99995000025 ref=1.9067196978338397 rail=3.8134584628646575 before=BROWNOUT/false after=BROWNOUT/false output=0.0->0.0
DECISION t=0.031855000000004 dt=5.0E-6 iter=3 id=10048 sensor=4.99995000025 ref=1.9067196978338397 rail=3.8134584628646575 before=BROWNOUT/false after=BROWNOUT/false output=0.0->0.0
RAIL t=0.031860000000003996 dt=5.0E-6 iter=0 vin=4.613521773706175 vout=3.8134584628646575 enable=4.567843340303144 target=3.8135217737061753 drop=6.331084151778299E-5 requested=6.331084151778299E-5 delivered=6.331084151778299E-4 g=10.0 dtarget_dvin=1.0 dtarget_den=0.0 iin=0.00163310841517783 diin_dvin=10.0 diin_dvout=-10.0 diin_den=0.0
DECISION t=0.031860000000003996 dt=5.0E-6 iter=0 id=9792 sensor=4.99995000025 ref=1.9067196978338397 rail=3.8134584628646575 before=BROWNOUT/false after=BROWNOUT/false output=0.0->0.0
DECISION t=0.031860000000003996 dt=5.0E-6 iter=0 id=10048 sensor=4.99995000025 ref=1.9067196978338397 rail=3.8134584628646575 before=BROWNOUT/false after=BROWNOUT/false output=0.0->0.0
SETTER t=0.031860000000003996 dt=5.0E-6 iter=1 element=LimitedDcSupplyElm
RAIL t=0.031860000000003996 dt=5.0E-6 iter=1 vin=4.613435266293055 vout=3.813290386389652 enable=4.567757689399065 target=3.8134352662930553 drop=1.4487990340317225E-4 requested=1.4487990340317225E-4 delivered=0.0014487990340317225 g=10.0 dtarget_dvin=1.0 dtarget_den=0.0 iin=0.0024487990340317225 diin_dvin=10.0 diin_dvout=-10.0 diin_den=0.0
DECISION t=0.031860000000003996 dt=5.0E-6 iter=1 id=9792 sensor=4.99995000025 ref=1.9066356600165262 rail=3.813290386389652 before=BROWNOUT/false after=BROWNOUT/false output=0.0->0.0
DECISION t=0.031860000000003996 dt=5.0E-6 iter=1 id=10048 sensor=4.99995000025 ref=1.906635660016526 rail=3.813290386389652 before=BROWNOUT/false after=BROWNOUT/false output=0.0->0.0
SETTER t=0.031860000000003996 dt=5.0E-6 iter=2 element=LimitedDcSupplyElm
RAIL t=0.031860000000003996 dt=5.0E-6 iter=2 vin=4.613437606751727 vout=3.813292636746048 enable=4.567760006684877 target=3.8134376067517275 drop=1.4497000567947893E-4 requested=1.4497000567947893E-4 delivered=0.0014497000567947893 g=10.0 dtarget_dvin=1.0 dtarget_den=0.0 iin=0.0024497000567947893 diin_dvin=10.0 diin_dvout=-10.0 diin_den=0.0
DECISION t=0.031860000000003996 dt=5.0E-6 iter=2 id=9792 sensor=4.99995000025 ref=1.9066367851890975 rail=3.813292636746048 before=BROWNOUT/false after=BROWNOUT/false output=0.0->0.0
DECISION t=0.031860000000003996 dt=5.0E-6 iter=2 id=10048 sensor=4.99995000025 ref=1.9066367851890977 rail=3.813292636746048 before=BROWNOUT/false after=BROWNOUT/false output=0.0->0.0
RAIL t=0.031860000000003996 dt=5.0E-6 iter=3 vin=4.613437606905157 vout=3.8132926368935705 enable=4.567760006836789 target=3.8134376069051568 drop=1.449700115863095E-4 requested=1.449700115863095E-4 delivered=0.001449700115863095 g=10.0 dtarget_dvin=1.0 dtarget_den=0.0 iin=0.002449700115863095 diin_dvin=10.0 diin_dvout=-10.0 diin_den=0.0
DECISION t=0.031860000000003996 dt=5.0E-6 iter=3 id=9792 sensor=4.99995000025 ref=1.9066367852628585 rail=3.8132926368935705 before=BROWNOUT/false after=BROWNOUT/false output=0.0->0.0
DECISION t=0.031860000000003996 dt=5.0E-6 iter=3 id=10048 sensor=4.99995000025 ref=1.9066367852628585 rail=3.8132926368935705 before=BROWNOUT/false after=BROWNOUT/false output=0.0->0.0
RAIL t=0.031865000000003994 dt=5.0E-6 iter=0 vin=4.613437606905157 vout=3.8132926368935705 enable=4.567760006836789 target=3.8134376069051568 drop=1.449700115863095E-4 requested=1.449700115863095E-4 delivered=0.001449700115863095 g=10.0 dtarget_dvin=1.0 dtarget_den=0.0 iin=0.002449700115863095 diin_dvin=10.0 diin_dvout=-10.0 diin_den=0.0
DECISION t=0.031865000000003994 dt=5.0E-6 iter=0 id=9792 sensor=4.99995000025 ref=1.9066367852628585 rail=3.8132926368935705 before=BROWNOUT/false after=BROWNOUT/false output=0.0->0.0
DECISION t=0.031865000000003994 dt=5.0E-6 iter=0 id=10048 sensor=4.99995000025 ref=1.9066367852628585 rail=3.8132926368935705 before=BROWNOUT/false after=BROWNOUT/false output=0.0->0.0
SETTER t=0.031865000000003994 dt=5.0E-6 iter=1 element=LimitedDcSupplyElm
RAIL t=0.031865000000003994 dt=5.0E-6 iter=1 vin=4.613292367080823 vout=3.813225132494926 enable=4.56761620503052 target=3.813292367080823 drop=6.723458589741327E-5 requested=6.723458589741327E-5 delivered=6.723458589741327E-4 g=10.0 dtarget_dvin=1.0 dtarget_den=0.0 iin=0.0016723458589741327 diin_dvin=10.0 diin_dvout=-10.0 diin_den=0.0
DECISION t=0.031865000000003994 dt=5.0E-6 iter=1 id=9792 sensor=4.99995000025 ref=1.9066030332322965 rail=3.813225132494926 before=BROWNOUT/false after=BROWNOUT/false output=0.0->0.0
DECISION t=0.031865000000003994 dt=5.0E-6 iter=1 id=10048 sensor=4.99995000025 ref=1.9066030332322972 rail=3.813225132494926 before=BROWNOUT/false after=BROWNOUT/false output=0.0->0.0
SETTER t=0.031865000000003994 dt=5.0E-6 iter=2 element=LimitedDcSupplyElm
RAIL t=0.031865000000003994 dt=5.0E-6 iter=2 vin=4.613293839414636 vout=3.813226548147267 enable=4.567617662786769 target=3.8132938394146363 drop=6.729126736937374E-5 requested=6.729126736937374E-5 delivered=6.729126736937374E-4 g=10.0 dtarget_dvin=1.0 dtarget_den=0.0 iin=0.0016729126736937374 diin_dvin=10.0 diin_dvout=-10.0 diin_den=0.0
DECISION t=0.031865000000003994 dt=5.0E-6 iter=2 id=9792 sensor=4.99995000025 ref=1.906603741054928 rail=3.813226548147267 before=BROWNOUT/false after=BROWNOUT/false output=0.0->0.0
DECISION t=0.031865000000003994 dt=5.0E-6 iter=2 id=10048 sensor=4.99995000025 ref=1.906603741054928 rail=3.813226548147267 before=BROWNOUT/false after=BROWNOUT/false output=0.0->0.0
RAIL t=0.031865000000003994 dt=5.0E-6 iter=3 vin=4.613293839467931 vout=3.8132265481985095 enable=4.5676176628395355 target=3.8132938394679314 drop=6.729126942195407E-5 requested=6.729126942195407E-5 delivered=6.729126942195407E-4 g=10.0 dtarget_dvin=1.0 dtarget_den=0.0 iin=0.0016729126942195407 diin_dvin=10.0 diin_dvout=-10.0 diin_den=0.0
DECISION t=0.031865000000003994 dt=5.0E-6 iter=3 id=9792 sensor=4.99995000025 ref=1.906603741080549 rail=3.8132265481985095 before=BROWNOUT/false after=BROWNOUT/false output=0.0->0.0
DECISION t=0.031865000000003994 dt=5.0E-6 iter=3 id=10048 sensor=4.99995000025 ref=1.9066037410805483 rail=3.8132265481985095 before=BROWNOUT/false after=BROWNOUT/false output=0.0->0.0
RAIL t=0.03187000000000399 dt=5.0E-6 iter=0 vin=4.613293839467931 vout=3.8132265481985095 enable=4.5676176628395355 target=3.8132938394679314 drop=6.729126942195407E-5 requested=6.729126942195407E-5 delivered=6.729126942195407E-4 g=10.0 dtarget_dvin=1.0 dtarget_den=0.0 iin=0.0016729126942195407 diin_dvin=10.0 diin_dvout=-10.0 diin_den=0.0
DECISION t=0.03187000000000399 dt=5.0E-6 iter=0 id=9792 sensor=4.99995000025 ref=1.906603741080549 rail=3.8132265481985095 before=BROWNOUT/false after=BROWNOUT/false output=0.0->0.0
DECISION t=0.03187000000000399 dt=5.0E-6 iter=0 id=10048 sensor=4.99995000025 ref=1.9066037410805483 rail=3.8132265481985095 before=BROWNOUT/false after=BROWNOUT/false output=0.0->0.0
SETTER t=0.03187000000000399 dt=5.0E-6 iter=1 element=LimitedDcSupplyElm
RAIL t=0.03187000000000399 dt=5.0E-6 iter=1 vin=4.613116374809404 vout=3.8129786879296543 enable=4.567441955256835 target=3.813116374809404 drop=1.3768687974957672E-4 requested=1.3768687974957672E-4 delivered=0.0013768687974957672 g=10.0 dtarget_dvin=1.0 dtarget_den=0.0 iin=0.002376868797495767 diin_dvin=10.0 diin_dvout=-10.0 diin_den=0.0
DECISION t=0.03187000000000399 dt=5.0E-6 iter=1 id=9792 sensor=4.99995000025 ref=1.9064798115657686 rail=3.8129786879296543 before=BROWNOUT/false after=BROWNOUT/false output=0.0->0.0
DECISION t=0.03187000000000399 dt=5.0E-6 iter=1 id=10048 sensor=4.99995000025 ref=1.9064798115657688 rail=3.8129786879296543 before=BROWNOUT/false after=BROWNOUT/false output=0.0->0.0
SETTER t=0.03187000000000399 dt=5.0E-6 iter=2 element=LimitedDcSupplyElm
RAIL t=0.03187000000000399 dt=5.0E-6 iter=2 vin=4.613117362538382 vout=3.8129796376332736 enable=4.567442933206319 target=3.8131173625383825 drop=1.3772490510888247E-4 requested=1.3772490510888247E-4 delivered=0.0013772490510888247 g=10.0 dtarget_dvin=1.0 dtarget_den=0.0 iin=0.0023772490510888247 diin_dvin=10.0 diin_dvout=-10.0 diin_den=0.0
DECISION t=0.03187000000000399 dt=5.0E-6 iter=2 id=9792 sensor=4.99995000025 ref=1.9064802864152044 rail=3.8129796376332736 before=BROWNOUT/false after=BROWNOUT/false output=0.0->0.0
DECISION t=0.03187000000000399 dt=5.0E-6 iter=2 id=10048 sensor=4.99995000025 ref=1.9064802864152044 rail=3.8129796376332736 before=BROWNOUT/false after=BROWNOUT/false output=0.0->0.0
RAIL t=0.03187000000000399 dt=5.0E-6 iter=3 vin=4.613117362559766 vout=3.8129796376538345 enable=4.5674429332274915 target=3.8131173625597663 drop=1.3772490593177977E-4 requested=1.3772490593177977E-4 delivered=0.0013772490593177977 g=10.0 dtarget_dvin=1.0 dtarget_den=0.0 iin=0.0023772490593177978 diin_dvin=10.0 diin_dvout=-10.0 diin_den=0.0
DECISION t=0.03187000000000399 dt=5.0E-6 iter=3 id=9792 sensor=4.99995000025 ref=1.9064802864254855 rail=3.8129796376538345 before=BROWNOUT/false after=BROWNOUT/false output=0.0->0.0
DECISION t=0.03187000000000399 dt=5.0E-6 iter=3 id=10048 sensor=4.99995000025 ref=1.9064802864254853 rail=3.8129796376538345 before=BROWNOUT/false after=BROWNOUT/false output=0.0->0.0
RAIL t=0.03187500000000399 dt=5.0E-6 iter=0 vin=4.613117362559766 vout=3.8129796376538345 enable=4.5674429332274915 target=3.8131173625597663 drop=1.3772490593177977E-4 requested=1.3772490593177977E-4 delivered=0.0013772490593177977 g=10.0 dtarget_dvin=1.0 dtarget_den=0.0 iin=0.0023772490593177978 diin_dvin=10.0 diin_dvout=-10.0 diin_den=0.0
DECISION t=0.03187500000000399 dt=5.0E-6 iter=0 id=9792 sensor=4.99995000025 ref=1.9064802864254855 rail=3.8129796376538345 before=BROWNOUT/false after=BROWNOUT/false output=0.0->0.0
DECISION t=0.03187500000000399 dt=5.0E-6 iter=0 id=10048 sensor=4.99995000025 ref=1.9064802864254853 rail=3.8129796376538345 before=BROWNOUT/false after=BROWNOUT/false output=0.0->0.0
SETTER t=0.03187500000000399 dt=5.0E-6 iter=1 element=LimitedDcSupplyElm
RAIL t=0.03187500000000399 dt=5.0E-6 iter=1 vin=4.612903995285638 vout=3.812832719702775 enable=4.567231678500632 target=3.8129039952856383 drop=7.127558286335045E-5 requested=7.127558286335045E-5 delivered=7.127558286335045E-4 g=10.0 dtarget_dvin=1.0 dtarget_den=0.0 iin=0.0017127558286335045 diin_dvin=10.0 diin_dvout=-10.0 diin_den=0.0
DECISION t=0.03187500000000399 dt=5.0E-6 iter=1 id=9792 sensor=4.99995000025 ref=1.9064068278172481 rail=3.812832719702775 before=BROWNOUT/false after=BROWNOUT/false output=0.0->0.0
DECISION t=0.03187500000000399 dt=5.0E-6 iter=1 id=10048 sensor=4.99995000025 ref=1.9064068278172486 rail=3.812832719702775 before=BROWNOUT/false after=BROWNOUT/false output=0.0->0.0
SETTER t=0.03187500000000399 dt=5.0E-6 iter=2 element=LimitedDcSupplyElm
RAIL t=0.03187500000000399 dt=5.0E-6 iter=2 vin=4.612904686544524 vout=3.8128333843497337 enable=4.567232362915371 target=3.812904686544524 drop=7.130219479023481E-5 requested=7.130219479023481E-5 delivered=7.130219479023481E-4 g=10.0 dtarget_dvin=1.0 dtarget_den=0.0 iin=0.001713021947902348 diin_dvin=10.0 diin_dvout=-10.0 diin_den=0.0
DECISION t=0.03187500000000399 dt=5.0E-6 iter=2 id=9792 sensor=4.99995000025 ref=1.9064071601390662 rail=3.8128333843497337 before=BROWNOUT/false after=BROWNOUT/false output=0.0->0.0
DECISION t=0.03187500000000399 dt=5.0E-6 iter=2 id=10048 sensor=4.99995000025 ref=1.906407160139066 rail=3.8128333843497337 before=BROWNOUT/false after=BROWNOUT/false output=0.0->0.0
RAIL t=0.03187500000000399 dt=5.0E-6 iter=3 vin=4.6129046865539785 vout=3.812833384358824 enable=4.567232362924732 target=3.8129046865539786 drop=7.130219515483205E-5 requested=7.130219515483205E-5 delivered=7.130219515483205E-4 g=10.0 dtarget_dvin=1.0 dtarget_den=0.0 iin=0.0017130219515483205 diin_dvin=10.0 diin_dvout=-10.0 diin_den=0.0
DECISION t=0.03187500000000399 dt=5.0E-6 iter=3 id=9792 sensor=4.99995000025 ref=1.9064071601436117 rail=3.812833384358824 before=BROWNOUT/false after=BROWNOUT/false output=0.0->0.0
DECISION t=0.03187500000000399 dt=5.0E-6 iter=3 id=10048 sensor=4.99995000025 ref=1.9064071601436117 rail=3.812833384358824 before=BROWNOUT/false after=BROWNOUT/false output=0.0->0.0
RAIL t=0.03188000000000399 dt=5.0E-6 iter=0 vin=4.6129046865539785 vout=3.812833384358824 enable=4.567232362924732 target=3.8129046865539786 drop=7.130219515483205E-5 requested=7.130219515483205E-5 delivered=7.130219515483205E-4 g=10.0 dtarget_dvin=1.0 dtarget_den=0.0 iin=0.0017130219515483205 diin_dvin=10.0 diin_dvout=-10.0 diin_den=0.0
DECISION t=0.03188000000000399 dt=5.0E-6 iter=0 id=9792 sensor=4.99995000025 ref=1.9064071601436117 rail=3.812833384358824 before=BROWNOUT/false after=BROWNOUT/false output=0.0->0.0
DECISION t=0.03188000000000399 dt=5.0E-6 iter=0 id=10048 sensor=4.99995000025 ref=1.9064071601436117 rail=3.812833384358824 before=BROWNOUT/false after=BROWNOUT/false output=0.0->0.0
SETTER t=0.03188000000000399 dt=5.0E-6 iter=1 element=LimitedDcSupplyElm
RAIL t=0.03188000000000399 dt=5.0E-6 iter=1 vin=4.612672959126217 vout=3.812541092885103 enable=4.567002929827939 target=3.8126729591262176 drop=1.3186624111449774E-4 requested=1.3186624111449774E-4 delivered=0.0013186624111449774 g=10.0 dtarget_dvin=1.0 dtarget_den=0.0 iin=0.0023186624111449774 diin_dvin=10.0 diin_dvout=-10.0 diin_den=0.0
DECISION t=0.03188000000000399 dt=5.0E-6 iter=1 id=9792 sensor=4.99995000025 ref=1.9062610151374753 rail=3.812541092885103 before=BROWNOUT/false after=BROWNOUT/false output=0.0->0.0
DECISION t=0.03188000000000399 dt=5.0E-6 iter=1 id=10048 sensor=4.99995000025 ref=1.9062610151374757 rail=3.812541092885103 before=BROWNOUT/false after=BROWNOUT/false output=0.0->0.0
SETTER t=0.03188000000000399 dt=5.0E-6 iter=2 element=LimitedDcSupplyElm
RAIL t=0.03188000000000399 dt=5.0E-6 iter=2 vin=4.6126734630746435 vout=3.8125415774325773 enable=4.567003428786775 target=3.8126734630746437 drop=1.318856420664538E-4 requested=1.318856420664538E-4 delivered=0.0013188564206645381 g=10.0 dtarget_dvin=1.0 dtarget_den=0.0 iin=0.002318856420664538 diin_dvin=10.0 diin_dvout=-10.0 diin_den=0.0
DECISION t=0.03188000000000399 dt=5.0E-6 iter=2 id=9792 sensor=4.99995000025 ref=1.906261257410001 rail=3.8125415774325773 before=BROWNOUT/false after=BROWNOUT/false output=0.0->0.0
DECISION t=0.03188000000000399 dt=5.0E-6 iter=2 id=10048 sensor=4.99995000025 ref=1.906261257410001 rail=3.8125415774325773 before=BROWNOUT/false after=BROWNOUT/false output=0.0->0.0
RAIL t=0.03188000000000399 dt=5.0E-6 iter=3 vin=4.612673463079225 vout=3.8125415774369835 enable=4.567003428791312 target=3.812673463079225 drop=1.3188564224142496E-4 requested=1.3188564224142496E-4 delivered=0.0013188564224142496 g=10.0 dtarget_dvin=1.0 dtarget_den=0.0 iin=0.0023188564224142496 diin_dvin=10.0 diin_dvout=-10.0 diin_den=0.0
DECISION t=0.03188000000000399 dt=5.0E-6 iter=3 id=9792 sensor=4.99995000025 ref=1.9062612574122046 rail=3.8125415774369835 before=BROWNOUT/false after=BROWNOUT/false output=0.0->0.0
DECISION t=0.03188000000000399 dt=5.0E-6 iter=3 id=10048 sensor=4.99995000025 ref=1.9062612574122049 rail=3.8125415774369835 before=BROWNOUT/false after=BROWNOUT/false output=0.0->0.0
RAIL t=0.03188500000000399 dt=5.0E-6 iter=0 vin=4.612673463079225 vout=3.8125415774369835 enable=4.567003428791312 target=3.812673463079225 drop=1.3188564224142496E-4 requested=1.3188564224142496E-4 delivered=0.0013188564224142496 g=10.0 dtarget_dvin=1.0 dtarget_den=0.0 iin=0.0023188564224142496 diin_dvin=10.0 diin_dvout=-10.0 diin_den=0.0
DECISION t=0.03188500000000399 dt=5.0E-6 iter=0 id=9792 sensor=4.99995000025 ref=1.9062612574122046 rail=3.8125415774369835 before=BROWNOUT/false after=BROWNOUT/false output=0.0->0.0
DECISION t=0.03188500000000399 dt=5.0E-6 iter=0 id=10048 sensor=4.99995000025 ref=1.9062612574122049 rail=3.8125415774369835 before=BROWNOUT/false after=BROWNOUT/false output=0.0->0.0
SETTER t=0.03188500000000399 dt=5.0E-6 iter=1 element=LimitedDcSupplyElm
RAIL t=0.03188500000000399 dt=5.0E-6 iter=1 vin=4.612417145920185 vout=3.8123421670591546 enable=4.566749649425927 target=3.812417145920185 drop=7.497886103058349E-5 requested=7.497886103058349E-5 delivered=7.497886103058349E-4 g=10.0 dtarget_dvin=1.0 dtarget_den=0.0 iin=0.001749788610305835 diin_dvin=10.0 diin_dvout=-10.0 diin_den=0.0
DECISION t=0.03188500000000399 dt=5.0E-6 iter=1 id=9792 sensor=4.99995000025 ref=1.9061615527218139 rail=3.8123421670591546 before=BROWNOUT/false after=BROWNOUT/false output=0.0->0.0
DECISION t=0.03188500000000399 dt=5.0E-6 iter=1 id=10048 sensor=4.99995000025 ref=1.9061615527218136 rail=3.8123421670591546 before=BROWNOUT/false after=BROWNOUT/false output=0.0->0.0
SETTER t=0.03188500000000399 dt=5.0E-6 iter=2 element=LimitedDcSupplyElm
RAIL t=0.03188500000000399 dt=5.0E-6 iter=2 vin=4.61241752274049 vout=3.8123425293726716 enable=4.566750022515336 target=3.81241752274049 drop=7.499336781835453E-5 requested=7.499336781835453E-5 delivered=7.499336781835453E-4 g=10.0 dtarget_dvin=1.0 dtarget_den=0.0 iin=0.0017499336781835453 diin_dvin=10.0 diin_dvout=-10.0 diin_den=0.0
DECISION t=0.03188500000000399 dt=5.0E-6 iter=2 id=9792 sensor=4.99995000025 ref=1.9061617338776664 rail=3.8123425293726716 before=BROWNOUT/false after=BROWNOUT/false output=0.0->0.0
DECISION t=0.03188500000000399 dt=5.0E-6 iter=2 id=10048 sensor=4.99995000025 ref=1.9061617338776664 rail=3.8123425293726716 before=BROWNOUT/false after=BROWNOUT/false output=0.0->0.0
RAIL t=0.03188500000000399 dt=5.0E-6 iter=3 vin=4.612417522742846 vout=3.812342529374936 enable=4.5667500225176685 target=3.8124175227428463 drop=7.4993367910281E-5 requested=7.4993367910281E-5 delivered=7.4993367910281E-4 g=10.0 dtarget_dvin=1.0 dtarget_den=0.0 iin=0.00174993367910281 diin_dvin=10.0 diin_dvout=-10.0 diin_den=0.0
DECISION t=0.03188500000000399 dt=5.0E-6 iter=3 id=9792 sensor=4.99995000025 ref=1.9061617338787988 rail=3.812342529374936 before=BROWNOUT/false after=BROWNOUT/false output=0.0->0.0
DECISION t=0.03188500000000399 dt=5.0E-6 iter=3 id=10048 sensor=4.99995000025 ref=1.9061617338787986 rail=3.812342529374936 before=BROWNOUT/false after=BROWNOUT/false output=0.0->0.0
RAIL t=0.031890000000003985 dt=5.0E-6 iter=0 vin=4.612417522742846 vout=3.812342529374936 enable=4.5667500225176685 target=3.8124175227428463 drop=7.4993367910281E-5 requested=7.4993367910281E-5 delivered=7.4993367910281E-4 g=10.0 dtarget_dvin=1.0 dtarget_den=0.0 iin=0.00174993367910281 diin_dvin=10.0 diin_dvout=-10.0 diin_den=0.0
DECISION t=0.031890000000003985 dt=5.0E-6 iter=0 id=9792 sensor=4.99995000025 ref=1.9061617338787988 rail=3.812342529374936 before=BROWNOUT/false after=BROWNOUT/false output=0.0->0.0
DECISION t=0.031890000000003985 dt=5.0E-6 iter=0 id=10048 sensor=4.99995000025 ref=1.9061617338787986 rail=3.812342529374936 before=BROWNOUT/false after=BROWNOUT/false output=0.0->0.0
SETTER t=0.031890000000003985 dt=5.0E-6 iter=1 element=LimitedDcSupplyElm
RAIL t=0.031890000000003985 dt=5.0E-6 iter=1 vin=4.612149749567664 vout=3.8120227148596837 enable=4.5664849005620445 target=3.8121497495676646 drop=1.2703470798092198E-4 requested=1.2703470798092198E-4 delivered=0.0012703470798092198 g=10.0 dtarget_dvin=1.0 dtarget_den=0.0 iin=0.00227034707980922 diin_dvin=10.0 diin_dvout=-10.0 diin_den=0.0
DECISION t=0.031890000000003985 dt=5.0E-6 iter=1 id=9792 sensor=4.99995000025 ref=1.906001827420705 rail=3.8120227148596837 before=BROWNOUT/false after=BROWNOUT/false output=0.0->0.0
DECISION t=0.031890000000003985 dt=5.0E-6 iter=1 id=10048 sensor=4.99995000025 ref=1.9060018274207051 rail=3.8120227148596837 before=BROWNOUT/false after=BROWNOUT/false output=0.0->0.0
SETTER t=0.031890000000003985 dt=5.0E-6 iter=2 element=LimitedDcSupplyElm
RAIL t=0.031890000000003985 dt=5.0E-6 iter=2 vin=4.612150039631281 vout=3.8120229937564076 enable=4.566485187753744 target=3.8121500396312813 drop=1.270458748736658E-4 requested=1.270458748736658E-4 delivered=0.001270458748736658 g=10.0 dtarget_dvin=1.0 dtarget_den=0.0 iin=0.002270458748736658 diin_dvin=10.0 diin_dvout=-10.0 diin_den=0.0
DECISION t=0.031890000000003985 dt=5.0E-6 iter=2 id=9792 sensor=4.99995000025 ref=1.9060019668683696 rail=3.8120229937564076 before=BROWNOUT/false after=BROWNOUT/false output=0.0->0.0
DECISION t=0.031890000000003985 dt=5.0E-6 iter=2 id=10048 sensor=4.99995000025 ref=1.9060019668683696 rail=3.8120229937564076 before=BROWNOUT/false after=BROWNOUT/false output=0.0->0.0
RAIL t=0.031890000000003985 dt=5.0E-6 iter=3 vin=4.6121500396325725 vout=3.812022993757649 enable=4.566485187755023 target=3.8121500396325727 drop=1.270458749238479E-4 requested=1.270458749238479E-4 delivered=0.001270458749238479 g=10.0 dtarget_dvin=1.0 dtarget_den=0.0 iin=0.002270458749238479 diin_dvin=10.0 diin_dvout=-10.0 diin_den=0.0
DECISION t=0.031890000000003985 dt=5.0E-6 iter=3 id=9792 sensor=4.99995000025 ref=1.9060019668689905 rail=3.812022993757649 before=BROWNOUT/false after=BROWNOUT/false output=0.0->0.0
DECISION t=0.031890000000003985 dt=5.0E-6 iter=3 id=10048 sensor=4.99995000025 ref=1.90600196686899 rail=3.812022993757649 before=BROWNOUT/false after=BROWNOUT/false output=0.0->0.0
RAIL t=0.03189500000000398 dt=5.0E-6 iter=0 vin=4.6121500396325725 vout=3.812022993757649 enable=4.566485187755023 target=3.8121500396325727 drop=1.270458749238479E-4 requested=1.270458749238479E-4 delivered=0.001270458749238479 g=10.0 dtarget_dvin=1.0 dtarget_den=0.0 iin=0.002270458749238479 diin_dvin=10.0 diin_dvout=-10.0 diin_den=0.0
DECISION t=0.03189500000000398 dt=5.0E-6 iter=0 id=9792 sensor=4.99995000025 ref=1.9060019668689905 rail=3.812022993757649 before=BROWNOUT/false after=BROWNOUT/false output=0.0->0.0
DECISION t=0.03189500000000398 dt=5.0E-6 iter=0 id=10048 sensor=4.99995000025 ref=1.90600196686899 rail=3.812022993757649 before=BROWNOUT/false after=BROWNOUT/false output=0.0->0.0
SETTER t=0.03189500000000398 dt=5.0E-6 iter=1 element=LimitedDcSupplyElm
RAIL t=0.03189500000000398 dt=5.0E-6 iter=1 vin=4.611864214709589 vout=3.8117859436706136 enable=4.5662021927817715 target=3.8118642147095896 drop=7.827103897595222E-5 requested=7.827103897595222E-5 delivered=7.827103897595222E-4 g=10.0 dtarget_dvin=1.0 dtarget_den=0.0 iin=0.0017827103897595223 diin_dvin=10.0 diin_dvout=-10.0 diin_den=0.0
DECISION t=0.03189500000000398 dt=5.0E-6 iter=1 id=9792 sensor=4.99995000025 ref=1.9058834424180946 rail=3.8117859436706136 before=BROWNOUT/false after=BROWNOUT/false output=0.0->0.0
DECISION t=0.03189500000000398 dt=5.0E-6 iter=1 id=10048 sensor=4.99995000025 ref=1.9058834424180948 rail=3.8117859436706136 before=BROWNOUT/false after=BROWNOUT/false output=0.0->0.0
SETTER t=0.03189500000000398 dt=5.0E-6 iter=2 element=LimitedDcSupplyElm
RAIL t=0.03189500000000398 dt=5.0E-6 iter=2 vin=4.611864441621214 vout=3.811786161846573 enable=4.566202417446746 target=3.811864441621214 drop=7.827977464103242E-5 requested=7.827977464103242E-5 delivered=7.827977464103242E-4 g=10.0 dtarget_dvin=1.0 dtarget_den=0.0 iin=0.0017827977464103242 diin_dvin=10.0 diin_dvout=-10.0 diin_den=0.0
DECISION t=0.03189500000000398 dt=5.0E-6 iter=2 id=9792 sensor=4.99995000025 ref=1.9058835515055288 rail=3.811786161846573 before=BROWNOUT/false after=BROWNOUT/false output=0.0->0.0
DECISION t=0.03189500000000398 dt=5.0E-6 iter=2 id=10048 sensor=4.99995000025 ref=1.905883551505529 rail=3.811786161846573 before=BROWNOUT/false after=BROWNOUT/false output=0.0->0.0
RAIL t=0.03189500000000398 dt=5.0E-6 iter=3 vin=4.611864441621952 vout=3.8117861618472832 enable=4.566202417447477 target=3.8118644416219523 drop=7.827977466901004E-5 requested=7.827977466901004E-5 delivered=7.827977466901004E-4 g=10.0 dtarget_dvin=1.0 dtarget_den=0.0 iin=0.0017827977466901004 diin_dvin=10.0 diin_dvout=-10.0 diin_den=0.0
DECISION t=0.03189500000000398 dt=5.0E-6 iter=3 id=9792 sensor=4.99995000025 ref=1.9058835515058838 rail=3.8117861618472832 before=BROWNOUT/false after=BROWNOUT/false output=0.0->0.0
DECISION t=0.03189500000000398 dt=5.0E-6 iter=3 id=10048 sensor=4.99995000025 ref=1.905883551505884 rail=3.8117861618472832 before=BROWNOUT/false after=BROWNOUT/false output=0.0->0.0
Q30_WHOLE_BOARD warm-main-4v rail=2.56691004680538 outA=2.159999614209046E-6 outB=2.159999610738443E-6 coilA=1.97101961596637E-7 coilB=5.333763567813206E-12 regulatorInputAmps=0.0015966815205654234
node 11 unconnected
converged after 18 iterations, timeStep = 5.0E-6
converged after 6 iterations, timeStep = 5.0E-6
converged after 20 iterations, timeStep = 5.0E-6
Q30_WHOLE_BOARD recovered-12v rail=4.991913766442958 outA=11.980033277870218 outB=11.980033277870218 coilA=0.03991591410935375 coilB=0.039408896125282776 regulatorInputAmps=0.08187344464464218
