node:internal/modules/run_main:107
    triggerUncaughtException(
    ^

AssertionError [ERR_ASSERTION]: zooming away must leave the meter at its dropped WORLD location
+ actual - expected

  {
+   x: 376.5,
+   y: 251.5
-   x: -184,
-   y: 110
  }

    at file:///<baseline-probe>/tests/contracts/bench_meter_contract.mjs:55:8
    at ModuleJob.run (node:internal/modules/esm/module_job:439:25)
    at async node:internal/modules/esm/loader:643:26
    at async asyncRunEntryPointWithESMLoader (node:internal/modules/run_main:101:5) {
  generatedMessage: false,
  code: 'ERR_ASSERTION',
  actual: { x: 376.5, y: 251.5 },
  expected: { x: -184, y: 110 },
  operator: 'deepStrictEqual',
  diff: 'simple'
}

Node.js v24.19.0
