JDK: javac 1.8.0_502
PASS: Task46 410 assertions, 36 negative cases; pure descriptor/constraints/named-stream corpus
PASS: Task44 9 groups, 247 assertions; no simulator dependency
PASS: Task45 202 assertions
PASS: current resistive assembly contracts 241 assertions
PASS: current controlled-indicator contracts 201 assertions
PASS: current switched-low-side compatibility 16 assertions
PASS: current value synthesis 188 assertions
PASS: A05 role providers 246 assertions
PASS: A06 power contracts assertions=140
PASS: A07 execution contracts assertions=38
PASS: A03IdentityContractTest assertions=30
PASS: A02CandidateContractTest
PASS: A02GeometryContractTest 32 assertions
PASS: A02ReplayContractTest assertions=148
PASS: ElectricalUnitPackageMapContractTest assertions=37
PASS: A04ConstructionContractTest assertions=592
PASS: A04PhysicalDeclarationContractTest assertions=5270
PASS: Task46 independent seed oracle 22 vectors; literal TSV/Java correspondence exact
PASS: current value synthesis oracle 9 seeds; bounded5/schema2 repeated-channel equations exact
PASS: A05 independent role selection oracle 6 seeds
PASS: A04 report contracts assertions=466
PASS: current contracts; 17 Java suites, independent seed/value/role oracles and report protocol.
CLEANUP: current JVM contract classes and task-owned scratch removed.
