Collected final reports with explicit GWT32 reuse and GWT33 Q15 provenance; strict readers still required.
Also retained the affected visual protocols, corrected exact A08 negative, and superseded failures.
PASS: alpha compiled corpus=38 malformed-canaries=38; human trials are separate
WARNING: The names of some imported commands from the module 'VerifierIsolation' include unapproved verbs that might
make them less discoverable. To find the commands with unapproved verbs, run the Import-Module command again with the
Verbose parameter. For a list of approved verbs, type Get-Verb.
PASS: Q15 eleven cases/four designs/three faults; forced cleanup; 22 reader negatives
{
  "status": "PASS",
  "attempts": 24,
  "cancellationMaxMs": 4,
  "first": {
    "p50Ms": 1083,
    "p95Ms": 2820,
    "worstMs": 2820
  },
  "immediateRepeat": {
    "p50Ms": 1094,
    "p95Ms": 2647,
    "worstMs": 2647
  }
}
PASS: Q15, A10, E03, A08, twenty-two Task41 routes, Task49 and negative report canaries.
WARNING: The names of some imported commands from the module 'VerifierIsolation' include unapproved verbs that might
make them less discoverable. To find the commands with unapproved verbs, run the Import-Module command again with the
Verbose parameter. For a list of approved verbs, type Get-Verb.
PASS: numerical service consequences, renderer identity/equality, actual forced failures, cleanup and malformed controls.
PASS: final33 maintained Alpha/Q15/A10/E03/A08/Task41/Task49/A07 readers, service/render controls and malformed canaries.
